# SignalP-4.1 euk predictions
>Ga01g00013.F1_CDS 
# Name=Ga01g00013.F1_CDS	Length=70
#		SignalP-noTM	SignalP-TM
# pos	aa	CS	SP	CS	SP	TM
1    	M	0.102	0.268	0.102	0.330	0.153
2    	G	0.104	0.232	0.104	0.285	0.165
3    	L	0.100	0.248	0.101	0.292	0.155
4    	A	0.104	0.253	0.104	0.269	0.162
5    	S	0.101	0.376	0.101	0.309	0.146
6    	I	0.103	0.355	0.103	0.267	0.119
7    	V	0.097	0.364	0.099	0.248	0.131
8    	H	0.105	0.265	0.104	0.254	0.125
9    	L	0.101	0.242	0.102	0.230	0.134
10   	Y	0.098	0.200	0.099	0.194	0.108
11   	V	0.099	0.197	0.101	0.268	0.118
12   	F	0.103	0.199	0.102	0.227	0.119
13   	P	0.098	0.183	0.099	0.185	0.122
14   	S	0.101	0.193	0.102	0.216	0.107
15   	T	0.101	0.214	0.102	0.211	0.105
16   	P	0.102	0.304	0.102	0.289	0.112
17   	Y	0.122	0.240	0.117	0.238	0.109
18   	E	0.104	0.137	0.104	0.166	0.113
19   	L	0.099	0.120	0.100	0.137	0.113
20   	M	0.103	0.148	0.102	0.142	0.109
21   	G	0.105	0.135	0.104	0.143	0.103
22   	D	0.251	0.108	0.180	0.108	0.104
23   	P	0.105	0.101	0.105	0.111	0.103
24   	I	0.108	0.101	0.106	0.110	0.104
25   	P	0.104	0.099	0.102	0.107	0.101
26   	E	0.098	0.099	0.101	0.100	0.106
27   	S	0.101	0.099	0.102	0.107	0.105
28   	V	0.104	0.098	0.103	0.098	0.107
29   	P	0.100	0.109	0.101	0.102	0.107
30   	I	0.108	0.101	0.106	0.100	0.103
31   	L	0.096	0.106	0.100	0.102	0.104
32   	G	0.105	0.098	0.105	0.092	0.104
33   	D	0.099	0.095	0.102	0.096	0.103
34   	Y	0.105	0.096	0.105	0.100	0.109
35   	A	0.100	0.090	0.101	0.094	0.105
36   	S	0.098	0.099	0.099	0.102	0.111
37   	V	0.105	0.093	0.104	0.098	0.108
38   	D	0.098	0.089	0.099	0.100	0.106
39   	C	0.100	0.094	0.102	0.098	0.103
40   	P	0.099	0.089	0.100	0.097	0.103
41   	L	0.097	0.099	0.099	0.104	0.110
42   	D	0.102	0.096	0.103	0.103	0.111
43   	P	0.100	0.101	0.101	0.104	0.108
44   	E	0.102	0.102	0.102	0.107	0.108
45   	M	0.104	0.102	0.104	0.103	0.104
46   	K	0.105	0.101	0.105	0.101	0.108
47   	A	0.102	0.102	0.102	0.105	0.112
48   	R	0.095	0.112	0.098	0.109	0.109
49   	S	0.109	0.104	0.107	0.104	0.110
50   	G	0.099	0.105	0.101	0.107	0.109
51   	M	0.100	0.103	0.101	0.106	0.105
52   	T	0.105	0.102	0.103	0.103	0.105
53   	I	0.101	0.103	0.103	0.106	0.108
54   	K	0.106	0.093	0.105	0.101	0.110
55   	E	0.100	0.093	0.101	0.098	0.103
56   	S	0.105	0.096	0.104	0.099	0.100
57   	V	0.098	0.099	0.101	0.100	0.102
58   	K	0.101	0.096	0.103	0.096	0.103
59   	D	0.102	0.100	0.102	0.094	0.104
60   	V	0.096	0.097	0.100	0.091	0.110
61   	F	0.105	0.098	0.106	0.088	0.114
62   	I	0.111	0.091	0.107	0.086	0.117
63   	G	0.101	0.095	0.101	0.088	0.117
64   	G	0.099	0.093	0.101	0.089	0.117
65   	G	0.100	0.093	0.102	0.090	0.118
66   	E	0.103	0.096	0.101	0.092	0.115
67   	Y	0.103	0.098	0.102	0.097	0.111
68   	I	0.098	0.096	0.099	0.093	0.121
69   	V	0.099	0.099	0.101	0.098	0.113
70   	N	0.100	0.102	0.102	0.101	0.100
# Measure  Position  Value    Cutoff   signal peptide?
  max. C    22       0.251
  max. Y    22       0.242
  max. S     5       0.376
  mean S     1-21    0.232
       D     1-21    0.237   0.450   NO
Name=Ga01g00013.F1_CDS	SP='NO' D=0.237 D-cutoff=0.450 Networks=SignalP-noTM
