# SignalP-4.1 euk predictions
>Ga01g00018.F3_CDS 
# Name=Ga01g00018.F3_CDS	Length=70
#		SignalP-noTM	SignalP-TM
# pos	aa	CS	SP	CS	SP	TM
1    	M	0.102	0.152	0.102	0.135	0.103
2    	D	0.101	0.152	0.101	0.148	0.106
3    	R	0.101	0.129	0.101	0.156	0.104
4    	N	0.104	0.131	0.103	0.141	0.104
5    	S	0.103	0.130	0.103	0.142	0.103
6    	R	0.097	0.133	0.099	0.121	0.102
7    	R	0.103	0.120	0.103	0.108	0.110
8    	S	0.102	0.131	0.102	0.128	0.110
9    	K	0.098	0.122	0.100	0.139	0.113
10   	G	0.102	0.109	0.102	0.141	0.124
11   	V	0.099	0.104	0.100	0.094	0.150
12   	G	0.106	0.085	0.105	0.136	0.153
13   	Y	0.099	0.105	0.100	0.148	0.162
14   	I	0.101	0.118	0.101	0.162	0.175
15   	E	0.102	0.122	0.103	0.164	0.162
16   	F	0.103	0.119	0.103	0.154	0.185
17   	Y	0.098	0.131	0.099	0.177	0.192
18   	D	0.105	0.116	0.104	0.162	0.188
19   	V	0.102	0.109	0.103	0.175	0.214
20   	M	0.100	0.101	0.101	0.185	0.200
21   	S	0.105	0.113	0.103	0.198	0.222
22   	V	0.100	0.103	0.101	0.161	0.213
23   	P	0.099	0.118	0.103	0.216	0.252
24   	M	0.107	0.137	0.105	0.213	0.243
25   	A	0.098	0.164	0.099	0.263	0.260
26   	I	0.098	0.147	0.100	0.245	0.262
27   	A	0.103	0.198	0.104	0.218	0.210
28   	L	0.146	0.125	0.127	0.162	0.176
29   	S	0.106	0.151	0.105	0.157	0.162
30   	G	0.116	0.126	0.109	0.145	0.144
31   	Q	0.111	0.103	0.107	0.115	0.138
32   	P	0.106	0.102	0.103	0.115	0.146
33   	L	0.103	0.117	0.103	0.105	0.148
34   	L	0.106	0.138	0.105	0.122	0.138
35   	G	0.102	0.161	0.103	0.131	0.144
36   	Q	0.197	0.105	0.159	0.103	0.126
37   	P	0.106	0.098	0.105	0.095	0.123
38   	V	0.103	0.095	0.103	0.090	0.120
39   	M	0.101	0.111	0.103	0.109	0.113
40   	V	0.097	0.117	0.100	0.114	0.124
41   	K	0.102	0.099	0.101	0.101	0.103
42   	P	0.100	0.112	0.102	0.100	0.105
43   	S	0.100	0.115	0.102	0.098	0.104
44   	E	0.103	0.104	0.101	0.096	0.107
45   	A	0.105	0.120	0.104	0.102	0.107
46   	E	0.160	0.108	0.157	0.103	0.109
47   	K	0.103	0.108	0.103	0.096	0.107
48   	N	0.098	0.101	0.100	0.097	0.104
49   	L	0.107	0.092	0.105	0.090	0.112
50   	V	0.102	0.099	0.103	0.090	0.115
51   	Q	0.105	0.100	0.104	0.097	0.110
52   	S	0.106	0.097	0.105	0.089	0.119
53   	T	0.100	0.102	0.100	0.091	0.118
54   	T	0.108	0.103	0.107	0.091	0.109
55   	S	0.104	0.098	0.104	0.093	0.109
56   	A	0.099	0.102	0.100	0.094	0.107
57   	S	0.097	0.101	0.098	0.093	0.107
58   	A	0.098	0.100	0.100	0.096	0.108
59   	G	0.096	0.102	0.098	0.096	0.102
60   	Q	0.097	0.103	0.100	0.098	0.101
61   	T	0.100	0.104	0.102	0.097	0.103
62   	G	0.103	0.103	0.103	0.099	0.107
63   	P	0.101	0.102	0.101	0.099	0.110
64   	Y	0.102	0.104	0.103	0.098	0.120
65   	A	0.106	0.104	0.104	0.100	0.119
66   	A	0.099	0.107	0.101	0.098	0.150
67   	G	0.103	0.109	0.102	0.106	0.121
68   	G	0.102	0.106	0.102	0.108	0.112
69   	R	0.100	0.108	0.101	0.109	0.106
70   	K	0.110	0.104	0.108	0.107	0.104
# Measure  Position  Value    Cutoff   signal peptide?
  max. C    36       0.197
  max. Y    36       0.159
  max. S    27       0.198
  mean S     1-35    0.126
       D     1-35    0.141   0.450   NO
Name=Ga01g00018.F3_CDS	SP='NO' D=0.141 D-cutoff=0.450 Networks=SignalP-noTM
