# SignalP-4.1 euk predictions
>Ga01g00067.F4_CDS 
# Name=Ga01g00067.F4_CDS	Length=70
#		SignalP-noTM	SignalP-TM
# pos	aa	CS	SP	CS	SP	TM
1    	M	0.101	0.158	0.102	0.120	0.111
2    	E	0.103	0.183	0.102	0.141	0.116
3    	L	0.100	0.173	0.101	0.131	0.120
4    	K	0.102	0.177	0.102	0.174	0.129
5    	P	0.104	0.201	0.104	0.171	0.145
6    	G	0.104	0.236	0.104	0.247	0.177
7    	L	0.100	0.218	0.101	0.229	0.201
8    	S	0.110	0.211	0.107	0.191	0.189
9    	A	0.103	0.165	0.103	0.159	0.243
10   	L	0.096	0.166	0.098	0.150	0.256
11   	I	0.100	0.173	0.101	0.145	0.279
12   	T	0.103	0.180	0.103	0.173	0.278
13   	G	0.106	0.223	0.105	0.209	0.279
14   	G	0.100	0.211	0.101	0.226	0.302
15   	A	0.098	0.200	0.100	0.199	0.285
16   	S	0.099	0.169	0.100	0.198	0.286
17   	G	0.102	0.204	0.104	0.215	0.332
18   	I	0.147	0.158	0.169	0.175	0.345
19   	G	0.102	0.194	0.102	0.202	0.316
20   	K	0.100	0.181	0.102	0.229	0.292
21   	A	0.103	0.210	0.103	0.283	0.347
22   	L	0.166	0.156	0.147	0.247	0.334
23   	S	0.105	0.225	0.105	0.273	0.318
24   	L	0.130	0.252	0.136	0.253	0.334
25   	A	0.108	0.229	0.106	0.263	0.298
26   	L	0.119	0.212	0.112	0.241	0.276
27   	A	0.107	0.221	0.106	0.234	0.265
28   	G	0.119	0.255	0.116	0.184	0.193
29   	K	0.103	0.244	0.103	0.153	0.166
30   	G	0.105	0.185	0.104	0.157	0.185
31   	L	0.104	0.226	0.102	0.170	0.196
32   	F	0.105	0.265	0.104	0.210	0.207
33   	V	0.109	0.236	0.103	0.204	0.190
34   	T	0.104	0.242	0.102	0.170	0.178
35   	I	0.103	0.232	0.103	0.187	0.183
36   	V	0.101	0.165	0.101	0.142	0.174
37   	D	0.102	0.167	0.102	0.144	0.154
38   	F	0.103	0.166	0.103	0.150	0.140
39   	A	0.121	0.129	0.108	0.124	0.132
40   	E	0.103	0.108	0.101	0.111	0.111
41   	E	0.101	0.116	0.102	0.117	0.102
42   	K	0.105	0.110	0.104	0.106	0.104
43   	G	0.103	0.119	0.103	0.118	0.103
44   	K	0.106	0.106	0.103	0.109	0.100
45   	E	0.104	0.104	0.104	0.107	0.102
46   	V	0.101	0.104	0.103	0.111	0.098
47   	A	0.101	0.113	0.101	0.111	0.102
48   	C	0.098	0.111	0.099	0.107	0.108
49   	L	0.107	0.105	0.104	0.113	0.109
50   	V	0.102	0.106	0.103	0.112	0.112
51   	E	0.103	0.109	0.103	0.110	0.103
52   	K	0.103	0.104	0.103	0.111	0.098
53   	E	0.096	0.104	0.099	0.106	0.103
54   	N	0.107	0.092	0.106	0.105	0.103
55   	S	0.105	0.092	0.104	0.102	0.102
56   	R	0.096	0.094	0.099	0.103	0.098
57   	F	0.107	0.101	0.105	0.100	0.103
58   	H	0.102	0.106	0.102	0.099	0.101
59   	E	0.099	0.101	0.100	0.099	0.101
60   	K	0.101	0.099	0.101	0.102	0.096
61   	L	0.097	0.102	0.099	0.101	0.100
62   	E	0.107	0.101	0.105	0.102	0.099
63   	F	0.098	0.100	0.100	0.098	0.102
64   	P	0.104	0.103	0.104	0.099	0.100
65   	S	0.106	0.098	0.105	0.099	0.103
66   	A	0.104	0.096	0.104	0.099	0.104
67   	I	0.099	0.098	0.101	0.098	0.109
68   	F	0.103	0.094	0.104	0.097	0.104
69   	V	0.097	0.096	0.100	0.097	0.105
70   	K	0.102	0.095	0.102	0.099	0.099
# Measure  Position  Value    Cutoff   signal peptide?
  max. C    22       0.166
  max. Y    22       0.177
  max. S    32       0.265
  mean S     1-21    0.190
       D     1-21    0.184   0.450   NO
Name=Ga01g00067.F4_CDS	SP='NO' D=0.184 D-cutoff=0.450 Networks=SignalP-noTM
