# SignalP-4.1 euk predictions
>Ga01g00092.F2_CDS 
# Name=Ga01g00092.F2_CDS	Length=70
#		SignalP-noTM	SignalP-TM
# pos	aa	CS	SP	CS	SP	TM
1    	M	0.102	0.110	0.102	0.101	0.098
2    	G	0.104	0.100	0.103	0.090	0.103
3    	H	0.097	0.105	0.099	0.088	0.105
4    	S	0.104	0.127	0.103	0.099	0.102
5    	N	0.102	0.135	0.102	0.106	0.100
6    	V	0.097	0.128	0.100	0.108	0.104
7    	W	0.096	0.105	0.098	0.107	0.104
8    	N	0.104	0.107	0.103	0.100	0.103
9    	S	0.099	0.133	0.099	0.114	0.102
10   	H	0.098	0.141	0.099	0.101	0.104
11   	P	0.102	0.154	0.103	0.098	0.104
12   	K	0.101	0.120	0.101	0.085	0.119
13   	T	0.101	0.101	0.102	0.101	0.114
14   	Y	0.103	0.100	0.103	0.091	0.116
15   	G	0.103	0.099	0.102	0.098	0.111
16   	P	0.097	0.111	0.099	0.104	0.109
17   	G	0.101	0.117	0.102	0.110	0.108
18   	S	0.100	0.112	0.102	0.107	0.104
19   	R	0.103	0.133	0.104	0.110	0.100
20   	S	0.103	0.118	0.102	0.110	0.102
21   	C	0.105	0.107	0.107	0.106	0.104
22   	R	0.099	0.108	0.101	0.106	0.096
23   	V	0.108	0.108	0.104	0.108	0.100
24   	C	0.100	0.103	0.103	0.106	0.100
25   	G	0.108	0.099	0.105	0.109	0.105
26   	N	0.099	0.103	0.101	0.109	0.099
27   	P	0.105	0.102	0.104	0.115	0.097
28   	H	0.103	0.091	0.104	0.108	0.094
29   	A	0.099	0.092	0.100	0.106	0.097
30   	I	0.097	0.104	0.099	0.107	0.102
31   	I	0.103	0.098	0.103	0.103	0.104
32   	R	0.099	0.099	0.101	0.099	0.096
33   	K	0.108	0.098	0.105	0.104	0.101
34   	Y	0.105	0.095	0.104	0.103	0.115
35   	G	0.101	0.095	0.102	0.104	0.103
36   	L	0.105	0.095	0.102	0.110	0.110
37   	M	0.103	0.097	0.102	0.107	0.111
38   	C	0.104	0.100	0.103	0.097	0.111
39   	C	0.103	0.106	0.103	0.102	0.117
40   	R	0.104	0.096	0.104	0.094	0.109
41   	Q	0.102	0.095	0.103	0.092	0.101
42   	C	0.097	0.094	0.101	0.096	0.104
43   	F	0.097	0.094	0.099	0.100	0.107
44   	R	0.098	0.113	0.100	0.107	0.100
45   	S	0.102	0.099	0.102	0.107	0.104
46   	N	0.099	0.108	0.101	0.104	0.105
47   	A	0.097	0.101	0.100	0.101	0.107
48   	K	0.115	0.095	0.106	0.099	0.096
49   	E	0.100	0.096	0.101	0.095	0.108
50   	I	0.098	0.096	0.100	0.095	0.121
51   	G	0.099	0.099	0.102	0.102	0.115
52   	F	0.098	0.091	0.100	0.097	0.119
53   	I	0.101	0.092	0.102	0.101	0.113
54   	K	0.106	0.085	0.105	0.095	0.108
55   	V	0.100	0.091	0.102	0.097	0.105
56   	N	0.099	0.101	0.101	0.096	0.103
57   	K	0.104	0.092	0.104	0.092	0.106
58   	T	0.099	0.094	0.100	0.094	0.108
59   	N	0.102	0.099	0.103	0.095	0.116
60   	I	0.104	0.093	0.104	0.095	0.133
61   	V	0.098	0.096	0.101	0.095	0.128
62   	A	0.103	0.095	0.104	0.102	0.128
63   	S	0.096	0.099	0.097	0.106	0.121
64   	Y	0.100	0.099	0.101	0.095	0.116
65   	S	0.098	0.100	0.100	0.099	0.109
66   	F	0.100	0.099	0.101	0.097	0.110
67   	D	0.100	0.102	0.101	0.099	0.105
68   	H	0.099	0.098	0.100	0.103	0.108
69   	F	0.100	0.100	0.101	0.102	0.103
70   	S	0.107	0.101	0.105	0.100	0.102
# Measure  Position  Value    Cutoff   signal peptide?
  max. C    48       0.115
  max. Y    25       0.112
  max. S    11       0.154
  mean S     1-24    0.116
       D     1-24    0.114   0.450   NO
Name=Ga01g00092.F2_CDS	SP='NO' D=0.114 D-cutoff=0.450 Networks=SignalP-noTM
