# SignalP-4.1 euk predictions
>Ga01g00004.F2_CDS 
# Name=Ga01g00004.F2_CDS	Length=70
#		SignalP-noTM	SignalP-TM
# pos	aa	CS	SP	CS	SP	TM
1    	M	0.101	0.096	0.102	0.083	0.107
2    	E	0.102	0.096	0.101	0.080	0.109
3    	D	0.102	0.097	0.102	0.080	0.112
4    	H	0.099	0.095	0.100	0.080	0.108
5    	T	0.103	0.099	0.103	0.079	0.114
6    	F	0.100	0.092	0.101	0.075	0.117
7    	V	0.101	0.093	0.102	0.077	0.114
8    	V	0.101	0.101	0.102	0.078	0.114
9    	G	0.106	0.090	0.105	0.076	0.108
10   	Q	0.097	0.094	0.099	0.072	0.106
11   	E	0.102	0.092	0.103	0.056	0.118
12   	F	0.101	0.085	0.101	0.051	0.129
13   	P	0.099	0.093	0.101	0.083	0.119
14   	D	0.101	0.093	0.102	0.078	0.118
15   	V	0.103	0.089	0.103	0.079	0.118
16   	K	0.103	0.097	0.105	0.080	0.117
17   	A	0.102	0.101	0.102	0.087	0.111
18   	F	0.203	0.094	0.198	0.099	0.113
19   	R	0.104	0.089	0.104	0.100	0.104
20   	N	0.100	0.096	0.101	0.103	0.099
21   	A	0.099	0.089	0.100	0.111	0.103
22   	I	0.095	0.097	0.097	0.112	0.108
23   	K	0.104	0.096	0.104	0.103	0.103
24   	E	0.105	0.099	0.103	0.105	0.108
25   	A	0.107	0.101	0.105	0.110	0.115
26   	A	0.101	0.111	0.100	0.110	0.118
27   	I	0.099	0.101	0.101	0.109	0.106
28   	A	0.104	0.108	0.104	0.110	0.102
29   	Q	0.103	0.107	0.101	0.103	0.099
30   	H	0.105	0.099	0.104	0.106	0.105
31   	F	0.098	0.103	0.100	0.104	0.103
32   	E	0.103	0.100	0.103	0.104	0.100
33   	L	0.100	0.096	0.100	0.105	0.100
34   	R	0.103	0.105	0.101	0.101	0.101
35   	V	0.104	0.099	0.104	0.105	0.115
36   	I	0.106	0.117	0.104	0.109	0.109
37   	K	0.102	0.111	0.103	0.103	0.111
38   	S	0.098	0.101	0.100	0.097	0.107
39   	D	0.106	0.101	0.107	0.094	0.109
40   	L	0.100	0.107	0.103	0.097	0.117
41   	V	0.100	0.103	0.099	0.093	0.121
42   	R	0.100	0.108	0.100	0.101	0.116
43   	Y	0.105	0.105	0.104	0.097	0.117
44   	F	0.099	0.101	0.100	0.096	0.124
45   	A	0.108	0.103	0.104	0.105	0.111
46   	K	0.098	0.104	0.097	0.105	0.109
47   	C	0.101	0.115	0.102	0.107	0.112
48   	A	0.103	0.104	0.101	0.112	0.116
49   	T	0.097	0.100	0.098	0.100	0.114
50   	E	0.106	0.097	0.105	0.092	0.111
51   	G	0.100	0.099	0.101	0.102	0.116
52   	C	0.102	0.099	0.100	0.094	0.113
53   	P	0.103	0.100	0.102	0.099	0.119
54   	W	0.099	0.097	0.100	0.103	0.117
55   	R	0.098	0.103	0.101	0.105	0.101
56   	I	0.103	0.108	0.103	0.103	0.104
57   	R	0.104	0.103	0.104	0.100	0.104
58   	A	0.107	0.099	0.106	0.101	0.105
59   	V	0.100	0.105	0.100	0.104	0.104
60   	K	0.104	0.108	0.104	0.105	0.101
61   	L	0.103	0.108	0.103	0.104	0.101
62   	P	0.101	0.097	0.102	0.104	0.102
63   	N	0.102	0.100	0.103	0.104	0.101
64   	S	0.107	0.100	0.105	0.104	0.102
65   	P	0.097	0.100	0.100	0.102	0.099
66   	T	0.106	0.099	0.105	0.104	0.108
67   	F	0.104	0.096	0.104	0.100	0.105
68   	T	0.103	0.095	0.103	0.100	0.105
69   	I	0.100	0.095	0.100	0.099	0.099
70   	R	0.102	0.096	0.102	0.096	0.099
# Measure  Position  Value    Cutoff   signal peptide?
  max. C    18       0.203
  max. Y    18       0.138
  max. S    36       0.117
  mean S     1-17    0.094
       D     1-17    0.115   0.450   NO
Name=Ga01g00004.F2_CDS	SP='NO' D=0.115 D-cutoff=0.450 Networks=SignalP-noTM
