# SignalP-4.1 euk predictions
>Ga01g00066.F2_CDS 
# Name=Ga01g00066.F2_CDS	Length=70
#		SignalP-noTM	SignalP-TM
# pos	aa	CS	SP	CS	SP	TM
1    	M	0.101	0.079	0.101	0.077	0.106
2    	M	0.103	0.076	0.103	0.073	0.103
3    	G	0.105	0.082	0.104	0.074	0.105
4    	G	0.100	0.083	0.101	0.067	0.107
5    	G	0.102	0.083	0.102	0.068	0.110
6    	G	0.100	0.095	0.101	0.068	0.111
7    	S	0.101	0.107	0.101	0.076	0.116
8    	V	0.100	0.125	0.101	0.084	0.117
9    	Y	0.101	0.139	0.101	0.090	0.120
10   	W	0.101	0.127	0.101	0.100	0.118
11   	G	0.097	0.138	0.099	0.108	0.115
12   	R	0.102	0.151	0.101	0.088	0.124
13   	N	0.109	0.144	0.106	0.108	0.129
14   	Q	0.098	0.147	0.100	0.117	0.124
15   	E	0.100	0.130	0.101	0.105	0.121
16   	E	0.098	0.114	0.100	0.096	0.116
17   	S	0.102	0.130	0.103	0.097	0.120
18   	K	0.099	0.116	0.101	0.091	0.133
19   	Q	0.100	0.108	0.102	0.106	0.152
20   	V	0.098	0.117	0.101	0.100	0.186
21   	K	0.100	0.110	0.102	0.100	0.151
22   	G	0.105	0.117	0.105	0.087	0.262
23   	I	0.104	0.123	0.105	0.072	0.236
24   	V	0.106	0.120	0.105	0.065	0.261
25   	V	0.102	0.104	0.104	0.058	0.276
26   	I	0.104	0.096	0.104	0.072	0.234
27   	F	0.102	0.095	0.102	0.080	0.212
28   	A	0.103	0.098	0.104	0.092	0.178
29   	W	0.100	0.098	0.100	0.079	0.197
30   	V	0.103	0.107	0.103	0.118	0.195
31   	S	0.096	0.112	0.098	0.114	0.182
32   	I	0.104	0.170	0.103	0.133	0.284
33   	H	0.099	0.132	0.100	0.136	0.159
34   	E	0.101	0.121	0.100	0.114	0.164
35   	K	0.104	0.124	0.104	0.136	0.131
36   	H	0.104	0.133	0.101	0.132	0.118
37   	L	0.101	0.136	0.100	0.137	0.117
38   	K	0.106	0.105	0.105	0.121	0.122
39   	N	0.103	0.102	0.100	0.124	0.128
40   	Y	0.102	0.111	0.103	0.116	0.124
41   	L	0.104	0.102	0.103	0.123	0.144
42   	D	0.104	0.102	0.105	0.090	0.129
43   	F	0.103	0.098	0.102	0.094	0.197
44   	Y	0.099	0.098	0.100	0.093	0.214
45   	S	0.102	0.099	0.102	0.079	0.197
46   	S	0.101	0.099	0.102	0.070	0.245
47   	L	0.101	0.101	0.101	0.079	0.198
48   	G	0.102	0.102	0.103	0.080	0.190
49   	W	0.093	0.094	0.095	0.077	0.169
50   	N	0.100	0.100	0.102	0.084	0.143
51   	S	0.101	0.087	0.102	0.089	0.156
52   	L	0.096	0.094	0.099	0.099	0.165
53   	V	0.098	0.095	0.099	0.101	0.196
54   	S	0.099	0.104	0.100	0.101	0.158
55   	R	0.102	0.110	0.102	0.106	0.144
56   	A	0.107	0.103	0.103	0.114	0.139
57   	D	0.113	0.102	0.104	0.101	0.116
58   	F	0.102	0.095	0.103	0.098	0.145
59   	L	0.106	0.100	0.101	0.097	0.129
60   	N	0.104	0.099	0.103	0.099	0.122
61   	V	0.106	0.097	0.105	0.104	0.135
62   	Y	0.100	0.096	0.101	0.101	0.156
63   	Y	0.103	0.100	0.103	0.105	0.132
64   	P	0.100	0.098	0.100	0.104	0.124
65   	E	0.108	0.101	0.105	0.106	0.113
66   	R	0.106	0.098	0.105	0.108	0.110
67   	A	0.100	0.100	0.101	0.109	0.110
68   	M	0.096	0.102	0.097	0.107	0.110
69   	S	0.102	0.103	0.103	0.103	0.106
70   	L	0.104	0.105	0.103	0.101	0.102
# Measure  Position  Value    Cutoff   signal peptide?
  max. C    57       0.113
  max. Y    38       0.112
  max. S    32       0.170
  mean S     1-37    0.116
       D     1-37    0.114   0.450   NO
Name=Ga01g00066.F2_CDS	SP='NO' D=0.114 D-cutoff=0.450 Networks=SignalP-noTM
