# SignalP-4.1 euk predictions
>Ga01g00010.F1_CDS 
# Name=Ga01g00010.F1_CDS	Length=70
#		SignalP-noTM	SignalP-TM
# pos	aa	CS	SP	CS	SP	TM
1    	M	0.101	0.078	0.102	0.075	0.104
2    	G	0.102	0.074	0.102	0.072	0.108
3    	S	0.099	0.077	0.100	0.075	0.106
4    	T	0.104	0.079	0.103	0.074	0.104
5    	A	0.105	0.078	0.104	0.071	0.104
6    	V	0.095	0.080	0.099	0.070	0.108
7    	E	0.097	0.092	0.099	0.075	0.106
8    	K	0.102	0.095	0.101	0.080	0.106
9    	T	0.102	0.090	0.102	0.080	0.107
10   	A	0.107	0.089	0.105	0.079	0.103
11   	E	0.096	0.093	0.099	0.078	0.107
12   	E	0.102	0.079	0.103	0.061	0.115
13   	L	0.100	0.076	0.101	0.068	0.118
14   	Q	0.102	0.083	0.102	0.086	0.104
15   	R	0.102	0.086	0.103	0.092	0.104
16   	E	0.104	0.096	0.102	0.104	0.106
17   	I	0.103	0.098	0.104	0.110	0.106
18   	D	0.101	0.096	0.102	0.114	0.104
19   	E	0.103	0.106	0.102	0.114	0.101
20   	L	0.097	0.110	0.100	0.115	0.097
21   	H	0.101	0.109	0.101	0.112	0.097
22   	R	0.102	0.113	0.102	0.115	0.098
23   	Q	0.104	0.110	0.103	0.111	0.100
24   	Q	0.099	0.111	0.101	0.114	0.100
25   	R	0.102	0.115	0.101	0.110	0.100
26   	E	0.104	0.113	0.102	0.111	0.102
27   	I	0.099	0.105	0.101	0.110	0.103
28   	T	0.095	0.105	0.099	0.109	0.101
29   	E	0.102	0.111	0.102	0.115	0.104
30   	R	0.100	0.117	0.101	0.115	0.108
31   	L	0.103	0.110	0.103	0.118	0.108
32   	R	0.099	0.110	0.101	0.116	0.105
33   	D	0.106	0.114	0.103	0.116	0.110
34   	P	0.100	0.105	0.102	0.115	0.104
35   	R	0.101	0.104	0.102	0.109	0.106
36   	G	0.113	0.104	0.108	0.102	0.107
37   	L	0.100	0.102	0.101	0.103	0.106
38   	R	0.104	0.099	0.103	0.102	0.100
39   	R	0.105	0.095	0.104	0.098	0.101
40   	G	0.104	0.102	0.103	0.098	0.101
41   	G	0.097	0.096	0.098	0.101	0.102
42   	P	0.104	0.097	0.104	0.097	0.098
43   	S	0.109	0.095	0.106	0.097	0.099
44   	G	0.099	0.096	0.100	0.099	0.097
45   	I	0.096	0.091	0.099	0.098	0.097
46   	G	0.102	0.095	0.102	0.101	0.102
47   	P	0.097	0.099	0.100	0.105	0.101
48   	R	0.104	0.098	0.104	0.096	0.098
49   	N	0.107	0.095	0.105	0.097	0.101
50   	F	0.107	0.096	0.105	0.093	0.106
51   	A	0.103	0.094	0.104	0.100	0.100
52   	A	0.099	0.097	0.101	0.104	0.104
53   	N	0.100	0.100	0.101	0.103	0.101
54   	G	0.104	0.099	0.104	0.100	0.101
55   	S	0.100	0.104	0.102	0.100	0.100
56   	R	0.106	0.100	0.105	0.097	0.101
57   	Q	0.103	0.100	0.104	0.099	0.101
58   	R	0.098	0.097	0.100	0.100	0.099
59   	G	0.106	0.100	0.104	0.101	0.098
60   	F	0.101	0.099	0.102	0.099	0.101
61   	L	0.103	0.098	0.104	0.104	0.102
62   	R	0.106	0.101	0.104	0.104	0.101
63   	P	0.108	0.099	0.106	0.103	0.101
64   	A	0.104	0.101	0.104	0.104	0.100
65   	D	0.098	0.100	0.101	0.104	0.102
66   	R	0.106	0.101	0.106	0.102	0.099
67   	I	0.103	0.103	0.101	0.106	0.101
68   	D	0.102	0.101	0.103	0.104	0.104
69   	G	0.102	0.099	0.103	0.105	0.101
70   	E	0.102	0.104	0.101	0.104	0.101
# Measure  Position  Value    Cutoff   signal peptide?
  max. C    36       0.113
  max. Y    36       0.109
  max. S    30       0.117
  mean S     1-35    0.097
       D     1-35    0.103   0.450   NO
Name=Ga01g00010.F1_CDS	SP='NO' D=0.103 D-cutoff=0.450 Networks=SignalP-noTM
