# SignalP-4.1 euk predictions
>Ga01g00049.F1_CDS 
# Name=Ga01g00049.F1_CDS	Length=70
#		SignalP-noTM	SignalP-TM
# pos	aa	CS	SP	CS	SP	TM
1    	M	0.100	0.110	0.101	0.118	0.094
2    	K	0.102	0.104	0.102	0.108	0.098
3    	N	0.101	0.117	0.101	0.116	0.096
4    	S	0.102	0.110	0.103	0.105	0.098
5    	L	0.100	0.103	0.101	0.101	0.101
6    	K	0.102	0.112	0.102	0.122	0.097
7    	T	0.100	0.099	0.101	0.105	0.100
8    	G	0.103	0.098	0.103	0.096	0.102
9    	V	0.098	0.095	0.100	0.087	0.100
10   	Q	0.104	0.093	0.103	0.081	0.096
11   	V	0.105	0.126	0.104	0.110	0.096
12   	L	0.095	0.148	0.097	0.097	0.107
13   	Q	0.099	0.122	0.101	0.095	0.100
14   	P	0.101	0.093	0.102	0.088	0.098
15   	R	0.102	0.092	0.102	0.086	0.093
16   	R	0.105	0.097	0.104	0.091	0.103
17   	L	0.099	0.092	0.100	0.091	0.101
18   	P	0.099	0.093	0.100	0.095	0.104
19   	D	0.100	0.095	0.101	0.087	0.101
20   	F	0.097	0.094	0.100	0.094	0.098
21   	S	0.100	0.091	0.101	0.094	0.091
22   	R	0.097	0.093	0.099	0.098	0.095
23   	C	0.104	0.093	0.104	0.095	0.106
24   	V	0.117	0.086	0.116	0.081	0.107
25   	K	0.102	0.091	0.102	0.082	0.091
26   	L	0.102	0.085	0.102	0.083	0.108
27   	K	0.099	0.084	0.100	0.078	0.108
28   	Y	0.104	0.086	0.104	0.089	0.121
29   	V	0.103	0.090	0.103	0.105	0.164
30   	K	0.103	0.091	0.102	0.111	0.173
31   	L	0.107	0.098	0.106	0.139	0.295
32   	G	0.100	0.106	0.102	0.123	0.290
33   	Y	0.102	0.121	0.101	0.129	0.299
34   	H	0.100	0.127	0.101	0.128	0.339
35   	Y	0.102	0.121	0.100	0.129	0.358
36   	F	0.095	0.130	0.098	0.130	0.482
37   	I	0.100	0.175	0.101	0.156	0.545
38   	S	0.104	0.190	0.103	0.139	0.562
39   	H	0.101	0.209	0.101	0.114	0.582
40   	L	0.100	0.230	0.101	0.130	0.620
41   	L	0.095	0.222	0.098	0.109	0.655
42   	K	0.097	0.299	0.100	0.141	0.626
43   	L	0.103	0.299	0.101	0.145	0.696
44   	C	0.103	0.291	0.103	0.125	0.724
45   	L	0.105	0.331	0.104	0.117	0.798
46   	V	0.103	0.418	0.103	0.114	0.796
47   	P	0.096	0.415	0.098	0.117	0.789
48   	V	0.104	0.483	0.104	0.109	0.791
49   	M	0.101	0.679	0.102	0.158	0.734
50   	A	0.106	0.846	0.104	0.258	0.744
51   	A	0.190	0.418	0.130	0.222	0.700
52   	L	0.191	0.145	0.123	0.158	0.748
53   	I	0.106	0.133	0.103	0.108	0.795
54   	V	0.102	0.145	0.103	0.161	0.638
55   	Q	0.105	0.157	0.104	0.201	0.524
56   	A	0.105	0.156	0.103	0.239	0.412
57   	S	0.215	0.115	0.141	0.156	0.319
58   	S	0.105	0.110	0.103	0.154	0.360
59   	L	0.154	0.099	0.124	0.115	0.308
60   	S	0.106	0.096	0.103	0.105	0.194
61   	L	0.111	0.107	0.104	0.115	0.190
62   	D	0.104	0.101	0.103	0.103	0.168
63   	D	0.104	0.098	0.102	0.096	0.123
64   	I	0.107	0.098	0.105	0.096	0.137
65   	H	0.102	0.101	0.101	0.103	0.121
66   	Q	0.100	0.100	0.101	0.109	0.117
67   	M	0.103	0.099	0.101	0.103	0.122
68   	W	0.094	0.102	0.097	0.103	0.111
69   	L	0.097	0.102	0.100	0.099	0.111
70   	Q	0.102	0.103	0.102	0.099	0.100
# Measure  Position  Value    Cutoff   signal peptide?
  max. C    57       0.141
  max. Y    57       0.150
  max. S    50       0.258
  mean S     1-56    0.119
       D     1-56    0.138   0.500   NO
Name=Ga01g00049.F1_CDS	SP='NO' D=0.138 D-cutoff=0.500 Networks=SignalP-TM
