# SignalP-4.1 euk predictions
>Ga01g00018.F4_CDS 
# Name=Ga01g00018.F4_CDS	Length=70
#		SignalP-noTM	SignalP-TM
# pos	aa	CS	SP	CS	SP	TM
1    	M	0.101	0.080	0.101	0.072	0.105
2    	D	0.102	0.083	0.102	0.071	0.111
3    	F	0.100	0.083	0.101	0.073	0.109
4    	D	0.102	0.089	0.102	0.074	0.111
5    	E	0.103	0.093	0.102	0.076	0.114
6    	Y	0.101	0.091	0.101	0.076	0.111
7    	E	0.099	0.094	0.100	0.080	0.115
8    	Y	0.103	0.093	0.103	0.080	0.114
9    	L	0.098	0.094	0.099	0.082	0.120
10   	E	0.099	0.097	0.100	0.079	0.123
11   	N	0.100	0.093	0.101	0.078	0.120
12   	T	0.103	0.082	0.104	0.051	0.137
13   	V	0.097	0.078	0.100	0.054	0.131
14   	E	0.104	0.087	0.104	0.069	0.120
15   	N	0.102	0.090	0.102	0.084	0.118
16   	P	0.094	0.107	0.097	0.096	0.111
17   	E	0.100	0.110	0.101	0.100	0.110
18   	P	0.103	0.103	0.104	0.091	0.113
19   	Q	0.098	0.107	0.098	0.101	0.110
20   	K	0.101	0.112	0.102	0.100	0.106
21   	A	0.098	0.111	0.100	0.103	0.104
22   	K	0.092	0.120	0.096	0.112	0.105
23   	K	0.101	0.126	0.103	0.119	0.107
24   	E	0.100	0.123	0.102	0.115	0.103
25   	N	0.104	0.116	0.104	0.118	0.106
26   	G	0.105	0.115	0.104	0.115	0.102
27   	N	0.100	0.112	0.100	0.111	0.104
28   	G	0.107	0.107	0.105	0.105	0.107
29   	S	0.097	0.106	0.099	0.114	0.103
30   	V	0.102	0.112	0.103	0.100	0.103
31   	D	0.101	0.105	0.102	0.102	0.101
32   	T	0.105	0.111	0.105	0.103	0.104
33   	V	0.097	0.112	0.099	0.107	0.105
34   	K	0.105	0.109	0.104	0.104	0.103
35   	S	0.107	0.106	0.106	0.108	0.100
36   	E	0.096	0.106	0.097	0.107	0.104
37   	E	0.099	0.111	0.101	0.104	0.101
38   	R	0.102	0.107	0.102	0.104	0.100
39   	N	0.101	0.112	0.102	0.110	0.103
40   	R	0.102	0.107	0.102	0.108	0.106
41   	S	0.105	0.109	0.104	0.107	0.107
42   	R	0.101	0.107	0.102	0.109	0.108
43   	S	0.105	0.112	0.104	0.114	0.105
44   	S	0.100	0.113	0.101	0.114	0.110
45   	K	0.099	0.116	0.101	0.118	0.112
46   	H	0.104	0.114	0.102	0.116	0.117
47   	K	0.101	0.117	0.102	0.122	0.115
48   	R	0.099	0.111	0.101	0.110	0.113
49   	D	0.108	0.117	0.105	0.113	0.114
50   	E	0.107	0.117	0.105	0.120	0.113
51   	R	0.107	0.112	0.106	0.109	0.109
52   	A	0.105	0.111	0.104	0.108	0.106
53   	D	0.097	0.108	0.100	0.109	0.108
54   	G	0.106	0.097	0.105	0.105	0.102
55   	S	0.100	0.094	0.101	0.109	0.104
56   	D	0.107	0.091	0.105	0.105	0.104
57   	D	0.105	0.087	0.105	0.104	0.101
58   	Y	0.102	0.093	0.103	0.106	0.102
59   	H	0.100	0.094	0.101	0.108	0.098
60   	H	0.108	0.103	0.105	0.106	0.100
61   	P	0.105	0.099	0.105	0.106	0.101
62   	S	0.103	0.106	0.103	0.108	0.102
63   	K	0.101	0.103	0.102	0.107	0.104
64   	H	0.101	0.103	0.103	0.106	0.106
65   	S	0.102	0.106	0.102	0.107	0.104
66   	K	0.095	0.104	0.098	0.108	0.106
67   	S	0.102	0.107	0.103	0.107	0.104
68   	R	0.101	0.107	0.102	0.108	0.110
69   	E	0.110	0.104	0.107	0.108	0.107
70   	E	0.101	0.106	0.102	0.109	0.105
# Measure  Position  Value    Cutoff   signal peptide?
  max. C    69       0.110
  max. Y    49       0.109
  max. S    23       0.126
  mean S     1-48    0.104
       D     1-48    0.106   0.450   NO
Name=Ga01g00018.F4_CDS	SP='NO' D=0.106 D-cutoff=0.450 Networks=SignalP-noTM
