# SignalP-4.1 euk predictions
>Ga01g00036.F1_CDS 
# Name=Ga01g00036.F1_CDS	Length=70
#		SignalP-noTM	SignalP-TM
# pos	aa	CS	SP	CS	SP	TM
1    	M	0.101	0.447	0.101	0.539	0.103
2    	N	0.102	0.480	0.102	0.523	0.098
3    	V	0.100	0.566	0.102	0.585	0.081
4    	F	0.100	0.620	0.101	0.649	0.073
5    	V	0.105	0.649	0.105	0.573	0.081
6    	F	0.098	0.745	0.099	0.593	0.063
7    	S	0.104	0.706	0.104	0.539	0.056
8    	R	0.100	0.741	0.100	0.512	0.041
9    	T	0.105	0.717	0.104	0.531	0.049
10   	F	0.101	0.632	0.102	0.525	0.048
11   	L	0.099	0.541	0.101	0.535	0.048
12   	F	0.102	0.447	0.102	0.556	0.047
13   	I	0.099	0.532	0.099	0.511	0.044
14   	S	0.102	0.490	0.103	0.472	0.052
15   	Q	0.098	0.492	0.100	0.471	0.056
16   	V	0.106	0.398	0.106	0.418	0.070
17   	E	0.104	0.262	0.104	0.262	0.075
18   	T	0.094	0.508	0.098	0.511	0.076
19   	V	0.383	0.141	0.353	0.172	0.097
20   	D	0.100	0.132	0.104	0.165	0.094
21   	D	0.100	0.149	0.103	0.159	0.095
22   	Y	0.167	0.117	0.168	0.112	0.103
23   	D	0.103	0.106	0.103	0.108	0.109
24   	E	0.103	0.099	0.103	0.093	0.109
25   	Y	0.098	0.104	0.100	0.077	0.121
26   	C	0.098	0.104	0.099	0.084	0.145
27   	H	0.098	0.102	0.099	0.083	0.158
28   	Y	0.103	0.103	0.103	0.084	0.169
29   	V	0.099	0.101	0.101	0.068	0.183
30   	A	0.101	0.098	0.103	0.071	0.179
31   	G	0.099	0.099	0.101	0.070	0.210
32   	L	0.107	0.100	0.104	0.079	0.216
33   	V	0.101	0.096	0.103	0.082	0.208
34   	G	0.108	0.092	0.107	0.077	0.160
35   	L	0.103	0.093	0.103	0.086	0.200
36   	G	0.103	0.096	0.103	0.079	0.198
37   	L	0.102	0.096	0.103	0.071	0.224
38   	S	0.109	0.094	0.106	0.076	0.199
39   	K	0.101	0.092	0.099	0.076	0.178
40   	L	0.103	0.097	0.103	0.081	0.246
41   	F	0.102	0.105	0.103	0.090	0.250
42   	H	0.105	0.135	0.104	0.103	0.209
43   	A	0.105	0.127	0.103	0.126	0.225
44   	Y	0.109	0.114	0.105	0.104	0.184
45   	G	0.099	0.222	0.101	0.137	0.196
46   	S	0.144	0.106	0.115	0.122	0.139
47   	E	0.106	0.099	0.102	0.111	0.117
48   	D	0.102	0.109	0.101	0.106	0.122
49   	L	0.101	0.098	0.101	0.107	0.116
50   	A	0.101	0.099	0.101	0.098	0.118
51   	P	0.097	0.101	0.099	0.099	0.107
52   	E	0.108	0.103	0.107	0.102	0.102
53   	S	0.103	0.104	0.102	0.103	0.107
54   	L	0.102	0.102	0.103	0.099	0.104
55   	S	0.102	0.102	0.102	0.099	0.108
56   	N	0.095	0.095	0.098	0.102	0.102
57   	S	0.102	0.103	0.103	0.099	0.104
58   	M	0.104	0.106	0.102	0.098	0.106
59   	G	0.107	0.101	0.106	0.092	0.112
60   	L	0.100	0.101	0.101	0.099	0.109
61   	F	0.101	0.100	0.103	0.098	0.111
62   	L	0.107	0.097	0.105	0.095	0.121
63   	Q	0.104	0.098	0.103	0.099	0.103
64   	K	0.098	0.097	0.100	0.096	0.103
65   	T	0.102	0.095	0.102	0.095	0.105
66   	N	0.104	0.099	0.103	0.095	0.106
67   	I	0.106	0.098	0.104	0.098	0.115
68   	I	0.100	0.094	0.101	0.096	0.114
69   	R	0.097	0.099	0.100	0.097	0.103
70   	D	0.100	0.096	0.101	0.096	0.100
# Measure  Position  Value    Cutoff   signal peptide?
  max. C    19       0.383
  max. Y    19       0.453
  max. S     6       0.745
  mean S     1-18    0.554
       D     1-18    0.507   0.450   YES
Name=Ga01g00036.F1_CDS	SP='YES' Cleavage site between pos. 18 and 19: VET-VD D=0.507 D-cutoff=0.450 Networks=SignalP-noTM
