# SignalP-4.1 euk predictions
>Ga01g00080.F1_CDS 
# Name=Ga01g00080.F1_CDS	Length=70
#		SignalP-noTM	SignalP-TM
# pos	aa	CS	SP	CS	SP	TM
1    	M	0.100	0.963	0.102	0.929	0.084
2    	S	0.102	0.961	0.102	0.921	0.088
3    	S	0.100	0.947	0.101	0.912	0.125
4    	L	0.100	0.942	0.101	0.924	0.135
5    	I	0.103	0.933	0.103	0.933	0.132
6    	L	0.098	0.945	0.100	0.955	0.116
7    	L	0.103	0.959	0.103	0.958	0.136
8    	L	0.101	0.967	0.102	0.957	0.133
9    	L	0.105	0.978	0.104	0.956	0.118
10   	S	0.104	0.986	0.103	0.952	0.083
11   	T	0.101	0.980	0.101	0.953	0.087
12   	A	0.105	0.979	0.104	0.962	0.091
13   	I	0.099	0.971	0.100	0.961	0.105
14   	T	0.099	0.960	0.102	0.960	0.105
15   	A	0.106	0.948	0.108	0.959	0.099
16   	A	0.210	0.941	0.272	0.955	0.102
17   	V	0.220	0.888	0.238	0.917	0.119
18   	A	0.133	0.798	0.127	0.845	0.142
19   	S	0.627	0.404	0.685	0.521	0.161
20   	I	0.370	0.211	0.380	0.264	0.182
21   	P	0.102	0.226	0.104	0.270	0.172
22   	A	0.112	0.320	0.111	0.281	0.175
23   	Y	0.152	0.170	0.153	0.160	0.192
24   	P	0.101	0.245	0.101	0.200	0.130
25   	S	0.121	0.198	0.120	0.171	0.124
26   	V	0.107	0.201	0.106	0.191	0.126
27   	S	0.105	0.193	0.104	0.191	0.110
28   	T	0.153	0.164	0.130	0.163	0.099
29   	D	0.139	0.125	0.136	0.119	0.100
30   	C	0.106	0.117	0.105	0.117	0.104
31   	T	0.112	0.107	0.111	0.101	0.106
32   	V	0.102	0.116	0.102	0.111	0.110
33   	S	0.107	0.123	0.105	0.114	0.108
34   	A	0.107	0.144	0.106	0.117	0.108
35   	A	0.108	0.116	0.104	0.112	0.111
36   	D	0.118	0.112	0.116	0.111	0.104
37   	D	0.100	0.111	0.103	0.113	0.106
38   	N	0.103	0.107	0.101	0.108	0.107
39   	P	0.106	0.106	0.105	0.112	0.100
40   	V	0.103	0.105	0.103	0.111	0.104
41   	P	0.108	0.107	0.106	0.107	0.104
42   	G	0.107	0.123	0.105	0.105	0.100
43   	R	0.100	0.110	0.100	0.108	0.104
44   	R	0.108	0.106	0.106	0.102	0.103
45   	E	0.108	0.106	0.106	0.110	0.109
46   	V	0.098	0.102	0.100	0.113	0.115
47   	Y	0.102	0.104	0.102	0.106	0.105
48   	G	0.108	0.100	0.106	0.100	0.106
49   	D	0.102	0.099	0.102	0.109	0.108
50   	G	0.109	0.096	0.106	0.108	0.105
51   	R	0.103	0.110	0.102	0.109	0.107
52   	I	0.108	0.102	0.107	0.106	0.112
53   	F	0.100	0.097	0.103	0.104	0.108
54   	D	0.106	0.090	0.104	0.100	0.107
55   	I	0.105	0.087	0.104	0.098	0.100
56   	S	0.108	0.090	0.106	0.094	0.103
57   	H	0.102	0.098	0.103	0.098	0.102
58   	R	0.103	0.098	0.103	0.097	0.099
59   	Y	0.100	0.099	0.101	0.099	0.100
60   	T	0.099	0.101	0.102	0.100	0.098
61   	V	0.101	0.099	0.102	0.099	0.102
62   	D	0.100	0.101	0.102	0.098	0.104
63   	M	0.098	0.100	0.101	0.095	0.110
64   	P	0.098	0.104	0.100	0.098	0.111
65   	S	0.106	0.102	0.105	0.103	0.103
66   	W	0.102	0.100	0.103	0.103	0.106
67   	G	0.103	0.103	0.104	0.099	0.102
68   	S	0.093	0.103	0.096	0.104	0.102
69   	K	0.099	0.105	0.100	0.106	0.102
70   	D	0.099	0.105	0.100	0.105	0.102
# Measure  Position  Value    Cutoff   signal peptide?
  max. C    19       0.627
  max. Y    19       0.772
  max. S    10       0.986
  mean S     1-18    0.947
       D     1-18    0.867   0.450   YES
Name=Ga01g00080.F1_CDS	SP='YES' Cleavage site between pos. 18 and 19: AVA-SI D=0.867 D-cutoff=0.450 Networks=SignalP-noTM
