# SignalP-4.1 euk predictions
>Ga01g00023.F2_CDS 
# Name=Ga01g00023.F2_CDS	Length=70
#		SignalP-noTM	SignalP-TM
# pos	aa	CS	SP	CS	SP	TM
1    	M	0.102	0.090	0.102	0.077	0.111
2    	D	0.103	0.085	0.102	0.076	0.113
3    	E	0.102	0.091	0.102	0.078	0.113
4    	G	0.103	0.093	0.102	0.079	0.117
5    	E	0.099	0.100	0.100	0.084	0.117
6    	L	0.102	0.098	0.102	0.082	0.115
7    	D	0.101	0.104	0.102	0.087	0.119
8    	F	0.098	0.097	0.100	0.084	0.119
9    	S	0.103	0.099	0.102	0.088	0.115
10   	N	0.103	0.089	0.102	0.076	0.115
11   	Q	0.103	0.080	0.104	0.064	0.116
12   	E	0.101	0.078	0.101	0.062	0.127
13   	V	0.098	0.089	0.100	0.075	0.123
14   	F	0.099	0.091	0.101	0.083	0.113
15   	S	0.103	0.091	0.103	0.092	0.107
16   	G	0.097	0.097	0.099	0.095	0.109
17   	G	0.096	0.098	0.099	0.108	0.109
18   	N	0.097	0.096	0.100	0.108	0.104
19   	N	0.098	0.098	0.100	0.105	0.104
20   	M	0.097	0.094	0.100	0.098	0.097
21   	G	0.097	0.096	0.099	0.101	0.094
22   	D	0.100	0.101	0.101	0.100	0.098
23   	I	0.101	0.105	0.102	0.107	0.098
24   	P	0.101	0.106	0.101	0.106	0.091
25   	S	0.105	0.098	0.104	0.108	0.094
26   	S	0.099	0.101	0.101	0.105	0.097
27   	C	0.099	0.100	0.101	0.101	0.098
28   	S	0.096	0.098	0.099	0.105	0.097
29   	M	0.101	0.100	0.103	0.105	0.094
30   	D	0.099	0.097	0.101	0.102	0.093
31   	S	0.106	0.102	0.104	0.103	0.098
32   	F	0.101	0.100	0.102	0.096	0.104
33   	F	0.103	0.096	0.103	0.099	0.103
34   	N	0.097	0.095	0.101	0.099	0.099
35   	E	0.104	0.093	0.103	0.099	0.095
36   	I	0.101	0.096	0.102	0.095	0.097
37   	L	0.101	0.097	0.103	0.096	0.098
38   	N	0.103	0.098	0.103	0.087	0.097
39   	D	0.098	0.101	0.100	0.090	0.093
40   	S	0.101	0.096	0.102	0.091	0.095
41   	H	0.105	0.098	0.103	0.099	0.093
42   	A	0.106	0.098	0.104	0.101	0.097
43   	C	0.127	0.098	0.122	0.100	0.092
44   	T	0.100	0.095	0.101	0.100	0.097
45   	H	0.100	0.095	0.101	0.101	0.097
46   	T	0.101	0.088	0.102	0.097	0.092
47   	H	0.095	0.081	0.099	0.101	0.093
48   	T	0.096	0.093	0.099	0.102	0.094
49   	C	0.102	0.101	0.100	0.101	0.093
50   	N	0.100	0.103	0.100	0.105	0.101
51   	P	0.103	0.103	0.101	0.106	0.102
52   	P	0.100	0.105	0.103	0.108	0.094
53   	G	0.102	0.101	0.102	0.107	0.101
54   	P	0.098	0.095	0.101	0.108	0.096
55   	D	0.107	0.093	0.105	0.106	0.101
56   	N	0.098	0.096	0.100	0.108	0.098
57   	S	0.105	0.096	0.104	0.104	0.099
58   	H	0.097	0.091	0.098	0.111	0.097
59   	T	0.106	0.092	0.105	0.101	0.099
60   	H	0.100	0.096	0.100	0.105	0.095
61   	T	0.106	0.101	0.105	0.104	0.096
62   	C	0.103	0.102	0.102	0.105	0.097
63   	F	0.103	0.099	0.103	0.102	0.100
64   	H	0.103	0.099	0.103	0.103	0.097
65   	V	0.100	0.099	0.102	0.102	0.098
66   	H	0.100	0.098	0.102	0.099	0.096
67   	T	0.103	0.095	0.104	0.099	0.098
68   	K	0.100	0.095	0.102	0.098	0.099
69   	I	0.103	0.094	0.104	0.098	0.101
70   	V	0.100	0.096	0.103	0.099	0.100
# Measure  Position  Value    Cutoff   signal peptide?
  max. C    43       0.127
  max. Y    43       0.112
  max. S    24       0.106
  mean S     1-42    0.096
       D     1-42    0.103   0.450   NO
Name=Ga01g00023.F2_CDS	SP='NO' D=0.103 D-cutoff=0.450 Networks=SignalP-noTM
