# SignalP-4.1 euk predictions
>Ga01g00091.F2_CDS 
# Name=Ga01g00091.F2_CDS	Length=70
#		SignalP-noTM	SignalP-TM
# pos	aa	CS	SP	CS	SP	TM
1    	M	0.101	0.097	0.101	0.108	0.098
2    	V	0.102	0.103	0.102	0.100	0.100
3    	N	0.102	0.105	0.103	0.106	0.100
4    	Q	0.102	0.098	0.102	0.095	0.095
5    	D	0.102	0.091	0.102	0.082	0.094
6    	H	0.102	0.087	0.101	0.082	0.100
7    	V	0.101	0.092	0.102	0.088	0.100
8    	R	0.097	0.092	0.099	0.088	0.096
9    	I	0.105	0.091	0.103	0.083	0.100
10   	D	0.097	0.080	0.099	0.066	0.105
11   	T	0.104	0.078	0.104	0.055	0.112
12   	L	0.103	0.075	0.103	0.051	0.124
13   	E	0.099	0.075	0.101	0.060	0.119
14   	L	0.099	0.081	0.101	0.067	0.115
15   	K	0.100	0.092	0.101	0.070	0.108
16   	S	0.101	0.097	0.101	0.073	0.110
17   	L	0.104	0.100	0.104	0.085	0.107
18   	I	0.102	0.096	0.103	0.091	0.102
19   	V	0.099	0.093	0.101	0.100	0.098
20   	R	0.098	0.093	0.100	0.099	0.094
21   	K	0.102	0.097	0.101	0.106	0.093
22   	I	0.098	0.092	0.100	0.101	0.097
23   	G	0.104	0.104	0.104	0.133	0.100
24   	H	0.099	0.092	0.099	0.112	0.088
25   	Q	0.101	0.098	0.100	0.107	0.092
26   	R	0.106	0.102	0.103	0.122	0.089
27   	A	0.097	0.117	0.098	0.123	0.088
28   	E	0.101	0.103	0.104	0.105	0.093
29   	K	0.098	0.100	0.100	0.112	0.097
30   	Y	0.100	0.101	0.100	0.102	0.096
31   	F	0.100	0.108	0.102	0.107	0.099
32   	D	0.104	0.101	0.104	0.104	0.100
33   	Q	0.099	0.102	0.101	0.105	0.103
34   	L	0.105	0.101	0.104	0.097	0.102
35   	R	0.101	0.094	0.101	0.097	0.101
36   	K	0.108	0.090	0.106	0.092	0.101
37   	L	0.103	0.088	0.102	0.089	0.110
38   	F	0.105	0.088	0.104	0.093	0.112
39   	G	0.103	0.084	0.104	0.088	0.106
40   	L	0.099	0.086	0.100	0.088	0.105
41   	K	0.106	0.089	0.105	0.086	0.101
42   	I	0.104	0.087	0.104	0.084	0.100
43   	G	0.100	0.084	0.101	0.089	0.101
44   	K	0.097	0.080	0.097	0.093	0.097
45   	S	0.102	0.080	0.103	0.094	0.099
46   	E	0.096	0.084	0.098	0.095	0.094
47   	F	0.095	0.099	0.097	0.094	0.096
48   	D	0.101	0.092	0.102	0.088	0.096
49   	K	0.098	0.084	0.100	0.095	0.092
50   	S	0.098	0.093	0.099	0.095	0.099
51   	C	0.100	0.104	0.102	0.106	0.101
52   	V	0.100	0.090	0.101	0.099	0.100
53   	K	0.097	0.087	0.099	0.099	0.102
54   	I	0.099	0.093	0.101	0.096	0.107
55   	I	0.096	0.092	0.099	0.101	0.111
56   	G	0.105	0.100	0.105	0.098	0.102
57   	R	0.101	0.099	0.102	0.097	0.097
58   	E	0.101	0.103	0.102	0.097	0.098
59   	S	0.100	0.099	0.102	0.096	0.096
60   	I	0.101	0.098	0.101	0.100	0.099
61   	P	0.102	0.098	0.103	0.101	0.101
62   	L	0.103	0.099	0.104	0.100	0.103
63   	H	0.103	0.099	0.104	0.099	0.104
64   	N	0.102	0.100	0.102	0.101	0.105
65   	R	0.103	0.099	0.103	0.099	0.102
66   	L	0.103	0.098	0.103	0.102	0.107
67   	I	0.101	0.098	0.102	0.103	0.109
68   	R	0.100	0.098	0.101	0.099	0.100
69   	S	0.107	0.100	0.105	0.097	0.098
70   	I	0.100	0.096	0.100	0.094	0.098
# Measure  Position  Value    Cutoff   signal peptide?
  max. C    36       0.108
  max. Y    36       0.103
  max. S    27       0.117
  mean S     1-35    0.095
       D     1-35    0.099   0.450   NO
Name=Ga01g00091.F2_CDS	SP='NO' D=0.099 D-cutoff=0.450 Networks=SignalP-noTM
