# SignalP-4.1 euk predictions
>Ga01g00013.F7_CDS 
# Name=Ga01g00013.F7_CDS	Length=70
#		SignalP-noTM	SignalP-TM
# pos	aa	CS	SP	CS	SP	TM
1    	M	0.101	0.113	0.102	0.136	0.097
2    	K	0.102	0.106	0.102	0.139	0.099
3    	R	0.102	0.101	0.102	0.110	0.097
4    	L	0.105	0.095	0.104	0.088	0.104
5    	G	0.107	0.088	0.105	0.082	0.104
6    	H	0.099	0.086	0.100	0.077	0.103
7    	A	0.106	0.096	0.104	0.075	0.105
8    	S	0.099	0.095	0.101	0.073	0.098
9    	S	0.101	0.094	0.102	0.070	0.101
10   	K	0.096	0.083	0.098	0.064	0.100
11   	T	0.102	0.075	0.102	0.046	0.115
12   	P	0.102	0.080	0.103	0.040	0.124
13   	L	0.099	0.091	0.101	0.056	0.119
14   	L	0.101	0.103	0.101	0.070	0.110
15   	E	0.103	0.098	0.103	0.078	0.099
16   	L	0.100	0.103	0.100	0.087	0.105
17   	D	0.102	0.088	0.104	0.094	0.105
18   	Y	0.102	0.094	0.102	0.101	0.102
19   	E	0.101	0.108	0.101	0.103	0.098
20   	K	0.098	0.096	0.100	0.101	0.095
21   	G	0.099	0.096	0.100	0.101	0.102
22   	T	0.102	0.092	0.103	0.099	0.099
23   	I	0.102	0.094	0.102	0.102	0.100
24   	K	0.102	0.094	0.103	0.102	0.096
25   	H	0.101	0.090	0.100	0.095	0.093
26   	P	0.097	0.096	0.098	0.099	0.096
27   	F	0.100	0.084	0.100	0.097	0.104
28   	P	0.102	0.094	0.103	0.105	0.111
29   	M	0.103	0.099	0.102	0.109	0.114
30   	N	0.099	0.100	0.101	0.109	0.112
31   	Y	0.099	0.102	0.102	0.104	0.123
32   	I	0.103	0.098	0.103	0.102	0.135
33   	L	0.102	0.100	0.104	0.087	0.139
34   	R	0.100	0.098	0.101	0.087	0.125
35   	P	0.104	0.097	0.104	0.077	0.149
36   	W	0.103	0.100	0.103	0.076	0.170
37   	K	0.104	0.099	0.104	0.076	0.195
38   	L	0.103	0.105	0.104	0.101	0.306
39   	G	0.101	0.111	0.102	0.107	0.337
40   	Q	0.102	0.108	0.101	0.127	0.359
41   	W	0.101	0.104	0.102	0.120	0.409
42   	F	0.102	0.103	0.101	0.111	0.470
43   	Y	0.101	0.109	0.102	0.096	0.412
44   	Q	0.096	0.117	0.098	0.086	0.481
45   	V	0.100	0.145	0.100	0.088	0.559
46   	V	0.097	0.130	0.100	0.046	0.629
47   	K	0.101	0.175	0.103	0.033	0.570
48   	F	0.095	0.169	0.098	0.046	0.756
49   	A	0.106	0.202	0.104	0.042	0.811
50   	I	0.098	0.142	0.100	0.026	0.825
51   	V	0.102	0.128	0.103	0.035	0.865
52   	Q	0.107	0.115	0.102	0.035	0.830
53   	Y	0.100	0.143	0.102	0.028	0.905
54   	M	0.102	0.141	0.099	0.032	0.936
55   	I	0.104	0.147	0.104	0.039	0.897
56   	I	0.100	0.147	0.101	0.041	0.865
57   	K	0.100	0.121	0.100	0.054	0.789
58   	S	0.099	0.107	0.101	0.053	0.801
59   	L	0.099	0.116	0.101	0.053	0.851
60   	T	0.107	0.115	0.105	0.068	0.828
61   	A	0.112	0.111	0.105	0.071	0.814
62   	L	0.110	0.105	0.102	0.078	0.764
63   	L	0.105	0.102	0.104	0.079	0.791
64   	A	0.107	0.103	0.104	0.085	0.775
65   	V	0.106	0.102	0.100	0.116	0.608
66   	F	0.101	0.103	0.102	0.117	0.635
67   	L	0.100	0.104	0.101	0.117	0.560
68   	E	0.105	0.101	0.103	0.147	0.273
69   	A	0.103	0.103	0.102	0.159	0.252
70   	F	0.116	0.098	0.101	0.112	0.174
# Measure  Position  Value    Cutoff   signal peptide?
  max. C     5       0.105
  max. Y    11       0.103
  max. S    69       0.159
  mean S     1-10    0.091
       D     1-10    0.098   0.500   NO
Name=Ga01g00013.F7_CDS	SP='NO' D=0.098 D-cutoff=0.500 Networks=SignalP-TM
