# SignalP-4.1 euk predictions
>Ga01g00034.F1_CDS 
# Name=Ga01g00034.F1_CDS	Length=70
#		SignalP-noTM	SignalP-TM
# pos	aa	CS	SP	CS	SP	TM
1    	M	0.101	0.236	0.101	0.234	0.094
2    	R	0.102	0.203	0.101	0.239	0.095
3    	T	0.106	0.198	0.104	0.231	0.097
4    	L	0.101	0.240	0.102	0.259	0.105
5    	C	0.103	0.299	0.102	0.287	0.092
6    	D	0.104	0.240	0.103	0.272	0.097
7    	V	0.100	0.224	0.102	0.268	0.102
8    	C	0.099	0.266	0.101	0.296	0.091
9    	E	0.104	0.240	0.103	0.289	0.085
10   	R	0.099	0.251	0.101	0.271	0.085
11   	A	0.104	0.258	0.104	0.279	0.105
12   	A	0.097	0.286	0.099	0.233	0.128
13   	A	0.093	0.279	0.095	0.213	0.129
14   	I	0.102	0.247	0.103	0.188	0.114
15   	I	0.099	0.247	0.102	0.224	0.097
16   	F	0.100	0.226	0.101	0.251	0.080
17   	C	0.104	0.246	0.104	0.266	0.082
18   	A	0.104	0.261	0.105	0.308	0.095
19   	A	0.095	0.232	0.098	0.287	0.105
20   	D	0.127	0.146	0.122	0.170	0.107
21   	E	0.100	0.172	0.100	0.181	0.091
22   	A	0.106	0.170	0.105	0.153	0.095
23   	A	0.115	0.120	0.112	0.127	0.098
24   	L	0.101	0.130	0.105	0.126	0.101
25   	C	0.109	0.109	0.110	0.112	0.093
26   	R	0.136	0.110	0.127	0.111	0.093
27   	S	0.106	0.143	0.105	0.138	0.092
28   	C	0.161	0.115	0.161	0.118	0.096
29   	D	0.104	0.106	0.106	0.114	0.099
30   	E	0.101	0.108	0.102	0.115	0.095
31   	K	0.107	0.109	0.109	0.117	0.098
32   	V	0.102	0.105	0.101	0.107	0.103
33   	H	0.099	0.101	0.100	0.111	0.105
34   	M	0.103	0.109	0.103	0.114	0.096
35   	C	0.102	0.104	0.104	0.106	0.106
36   	N	0.096	0.109	0.099	0.112	0.096
37   	K	0.102	0.107	0.103	0.109	0.092
38   	L	0.103	0.105	0.103	0.102	0.105
39   	A	0.105	0.106	0.104	0.102	0.098
40   	S	0.098	0.102	0.098	0.101	0.098
41   	R	0.103	0.110	0.103	0.101	0.097
42   	H	0.103	0.104	0.101	0.102	0.096
43   	V	0.105	0.097	0.104	0.095	0.095
44   	R	0.101	0.097	0.103	0.094	0.097
45   	V	0.100	0.098	0.101	0.096	0.095
46   	G	0.095	0.100	0.098	0.098	0.100
47   	F	0.104	0.095	0.103	0.098	0.097
48   	A	0.098	0.101	0.100	0.102	0.094
49   	D	0.108	0.102	0.107	0.106	0.101
50   	P	0.106	0.106	0.105	0.106	0.099
51   	S	0.103	0.102	0.100	0.107	0.105
52   	D	0.107	0.098	0.104	0.106	0.100
53   	V	0.099	0.093	0.101	0.104	0.100
54   	P	0.097	0.093	0.099	0.105	0.100
55   	R	0.100	0.097	0.101	0.104	0.100
56   	C	0.103	0.096	0.102	0.102	0.104
57   	D	0.106	0.097	0.105	0.103	0.101
58   	I	0.105	0.096	0.105	0.105	0.100
59   	C	0.099	0.103	0.100	0.104	0.097
60   	E	0.102	0.100	0.102	0.100	0.102
61   	N	0.106	0.097	0.105	0.102	0.098
62   	A	0.103	0.099	0.103	0.099	0.102
63   	P	0.098	0.102	0.101	0.102	0.100
64   	A	0.107	0.102	0.105	0.102	0.102
65   	F	0.095	0.101	0.098	0.103	0.104
66   	F	0.104	0.099	0.104	0.101	0.105
67   	Y	0.100	0.102	0.101	0.103	0.104
68   	C	0.105	0.097	0.105	0.102	0.102
69   	E	0.100	0.097	0.101	0.102	0.103
70   	V	0.103	0.099	0.104	0.100	0.102
# Measure  Position  Value    Cutoff   signal peptide?
  max. C    28       0.161
  max. Y    28       0.184
  max. S     5       0.299
  mean S     1-27    0.214
       D     1-27    0.200   0.450   NO
Name=Ga01g00034.F1_CDS	SP='NO' D=0.200 D-cutoff=0.450 Networks=SignalP-noTM
