# SignalP-4.1 euk predictions
>Ga01g00010.F3_CDS 
# Name=Ga01g00010.F3_CDS	Length=70
#		SignalP-noTM	SignalP-TM
# pos	aa	CS	SP	CS	SP	TM
1    	M	0.101	0.108	0.102	0.103	0.099
2    	R	0.101	0.111	0.101	0.097	0.106
3    	R	0.102	0.101	0.102	0.090	0.109
4    	S	0.105	0.098	0.103	0.094	0.107
5    	N	0.099	0.096	0.100	0.089	0.109
6    	S	0.102	0.095	0.103	0.082	0.114
7    	L	0.100	0.098	0.101	0.084	0.112
8    	Q	0.101	0.100	0.102	0.088	0.112
9    	R	0.102	0.097	0.101	0.088	0.114
10   	A	0.105	0.099	0.104	0.087	0.110
11   	E	0.098	0.096	0.099	0.085	0.111
12   	Q	0.104	0.089	0.104	0.071	0.109
13   	R	0.101	0.078	0.101	0.065	0.119
14   	A	0.103	0.084	0.103	0.074	0.114
15   	R	0.094	0.090	0.097	0.075	0.109
16   	E	0.103	0.098	0.103	0.087	0.105
17   	E	0.097	0.105	0.099	0.099	0.111
18   	S	0.100	0.105	0.102	0.104	0.104
19   	E	0.100	0.115	0.101	0.110	0.107
20   	K	0.099	0.113	0.100	0.116	0.104
21   	L	0.102	0.114	0.101	0.113	0.104
22   	R	0.100	0.112	0.102	0.116	0.107
23   	Q	0.105	0.116	0.104	0.113	0.107
24   	Q	0.106	0.121	0.105	0.115	0.104
25   	E	0.104	0.112	0.103	0.117	0.104
26   	R	0.104	0.116	0.104	0.111	0.101
27   	E	0.104	0.119	0.103	0.111	0.103
28   	Q	0.101	0.121	0.101	0.111	0.103
29   	I	0.105	0.112	0.103	0.107	0.105
30   	A	0.104	0.117	0.103	0.109	0.104
31   	E	0.093	0.115	0.096	0.108	0.102
32   	K	0.100	0.115	0.103	0.112	0.098
33   	R	0.099	0.111	0.100	0.110	0.104
34   	R	0.106	0.113	0.105	0.110	0.104
35   	R	0.103	0.105	0.103	0.107	0.108
36   	D	0.104	0.106	0.103	0.114	0.108
37   	L	0.102	0.107	0.102	0.113	0.107
38   	T	0.107	0.101	0.105	0.106	0.100
39   	L	0.106	0.102	0.105	0.102	0.104
40   	R	0.108	0.094	0.106	0.102	0.101
41   	A	0.104	0.096	0.103	0.101	0.104
42   	R	0.098	0.092	0.101	0.101	0.099
43   	V	0.110	0.085	0.107	0.096	0.099
44   	A	0.107	0.082	0.105	0.098	0.098
45   	A	0.099	0.083	0.100	0.098	0.096
46   	K	0.096	0.090	0.097	0.101	0.091
47   	A	0.101	0.089	0.102	0.096	0.093
48   	E	0.098	0.091	0.099	0.098	0.093
49   	E	0.102	0.088	0.102	0.094	0.095
50   	K	0.098	0.088	0.099	0.089	0.096
51   	K	0.103	0.088	0.103	0.092	0.097
52   	L	0.101	0.096	0.101	0.097	0.102
53   	E	0.100	0.097	0.101	0.095	0.105
54   	L	0.101	0.103	0.102	0.095	0.109
55   	L	0.105	0.107	0.105	0.098	0.114
56   	F	0.106	0.099	0.105	0.095	0.107
57   	L	0.107	0.101	0.106	0.099	0.106
58   	Q	0.107	0.100	0.106	0.098	0.103
59   	W	0.104	0.095	0.104	0.099	0.103
60   	S	0.105	0.090	0.103	0.097	0.099
61   	E	0.098	0.095	0.098	0.098	0.096
62   	H	0.098	0.092	0.100	0.096	0.099
63   	H	0.096	0.095	0.097	0.095	0.098
64   	K	0.093	0.097	0.096	0.096	0.097
65   	K	0.093	0.098	0.096	0.098	0.098
66   	L	0.098	0.100	0.100	0.099	0.100
67   	S	0.098	0.099	0.099	0.100	0.100
68   	N	0.095	0.101	0.097	0.100	0.100
69   	F	0.096	0.100	0.099	0.102	0.107
70   	I	0.099	0.100	0.099	0.101	0.102
# Measure  Position  Value    Cutoff   signal peptide?
  max. C    43       0.110
  max. Y    40       0.110
  max. S    28       0.121
  mean S     1-39    0.105
       D     1-39    0.108   0.450   NO
Name=Ga01g00010.F3_CDS	SP='NO' D=0.108 D-cutoff=0.450 Networks=SignalP-noTM
