# SignalP-4.1 euk predictions
>Ga01g00020.F1_CDS 
# Name=Ga01g00020.F1_CDS	Length=70
#		SignalP-noTM	SignalP-TM
# pos	aa	CS	SP	CS	SP	TM
1    	M	0.101	0.091	0.101	0.070	0.109
2    	S	0.102	0.091	0.102	0.070	0.111
3    	K	0.099	0.101	0.101	0.079	0.109
4    	E	0.101	0.099	0.101	0.078	0.115
5    	V	0.100	0.096	0.101	0.079	0.111
6    	S	0.101	0.099	0.102	0.081	0.115
7    	E	0.101	0.111	0.101	0.086	0.112
8    	E	0.099	0.105	0.100	0.089	0.115
9    	G	0.102	0.103	0.102	0.101	0.112
10   	V	0.095	0.096	0.098	0.089	0.111
11   	S	0.103	0.103	0.103	0.102	0.111
12   	R	0.101	0.107	0.102	0.084	0.125
13   	K	0.100	0.095	0.100	0.106	0.129
14   	D	0.099	0.105	0.101	0.115	0.127
15   	Y	0.103	0.098	0.104	0.107	0.117
16   	V	0.102	0.102	0.102	0.099	0.124
17   	D	0.103	0.100	0.102	0.103	0.118
18   	P	0.103	0.104	0.103	0.099	0.122
19   	P	0.099	0.109	0.099	0.102	0.119
20   	P	0.103	0.106	0.104	0.107	0.113
21   	A	0.109	0.103	0.106	0.092	0.127
22   	P	0.095	0.106	0.098	0.095	0.122
23   	L	0.105	0.107	0.104	0.092	0.126
24   	I	0.099	0.107	0.099	0.096	0.146
25   	D	0.107	0.102	0.106	0.088	0.142
26   	V	0.110	0.106	0.107	0.089	0.135
27   	A	0.104	0.103	0.104	0.094	0.136
28   	E	0.104	0.107	0.103	0.083	0.137
29   	I	0.105	0.100	0.103	0.075	0.165
30   	K	0.099	0.103	0.101	0.093	0.159
31   	L	0.102	0.100	0.102	0.114	0.221
32   	W	0.097	0.114	0.100	0.127	0.340
33   	S	0.103	0.144	0.103	0.079	0.342
34   	F	0.099	0.136	0.101	0.067	0.420
35   	Y	0.102	0.164	0.101	0.062	0.456
36   	R	0.102	0.204	0.102	0.070	0.520
37   	A	0.105	0.283	0.103	0.053	0.668
38   	L	0.101	0.303	0.099	0.052	0.791
39   	I	0.106	0.327	0.105	0.041	0.857
40   	A	0.106	0.371	0.099	0.040	0.873
41   	E	0.111	0.429	0.103	0.046	0.903
42   	F	0.101	0.395	0.102	0.043	0.939
43   	I	0.102	0.426	0.102	0.038	0.943
44   	A	0.107	0.569	0.105	0.035	0.948
45   	T	0.103	0.566	0.101	0.036	0.945
46   	L	0.100	0.582	0.102	0.039	0.942
47   	L	0.100	0.659	0.102	0.043	0.943
48   	F	0.103	0.549	0.102	0.037	0.949
49   	L	0.110	0.509	0.104	0.046	0.918
50   	Y	0.104	0.479	0.101	0.054	0.903
51   	V	0.101	0.312	0.102	0.068	0.858
52   	T	0.105	0.316	0.105	0.075	0.874
53   	I	0.107	0.367	0.105	0.103	0.821
54   	A	0.117	0.185	0.103	0.092	0.756
55   	T	0.281	0.120	0.124	0.086	0.611
56   	V	0.105	0.122	0.103	0.093	0.518
57   	I	0.100	0.113	0.098	0.114	0.257
58   	G	0.102	0.118	0.102	0.134	0.185
59   	H	0.187	0.108	0.136	0.106	0.145
60   	K	0.103	0.108	0.102	0.106	0.115
61   	K	0.103	0.108	0.103	0.106	0.104
62   	Q	0.094	0.114	0.096	0.108	0.101
63   	H	0.106	0.109	0.103	0.106	0.101
64   	D	0.108	0.104	0.104	0.107	0.100
65   	A	0.103	0.109	0.103	0.106	0.100
66   	C	0.095	0.110	0.096	0.107	0.103
67   	D	0.105	0.111	0.103	0.108	0.108
68   	G	0.100	0.107	0.103	0.105	0.104
69   	V	0.097	0.109	0.099	0.106	0.105
70   	G	0.105	0.104	0.104	0.106	0.101
# Measure  Position  Value    Cutoff   signal peptide?
  max. C    59       0.136
  max. Y    70       0.106
  max. S    58       0.134
  mean S     1-69    0.084
       D     1-69    0.097   0.500   NO
Name=Ga01g00020.F1_CDS	SP='NO' D=0.097 D-cutoff=0.500 Networks=SignalP-TM
