# SignalP-4.1 euk predictions
>Ga01g00029.F1_CDS 
# Name=Ga01g00029.F1_CDS	Length=70
#		SignalP-noTM	SignalP-TM
# pos	aa	CS	SP	CS	SP	TM
1    	M	0.104	0.140	0.103	0.161	0.109
2    	A	0.103	0.150	0.103	0.159	0.108
3    	G	0.098	0.179	0.099	0.205	0.098
4    	V	0.099	0.166	0.101	0.205	0.086
5    	V	0.101	0.170	0.102	0.210	0.072
6    	K	0.105	0.151	0.104	0.197	0.072
7    	Q	0.100	0.203	0.100	0.217	0.067
8    	L	0.099	0.216	0.101	0.214	0.072
9    	L	0.109	0.163	0.106	0.185	0.090
10   	A	0.103	0.148	0.103	0.167	0.078
11   	R	0.106	0.153	0.104	0.131	0.076
12   	P	0.108	0.132	0.105	0.145	0.076
13   	I	0.102	0.129	0.102	0.165	0.065
14   	Q	0.105	0.135	0.104	0.209	0.068
15   	V	0.102	0.191	0.103	0.249	0.071
16   	A	0.104	0.145	0.106	0.178	0.088
17   	D	0.097	0.119	0.101	0.110	0.094
18   	M	0.098	0.109	0.099	0.120	0.087
19   	V	0.112	0.106	0.111	0.109	0.089
20   	T	0.100	0.162	0.102	0.189	0.076
21   	K	0.106	0.155	0.105	0.241	0.078
22   	A	0.105	0.184	0.103	0.241	0.087
23   	A	0.106	0.139	0.105	0.137	0.096
24   	D	0.101	0.131	0.103	0.118	0.098
25   	E	0.101	0.124	0.104	0.115	0.101
26   	A	0.109	0.124	0.107	0.119	0.106
27   	Q	0.103	0.108	0.102	0.121	0.102
28   	S	0.105	0.115	0.105	0.118	0.106
29   	F	0.113	0.109	0.117	0.118	0.104
30   	K	0.101	0.109	0.102	0.118	0.105
31   	Q	0.101	0.109	0.103	0.116	0.100
32   	D	0.099	0.111	0.101	0.119	0.104
33   	C	0.106	0.113	0.105	0.114	0.103
34   	Q	0.103	0.109	0.101	0.111	0.100
35   	E	0.103	0.108	0.102	0.111	0.104
36   	I	0.098	0.105	0.099	0.113	0.101
37   	K	0.097	0.106	0.100	0.102	0.099
38   	G	0.101	0.100	0.101	0.103	0.100
39   	K	0.097	0.102	0.100	0.104	0.103
40   	T	0.102	0.100	0.104	0.098	0.112
41   	E	0.099	0.105	0.101	0.100	0.106
42   	K	0.107	0.108	0.105	0.102	0.104
43   	L	0.102	0.098	0.102	0.095	0.117
44   	A	0.106	0.091	0.105	0.087	0.115
45   	G	0.100	0.102	0.100	0.091	0.107
46   	L	0.104	0.099	0.103	0.100	0.104
47   	L	0.102	0.094	0.102	0.091	0.107
48   	R	0.106	0.090	0.105	0.091	0.098
49   	Q	0.104	0.094	0.104	0.092	0.104
50   	V	0.103	0.094	0.103	0.091	0.104
51   	A	0.107	0.090	0.106	0.102	0.114
52   	R	0.101	0.093	0.101	0.105	0.103
53   	A	0.098	0.098	0.099	0.108	0.098
54   	S	0.101	0.106	0.102	0.101	0.096
55   	N	0.099	0.108	0.100	0.103	0.095
56   	D	0.097	0.111	0.098	0.099	0.097
57   	I	0.097	0.107	0.099	0.103	0.100
58   	Y	0.099	0.107	0.101	0.105	0.100
59   	E	0.098	0.104	0.098	0.104	0.104
60   	R	0.101	0.111	0.101	0.104	0.098
61   	P	0.107	0.109	0.105	0.107	0.102
62   	T	0.103	0.109	0.103	0.108	0.102
63   	R	0.101	0.107	0.102	0.109	0.105
64   	R	0.109	0.111	0.106	0.107	0.103
65   	I	0.106	0.106	0.104	0.108	0.107
66   	V	0.103	0.107	0.104	0.108	0.104
67   	D	0.102	0.111	0.103	0.107	0.105
68   	E	0.107	0.105	0.106	0.106	0.103
69   	T	0.104	0.108	0.103	0.107	0.103
70   	E	0.108	0.106	0.106	0.108	0.103
# Measure  Position  Value    Cutoff   signal peptide?
  max. C    29       0.113
  max. Y    19       0.131
  max. S     8       0.216
  mean S     1-18    0.155
       D     1-18    0.144   0.450   NO
Name=Ga01g00029.F1_CDS	SP='NO' D=0.144 D-cutoff=0.450 Networks=SignalP-noTM
