# SignalP-4.1 euk predictions
>Ga01g00051.F2_CDS 
# Name=Ga01g00051.F2_CDS	Length=70
#		SignalP-noTM	SignalP-TM
# pos	aa	CS	SP	CS	SP	TM
1    	M	0.100	0.266	0.101	0.215	0.104
2    	K	0.102	0.214	0.102	0.192	0.105
3    	I	0.101	0.159	0.102	0.193	0.127
4    	D	0.102	0.147	0.102	0.181	0.129
5    	P	0.105	0.134	0.104	0.162	0.135
6    	L	0.102	0.121	0.102	0.171	0.143
7    	G	0.106	0.119	0.105	0.168	0.149
8    	V	0.098	0.116	0.099	0.153	0.140
9    	C	0.104	0.145	0.103	0.164	0.146
10   	G	0.101	0.127	0.101	0.175	0.148
11   	C	0.096	0.158	0.099	0.203	0.162
12   	L	0.101	0.161	0.102	0.150	0.182
13   	S	0.103	0.141	0.103	0.180	0.166
14   	Q	0.098	0.134	0.102	0.153	0.158
15   	Q	0.099	0.138	0.100	0.163	0.166
16   	C	0.098	0.153	0.098	0.171	0.187
17   	F	0.098	0.142	0.101	0.210	0.238
18   	F	0.097	0.222	0.100	0.240	0.226
19   	Q	0.115	0.188	0.116	0.171	0.199
20   	G	0.097	0.191	0.101	0.205	0.229
21   	L	0.096	0.173	0.101	0.187	0.242
22   	N	0.095	0.179	0.099	0.161	0.206
23   	R	0.099	0.193	0.102	0.116	0.233
24   	S	0.112	0.148	0.108	0.161	0.324
25   	S	0.105	0.194	0.105	0.156	0.381
26   	L	0.103	0.219	0.103	0.140	0.372
27   	F	0.101	0.223	0.103	0.129	0.490
28   	A	0.099	0.232	0.102	0.115	0.558
29   	W	0.105	0.302	0.107	0.121	0.669
30   	S	0.104	0.230	0.103	0.105	0.593
31   	F	0.108	0.208	0.104	0.100	0.693
32   	W	0.099	0.249	0.102	0.136	0.706
33   	G	0.097	0.291	0.098	0.122	0.744
34   	Y	0.103	0.323	0.098	0.084	0.853
35   	F	0.102	0.370	0.101	0.068	0.895
36   	V	0.101	0.376	0.101	0.060	0.897
37   	P	0.100	0.438	0.101	0.104	0.840
38   	L	0.102	0.415	0.102	0.089	0.845
39   	Y	0.105	0.394	0.103	0.078	0.889
40   	S	0.105	0.561	0.105	0.106	0.838
41   	L	0.132	0.365	0.117	0.101	0.849
42   	F	0.109	0.282	0.103	0.084	0.902
43   	W	0.115	0.192	0.106	0.068	0.864
44   	N	0.106	0.175	0.104	0.088	0.718
45   	C	0.105	0.191	0.104	0.093	0.736
46   	I	0.102	0.211	0.102	0.117	0.662
47   	S	0.101	0.431	0.102	0.148	0.677
48   	G	0.150	0.179	0.109	0.069	0.726
49   	Y	0.182	0.111	0.125	0.059	0.641
50   	L	0.097	0.130	0.098	0.088	0.418
51   	Y	0.104	0.108	0.101	0.098	0.317
52   	N	0.102	0.105	0.102	0.101	0.238
53   	F	0.108	0.108	0.102	0.099	0.179
54   	Q	0.104	0.117	0.103	0.091	0.168
55   	T	0.106	0.114	0.105	0.102	0.141
56   	K	0.101	0.109	0.101	0.101	0.118
57   	E	0.098	0.106	0.101	0.101	0.127
58   	F	0.096	0.101	0.099	0.098	0.126
59   	Y	0.105	0.103	0.102	0.094	0.125
60   	N	0.099	0.102	0.101	0.098	0.115
61   	L	0.100	0.104	0.103	0.102	0.111
62   	S	0.099	0.103	0.101	0.098	0.108
63   	Y	0.102	0.101	0.103	0.099	0.105
64   	A	0.103	0.096	0.104	0.099	0.104
65   	Q	0.104	0.101	0.099	0.102	0.104
66   	E	0.105	0.100	0.105	0.102	0.102
67   	L	0.098	0.100	0.099	0.101	0.100
68   	P	0.101	0.101	0.103	0.100	0.104
69   	G	0.106	0.101	0.105	0.099	0.104
70   	S	0.099	0.104	0.099	0.103	0.101
# Measure  Position  Value    Cutoff   signal peptide?
  max. C    49       0.125
  max. Y    19       0.143
  max. S    18       0.240
  mean S     1-18    0.180
       D     1-18    0.158   0.500   NO
Name=Ga01g00051.F2_CDS	SP='NO' D=0.158 D-cutoff=0.500 Networks=SignalP-TM
