# SignalP-4.1 euk predictions
>Ga01g00077.F2_CDS 
# Name=Ga01g00077.F2_CDS	Length=70
#		SignalP-noTM	SignalP-TM
# pos	aa	CS	SP	CS	SP	TM
1    	M	0.101	0.915	0.102	0.863	0.169
2    	G	0.103	0.940	0.103	0.917	0.130
3    	N	0.098	0.951	0.100	0.926	0.115
4    	L	0.103	0.949	0.103	0.915	0.154
5    	S	0.103	0.941	0.103	0.923	0.159
6    	L	0.099	0.925	0.100	0.928	0.163
7    	S	0.102	0.918	0.102	0.940	0.136
8    	F	0.100	0.925	0.101	0.955	0.128
9    	L	0.104	0.938	0.104	0.949	0.110
10   	V	0.100	0.947	0.101	0.948	0.105
11   	L	0.102	0.970	0.103	0.956	0.078
12   	I	0.107	0.978	0.105	0.951	0.077
13   	A	0.096	0.969	0.098	0.929	0.081
14   	I	0.097	0.945	0.099	0.912	0.074
15   	F	0.099	0.927	0.101	0.938	0.070
16   	G	0.098	0.912	0.099	0.923	0.062
17   	S	0.115	0.881	0.112	0.923	0.056
18   	C	0.102	0.901	0.102	0.911	0.065
19   	W	0.151	0.892	0.135	0.865	0.073
20   	S	0.125	0.904	0.125	0.802	0.097
21   	H	0.844	0.558	0.819	0.483	0.113
22   	E	0.123	0.493	0.117	0.408	0.120
23   	V	0.110	0.326	0.109	0.303	0.123
24   	V	0.102	0.456	0.102	0.363	0.104
25   	S	0.111	0.338	0.110	0.260	0.092
26   	D	0.467	0.145	0.503	0.130	0.105
27   	N	0.120	0.119	0.114	0.128	0.103
28   	D	0.106	0.125	0.105	0.121	0.107
29   	Y	0.100	0.118	0.101	0.118	0.107
30   	G	0.102	0.110	0.103	0.106	0.105
31   	D	0.101	0.108	0.101	0.111	0.106
32   	D	0.110	0.110	0.106	0.106	0.105
33   	G	0.105	0.102	0.103	0.105	0.103
34   	G	0.098	0.098	0.099	0.104	0.102
35   	L	0.101	0.100	0.102	0.101	0.107
36   	Y	0.103	0.095	0.102	0.101	0.105
37   	P	0.101	0.099	0.102	0.098	0.106
38   	F	0.101	0.103	0.101	0.100	0.113
39   	I	0.107	0.100	0.106	0.100	0.117
40   	G	0.110	0.092	0.108	0.098	0.108
41   	T	0.105	0.086	0.103	0.094	0.108
42   	N	0.103	0.091	0.104	0.097	0.104
43   	R	0.100	0.086	0.102	0.093	0.103
44   	E	0.101	0.083	0.102	0.091	0.109
45   	T	0.098	0.089	0.101	0.092	0.106
46   	L	0.101	0.095	0.103	0.090	0.109
47   	E	0.104	0.091	0.105	0.089	0.107
48   	I	0.101	0.098	0.101	0.091	0.115
49   	I	0.105	0.091	0.105	0.087	0.113
50   	I	0.101	0.084	0.103	0.087	0.107
51   	G	0.107	0.089	0.106	0.089	0.106
52   	G	0.099	0.090	0.101	0.096	0.104
53   	G	0.099	0.113	0.101	0.101	0.102
54   	G	0.104	0.111	0.103	0.107	0.109
55   	G	0.098	0.116	0.099	0.106	0.103
56   	E	0.098	0.111	0.099	0.105	0.103
57   	A	0.103	0.113	0.103	0.109	0.101
58   	P	0.096	0.116	0.099	0.108	0.104
59   	A	0.106	0.109	0.104	0.106	0.105
60   	P	0.092	0.112	0.096	0.106	0.107
61   	S	0.106	0.115	0.105	0.108	0.111
62   	P	0.094	0.115	0.098	0.110	0.115
63   	E	0.103	0.109	0.103	0.110	0.114
64   	D	0.103	0.111	0.103	0.110	0.108
65   	C	0.099	0.110	0.102	0.112	0.107
66   	P	0.103	0.109	0.103	0.112	0.110
67   	P	0.106	0.107	0.104	0.113	0.109
68   	P	0.106	0.106	0.105	0.113	0.111
69   	P	0.110	0.105	0.107	0.111	0.111
70   	P	0.110	0.105	0.108	0.107	0.110
# Measure  Position  Value    Cutoff   signal peptide?
  max. C    21       0.844
  max. Y    21       0.886
  max. S    12       0.978
  mean S     1-20    0.931
       D     1-20    0.910   0.450   YES
Name=Ga01g00077.F2_CDS	SP='YES' Cleavage site between pos. 20 and 21: CWS-HE D=0.910 D-cutoff=0.450 Networks=SignalP-noTM
