# SignalP-4.1 euk predictions
>Ga01g00024.F2_CDS 
# Name=Ga01g00024.F2_CDS	Length=70
#		SignalP-noTM	SignalP-TM
# pos	aa	CS	SP	CS	SP	TM
1    	M	0.101	0.087	0.101	0.077	0.104
2    	P	0.102	0.086	0.102	0.079	0.108
3    	D	0.103	0.094	0.102	0.079	0.114
4    	K	0.103	0.091	0.103	0.080	0.117
5    	V	0.103	0.091	0.103	0.076	0.120
6    	H	0.098	0.095	0.100	0.081	0.117
7    	D	0.104	0.097	0.103	0.080	0.118
8    	V	0.098	0.098	0.100	0.076	0.121
9    	K	0.103	0.094	0.103	0.083	0.117
10   	L	0.105	0.088	0.104	0.076	0.115
11   	G	0.098	0.082	0.100	0.067	0.121
12   	D	0.102	0.077	0.101	0.061	0.135
13   	S	0.109	0.080	0.106	0.075	0.123
14   	A	0.100	0.094	0.101	0.086	0.112
15   	E	0.095	0.093	0.097	0.089	0.108
16   	D	0.103	0.087	0.103	0.089	0.106
17   	G	0.095	0.095	0.098	0.095	0.105
18   	K	0.096	0.095	0.098	0.098	0.101
19   	P	0.104	0.104	0.103	0.110	0.096
20   	A	0.095	0.106	0.100	0.110	0.097
21   	S	0.097	0.098	0.100	0.108	0.096
22   	A	0.103	0.111	0.102	0.110	0.101
23   	I	0.107	0.114	0.110	0.111	0.105
24   	R	0.101	0.114	0.103	0.110	0.102
25   	D	0.102	0.105	0.102	0.110	0.106
26   	S	0.103	0.100	0.102	0.109	0.106
27   	Q	0.103	0.107	0.102	0.108	0.108
28   	I	0.107	0.100	0.105	0.110	0.110
29   	N	0.099	0.100	0.101	0.100	0.101
30   	T	0.106	0.090	0.105	0.098	0.104
31   	A	0.103	0.092	0.103	0.095	0.103
32   	S	0.099	0.098	0.101	0.098	0.104
33   	G	0.102	0.098	0.103	0.098	0.100
34   	S	0.094	0.099	0.099	0.098	0.098
35   	S	0.099	0.100	0.100	0.102	0.098
36   	S	0.102	0.110	0.103	0.100	0.104
37   	R	0.099	0.116	0.101	0.104	0.099
38   	A	0.106	0.114	0.105	0.114	0.103
39   	A	0.100	0.106	0.100	0.101	0.107
40   	A	0.100	0.109	0.100	0.105	0.106
41   	V	0.102	0.111	0.102	0.101	0.105
42   	K	0.103	0.104	0.103	0.103	0.105
43   	C	0.102	0.100	0.103	0.101	0.107
44   	S	0.103	0.099	0.102	0.100	0.106
45   	D	0.101	0.099	0.102	0.103	0.106
46   	S	0.107	0.102	0.106	0.103	0.108
47   	A	0.105	0.105	0.102	0.102	0.112
48   	D	0.101	0.102	0.100	0.100	0.104
49   	F	0.103	0.101	0.103	0.096	0.107
50   	R	0.102	0.104	0.103	0.100	0.107
51   	S	0.112	0.104	0.107	0.096	0.111
52   	A	0.104	0.102	0.104	0.098	0.112
53   	Y	0.093	0.102	0.097	0.104	0.104
54   	G	0.104	0.096	0.104	0.100	0.107
55   	S	0.104	0.097	0.101	0.103	0.107
56   	K	0.105	0.098	0.104	0.103	0.108
57   	G	0.107	0.102	0.105	0.100	0.115
58   	A	0.101	0.102	0.101	0.094	0.116
59   	K	0.097	0.103	0.099	0.096	0.113
60   	S	0.108	0.101	0.106	0.094	0.118
61   	F	0.100	0.099	0.102	0.090	0.126
62   	A	0.109	0.094	0.107	0.098	0.133
63   	A	0.102	0.095	0.102	0.094	0.128
64   	A	0.102	0.096	0.102	0.091	0.132
65   	A	0.098	0.098	0.100	0.093	0.134
66   	M	0.103	0.098	0.103	0.092	0.137
67   	A	0.110	0.097	0.107	0.094	0.137
68   	G	0.098	0.097	0.099	0.097	0.131
69   	L	0.101	0.099	0.103	0.098	0.123
70   	G	0.105	0.096	0.105	0.094	0.120
# Measure  Position  Value    Cutoff   signal peptide?
  max. C    51       0.112
  max. Y    51       0.107
  max. S    37       0.116
  mean S     1-50    0.099
       D     1-50    0.103   0.450   NO
Name=Ga01g00024.F2_CDS	SP='NO' D=0.103 D-cutoff=0.450 Networks=SignalP-noTM
