# SignalP-4.1 euk predictions
>Ga01g00093.F1_CDS 
# Name=Ga01g00093.F1_CDS	Length=70
#		SignalP-noTM	SignalP-TM
# pos	aa	CS	SP	CS	SP	TM
1    	M	0.102	0.103	0.102	0.094	0.102
2    	Q	0.103	0.101	0.102	0.098	0.100
3    	T	0.103	0.122	0.103	0.116	0.099
4    	G	0.102	0.121	0.102	0.124	0.099
5    	M	0.099	0.121	0.100	0.122	0.101
6    	E	0.100	0.110	0.100	0.107	0.107
7    	K	0.100	0.105	0.100	0.115	0.104
8    	N	0.099	0.111	0.100	0.117	0.111
9    	L	0.101	0.108	0.102	0.105	0.117
10   	F	0.102	0.109	0.103	0.113	0.110
11   	G	0.105	0.096	0.105	0.105	0.109
12   	N	0.102	0.084	0.101	0.078	0.117
13   	H	0.100	0.084	0.101	0.079	0.116
14   	P	0.099	0.085	0.102	0.075	0.107
15   	P	0.105	0.078	0.104	0.072	0.106
16   	P	0.103	0.087	0.103	0.086	0.095
17   	A	0.104	0.091	0.104	0.096	0.099
18   	F	0.094	0.097	0.097	0.093	0.096
19   	A	0.099	0.108	0.101	0.114	0.090
20   	S	0.268	0.106	0.267	0.101	0.093
21   	D	0.103	0.094	0.106	0.100	0.090
22   	P	0.102	0.097	0.103	0.106	0.093
23   	L	0.107	0.096	0.104	0.108	0.091
24   	V	0.098	0.095	0.101	0.107	0.093
25   	N	0.099	0.101	0.101	0.104	0.102
26   	V	0.104	0.108	0.103	0.106	0.105
27   	N	0.100	0.106	0.100	0.106	0.103
28   	S	0.107	0.100	0.106	0.109	0.100
29   	T	0.103	0.103	0.105	0.108	0.096
30   	G	0.105	0.100	0.105	0.106	0.100
31   	R	0.099	0.099	0.100	0.100	0.099
32   	R	0.103	0.094	0.103	0.101	0.101
33   	D	0.104	0.096	0.103	0.098	0.102
34   	R	0.099	0.104	0.100	0.101	0.103
35   	D	0.105	0.105	0.103	0.106	0.103
36   	G	0.104	0.104	0.103	0.108	0.111
37   	N	0.099	0.100	0.101	0.111	0.109
38   	S	0.102	0.106	0.103	0.107	0.109
39   	L	0.097	0.102	0.099	0.107	0.118
40   	S	0.104	0.099	0.105	0.107	0.114
41   	S	0.099	0.095	0.100	0.104	0.122
42   	V	0.106	0.092	0.105	0.100	0.117
43   	A	0.105	0.095	0.104	0.099	0.115
44   	I	0.102	0.090	0.102	0.089	0.119
45   	D	0.103	0.092	0.103	0.093	0.110
46   	E	0.098	0.082	0.101	0.086	0.108
47   	G	0.104	0.081	0.104	0.082	0.104
48   	Y	0.097	0.078	0.099	0.089	0.102
49   	S	0.102	0.082	0.103	0.087	0.105
50   	T	0.100	0.084	0.101	0.088	0.107
51   	V	0.103	0.086	0.103	0.090	0.113
52   	A	0.101	0.092	0.102	0.094	0.108
53   	G	0.097	0.096	0.099	0.098	0.106
54   	P	0.099	0.098	0.101	0.096	0.109
55   	S	0.104	0.098	0.104	0.102	0.103
56   	K	0.103	0.097	0.103	0.100	0.101
57   	L	0.101	0.103	0.102	0.100	0.105
58   	S	0.102	0.104	0.103	0.103	0.104
59   	V	0.101	0.100	0.102	0.102	0.104
60   	T	0.108	0.102	0.106	0.099	0.108
61   	E	0.107	0.101	0.104	0.101	0.103
62   	I	0.099	0.099	0.101	0.099	0.114
63   	M	0.104	0.100	0.103	0.101	0.107
64   	E	0.103	0.100	0.103	0.103	0.101
65   	I	0.102	0.098	0.102	0.103	0.100
66   	D	0.102	0.099	0.104	0.100	0.101
67   	G	0.101	0.100	0.103	0.101	0.105
68   	P	0.100	0.100	0.102	0.103	0.103
69   	S	0.107	0.102	0.105	0.102	0.100
70   	S	0.102	0.102	0.101	0.105	0.101
# Measure  Position  Value    Cutoff   signal peptide?
  max. C    20       0.268
  max. Y    20       0.165
  max. S     3       0.122
  mean S     1-19    0.101
       D     1-19    0.130   0.450   NO
Name=Ga01g00093.F1_CDS	SP='NO' D=0.130 D-cutoff=0.450 Networks=SignalP-noTM
