# SignalP-4.1 euk predictions
>Ga01g00053.F3_CDS 
# Name=Ga01g00053.F3_CDS	Length=70
#		SignalP-noTM	SignalP-TM
# pos	aa	CS	SP	CS	SP	TM
1    	M	0.100	0.902	0.101	0.553	0.169
2    	S	0.102	0.932	0.102	0.612	0.179
3    	S	0.102	0.922	0.102	0.644	0.199
4    	A	0.101	0.890	0.102	0.654	0.242
5    	V	0.096	0.888	0.099	0.668	0.250
6    	F	0.099	0.884	0.101	0.588	0.292
7    	S	0.102	0.918	0.103	0.610	0.273
8    	A	0.102	0.938	0.102	0.720	0.293
9    	V	0.097	0.941	0.099	0.839	0.199
10   	R	0.099	0.925	0.102	0.861	0.130
11   	S	0.101	0.910	0.101	0.795	0.215
12   	F	0.106	0.895	0.105	0.736	0.313
13   	S	0.104	0.851	0.103	0.741	0.320
14   	V	0.101	0.859	0.102	0.730	0.371
15   	F	0.096	0.885	0.099	0.727	0.361
16   	V	0.103	0.920	0.103	0.728	0.402
17   	F	0.102	0.941	0.102	0.790	0.372
18   	V	0.106	0.969	0.105	0.783	0.325
19   	L	0.106	0.966	0.104	0.797	0.240
20   	L	0.100	0.961	0.102	0.793	0.317
21   	F	0.107	0.958	0.105	0.779	0.385
22   	L	0.105	0.926	0.102	0.800	0.392
23   	S	0.114	0.930	0.108	0.841	0.263
24   	H	0.112	0.916	0.105	0.862	0.208
25   	A	0.109	0.934	0.109	0.873	0.213
26   	F	0.204	0.922	0.189	0.846	0.207
27   	A	0.106	0.939	0.104	0.857	0.174
28   	S	0.817	0.706	0.744	0.463	0.169
29   	E	0.189	0.477	0.184	0.363	0.111
30   	S	0.119	0.472	0.115	0.362	0.107
31   	Y	0.244	0.182	0.250	0.210	0.090
32   	H	0.104	0.181	0.102	0.170	0.088
33   	K	0.126	0.153	0.122	0.130	0.088
34   	Y	0.106	0.160	0.105	0.125	0.091
35   	Q	0.101	0.147	0.101	0.119	0.099
36   	P	0.100	0.137	0.101	0.117	0.107
37   	D	0.111	0.120	0.108	0.116	0.108
38   	D	0.102	0.120	0.101	0.124	0.114
39   	P	0.102	0.116	0.103	0.111	0.111
40   	I	0.106	0.108	0.104	0.111	0.124
41   	T	0.103	0.106	0.104	0.101	0.118
42   	L	0.105	0.102	0.105	0.100	0.109
43   	W	0.100	0.101	0.102	0.102	0.112
44   	V	0.102	0.102	0.103	0.103	0.109
45   	N	0.101	0.097	0.102	0.102	0.106
46   	K	0.108	0.098	0.106	0.099	0.110
47   	V	0.100	0.094	0.102	0.100	0.106
48   	G	0.108	0.089	0.105	0.094	0.102
49   	P	0.101	0.094	0.102	0.096	0.102
50   	Y	0.102	0.091	0.102	0.095	0.102
51   	N	0.099	0.089	0.100	0.098	0.098
52   	N	0.100	0.092	0.101	0.096	0.099
53   	P	0.098	0.095	0.100	0.101	0.101
54   	Q	0.102	0.097	0.102	0.101	0.097
55   	E	0.102	0.095	0.102	0.103	0.100
56   	T	0.103	0.098	0.103	0.099	0.098
57   	Y	0.096	0.101	0.099	0.104	0.100
58   	N	0.097	0.105	0.100	0.104	0.102
59   	Y	0.102	0.105	0.102	0.103	0.105
60   	Y	0.103	0.116	0.103	0.107	0.107
61   	S	0.103	0.108	0.104	0.104	0.103
62   	L	0.103	0.105	0.102	0.104	0.105
63   	P	0.105	0.102	0.105	0.100	0.106
64   	F	0.103	0.099	0.103	0.100	0.108
65   	C	0.107	0.098	0.106	0.098	0.106
66   	Q	0.105	0.096	0.103	0.100	0.102
67   	P	0.106	0.096	0.106	0.098	0.102
68   	G	0.100	0.095	0.102	0.097	0.100
69   	T	0.099	0.098	0.101	0.098	0.102
70   	N	0.104	0.097	0.104	0.096	0.100
# Measure  Position  Value    Cutoff   signal peptide?
  max. C    28       0.817
  max. Y    28       0.868
  max. S    18       0.969
  mean S     1-27    0.919
       D     1-27    0.896   0.450   YES
Name=Ga01g00053.F3_CDS	SP='YES' Cleavage site between pos. 27 and 28: AFA-SE D=0.896 D-cutoff=0.450 Networks=SignalP-noTM
