# SignalP-4.1 euk predictions
>Ga01g00013.F6_CDS 
# Name=Ga01g00013.F6_CDS	Length=70
#		SignalP-noTM	SignalP-TM
# pos	aa	CS	SP	CS	SP	TM
1    	M	0.103	0.508	0.103	0.356	0.192
2    	A	0.104	0.591	0.103	0.390	0.222
3    	V	0.098	0.678	0.099	0.406	0.240
4    	I	0.104	0.619	0.104	0.378	0.259
5    	L	0.100	0.639	0.101	0.416	0.247
6    	N	0.100	0.614	0.101	0.462	0.206
7    	F	0.100	0.484	0.102	0.405	0.249
8    	S	0.105	0.515	0.105	0.397	0.216
9    	Q	0.099	0.551	0.099	0.400	0.263
10   	S	0.105	0.479	0.103	0.377	0.278
11   	W	0.100	0.531	0.101	0.401	0.297
12   	A	0.101	0.629	0.101	0.520	0.297
13   	L	0.120	0.345	0.118	0.313	0.327
14   	Y	0.101	0.300	0.101	0.339	0.291
15   	C	0.093	0.297	0.095	0.355	0.291
16   	L	0.106	0.242	0.107	0.345	0.308
17   	I	0.102	0.254	0.101	0.323	0.293
18   	Q	0.104	0.235	0.107	0.291	0.253
19   	F	0.103	0.308	0.102	0.301	0.286
20   	Y	0.101	0.357	0.102	0.289	0.265
21   	A	0.100	0.551	0.100	0.378	0.234
22   	V	0.109	0.273	0.106	0.245	0.223
23   	T	0.105	0.223	0.104	0.209	0.194
24   	K	0.120	0.219	0.115	0.169	0.160
25   	D	0.132	0.147	0.115	0.117	0.134
26   	E	0.111	0.160	0.110	0.160	0.151
27   	L	0.106	0.166	0.105	0.146	0.153
28   	A	0.126	0.128	0.112	0.101	0.148
29   	R	0.122	0.118	0.113	0.120	0.147
30   	I	0.110	0.118	0.106	0.097	0.174
31   	N	0.109	0.119	0.104	0.084	0.160
32   	P	0.107	0.136	0.105	0.098	0.200
33   	L	0.104	0.138	0.105	0.088	0.231
34   	A	0.101	0.157	0.103	0.087	0.243
35   	K	0.095	0.136	0.097	0.080	0.260
36   	F	0.101	0.134	0.101	0.058	0.405
37   	L	0.101	0.145	0.100	0.055	0.514
38   	T	0.108	0.152	0.106	0.066	0.531
39   	F	0.103	0.150	0.103	0.038	0.610
40   	K	0.102	0.167	0.101	0.040	0.489
41   	S	0.102	0.187	0.101	0.026	0.635
42   	I	0.096	0.146	0.100	0.023	0.777
43   	V	0.099	0.164	0.100	0.028	0.887
44   	F	0.100	0.191	0.102	0.019	0.912
45   	L	0.101	0.211	0.102	0.019	0.895
46   	T	0.099	0.223	0.099	0.019	0.859
47   	W	0.100	0.308	0.102	0.017	0.863
48   	W	0.100	0.588	0.101	0.027	0.867
49   	Q	0.107	0.441	0.101	0.026	0.860
50   	G	0.100	0.547	0.101	0.021	0.867
51   	V	0.100	0.349	0.099	0.041	0.929
52   	A	0.102	0.471	0.102	0.056	0.915
53   	I	0.126	0.235	0.106	0.047	0.910
54   	A	0.192	0.173	0.125	0.048	0.908
55   	L	0.126	0.151	0.106	0.052	0.914
56   	F	0.104	0.120	0.103	0.071	0.867
57   	Y	0.103	0.115	0.103	0.072	0.834
58   	A	0.103	0.111	0.102	0.093	0.867
59   	L	0.113	0.106	0.103	0.105	0.807
60   	G	0.106	0.108	0.105	0.088	0.815
61   	L	0.120	0.103	0.106	0.093	0.743
62   	F	0.105	0.105	0.104	0.121	0.618
63   	R	0.109	0.099	0.104	0.151	0.406
64   	S	0.115	0.096	0.104	0.143	0.308
65   	P	0.097	0.098	0.098	0.132	0.265
66   	I	0.106	0.100	0.105	0.137	0.334
67   	A	0.105	0.109	0.103	0.139	0.261
68   	E	0.106	0.104	0.098	0.117	0.159
69   	G	0.104	0.103	0.103	0.120	0.135
70   	L	0.194	0.101	0.125	0.098	0.105
# Measure  Position  Value    Cutoff   signal peptide?
  max. C    70       0.125
  max. Y    13       0.218
  max. S    12       0.520
  mean S     1-12    0.409
       D     1-12    0.294   0.500   NO
Name=Ga01g00013.F6_CDS	SP='NO' D=0.294 D-cutoff=0.500 Networks=SignalP-TM
