# SignalP-4.1 euk predictions
>Ga01g00017.F7_CDS 
# Name=Ga01g00017.F7_CDS	Length=70
#		SignalP-noTM	SignalP-TM
# pos	aa	CS	SP	CS	SP	TM
1    	M	0.102	0.406	0.102	0.395	0.109
2    	L	0.103	0.358	0.103	0.393	0.108
3    	L	0.104	0.258	0.103	0.332	0.110
4    	H	0.103	0.216	0.102	0.309	0.111
5    	H	0.105	0.188	0.103	0.283	0.104
6    	H	0.102	0.182	0.102	0.246	0.099
7    	H	0.100	0.184	0.101	0.236	0.104
8    	R	0.102	0.191	0.102	0.196	0.085
9    	I	0.102	0.227	0.101	0.203	0.108
10   	K	0.096	0.226	0.099	0.183	0.102
11   	L	0.100	0.243	0.101	0.203	0.130
12   	L	0.100	0.207	0.101	0.165	0.156
13   	A	0.098	0.218	0.100	0.168	0.143
14   	Y	0.100	0.213	0.101	0.218	0.096
15   	L	0.102	0.176	0.101	0.232	0.085
16   	C	0.102	0.179	0.102	0.248	0.084
17   	V	0.101	0.193	0.102	0.256	0.098
18   	Y	0.095	0.219	0.099	0.215	0.098
19   	K	0.097	0.167	0.098	0.151	0.086
20   	H	0.098	0.134	0.100	0.141	0.097
21   	L	0.104	0.181	0.102	0.164	0.107
22   	Q	0.108	0.125	0.107	0.114	0.091
23   	R	0.103	0.118	0.101	0.131	0.111
24   	R	0.129	0.086	0.117	0.120	0.104
25   	N	0.107	0.090	0.104	0.108	0.101
26   	I	0.098	0.085	0.101	0.120	0.114
27   	R	0.096	0.098	0.098	0.110	0.108
28   	I	0.104	0.100	0.102	0.113	0.124
29   	V	0.100	0.100	0.102	0.101	0.139
30   	Y	0.100	0.096	0.102	0.102	0.123
31   	D	0.101	0.094	0.102	0.094	0.133
32   	A	0.104	0.106	0.103	0.090	0.126
33   	I	0.100	0.095	0.100	0.096	0.129
34   	G	0.103	0.101	0.103	0.088	0.122
35   	T	0.099	0.095	0.099	0.092	0.122
36   	L	0.106	0.097	0.106	0.098	0.123
37   	A	0.102	0.119	0.103	0.111	0.131
38   	D	0.117	0.097	0.107	0.097	0.126
39   	A	0.104	0.099	0.102	0.109	0.140
40   	V	0.103	0.094	0.100	0.096	0.129
41   	G	0.109	0.105	0.107	0.105	0.119
42   	E	0.126	0.096	0.112	0.105	0.116
43   	K	0.097	0.092	0.100	0.103	0.107
44   	L	0.101	0.088	0.102	0.091	0.118
45   	N	0.101	0.093	0.102	0.102	0.109
46   	Q	0.096	0.096	0.098	0.098	0.106
47   	P	0.106	0.091	0.105	0.100	0.128
48   	V	0.107	0.094	0.104	0.096	0.133
49   	Y	0.107	0.092	0.106	0.095	0.131
50   	L	0.101	0.084	0.102	0.091	0.133
51   	E	0.098	0.095	0.099	0.095	0.125
52   	I	0.102	0.097	0.102	0.097	0.130
53   	L	0.102	0.102	0.103	0.095	0.120
54   	M	0.100	0.100	0.101	0.093	0.121
55   	P	0.104	0.111	0.104	0.090	0.120
56   	P	0.108	0.105	0.106	0.094	0.111
57   	L	0.106	0.103	0.105	0.094	0.126
58   	I	0.112	0.095	0.108	0.103	0.145
59   	A	0.102	0.098	0.101	0.119	0.134
60   	K	0.094	0.100	0.096	0.104	0.116
61   	W	0.099	0.100	0.101	0.106	0.117
62   	Q	0.104	0.104	0.103	0.097	0.113
63   	Q	0.101	0.101	0.101	0.101	0.108
64   	V	0.101	0.104	0.102	0.100	0.111
65   	S	0.095	0.103	0.098	0.103	0.104
66   	N	0.098	0.107	0.099	0.106	0.102
67   	S	0.103	0.110	0.100	0.102	0.107
68   	D	0.100	0.111	0.100	0.103	0.104
69   	K	0.095	0.108	0.100	0.104	0.104
70   	D	0.099	0.107	0.099	0.104	0.104
# Measure  Position  Value    Cutoff   signal peptide?
  max. C    24       0.129
  max. Y    11       0.182
  max. S     1       0.406
  mean S     1-10    0.244
       D     1-10    0.215   0.450   NO
Name=Ga01g00017.F7_CDS	SP='NO' D=0.215 D-cutoff=0.450 Networks=SignalP-noTM
