# SignalP-4.1 euk predictions
>Ga01g00088.F1_CDS 
# Name=Ga01g00088.F1_CDS	Length=70
#		SignalP-noTM	SignalP-TM
# pos	aa	CS	SP	CS	SP	TM
1    	M	0.103	0.870	0.103	0.858	0.146
2    	A	0.104	0.883	0.103	0.904	0.112
3    	N	0.098	0.923	0.099	0.926	0.091
4    	H	0.102	0.954	0.102	0.939	0.075
5    	P	0.100	0.955	0.100	0.932	0.086
6    	V	0.102	0.939	0.103	0.931	0.108
7    	F	0.102	0.920	0.103	0.930	0.146
8    	F	0.102	0.919	0.103	0.918	0.167
9    	L	0.100	0.921	0.100	0.938	0.148
10   	V	0.102	0.923	0.103	0.948	0.136
11   	Y	0.103	0.947	0.104	0.957	0.094
12   	L	0.105	0.972	0.105	0.964	0.093
13   	L	0.103	0.971	0.103	0.936	0.112
14   	A	0.107	0.973	0.106	0.936	0.110
15   	L	0.102	0.969	0.102	0.935	0.119
16   	A	0.101	0.970	0.102	0.950	0.100
17   	T	0.148	0.942	0.131	0.938	0.095
18   	S	0.106	0.942	0.108	0.963	0.069
19   	L	0.266	0.920	0.285	0.938	0.068
20   	H	0.108	0.907	0.112	0.920	0.072
21   	S	0.128	0.854	0.127	0.874	0.096
22   	S	0.384	0.653	0.408	0.647	0.164
23   	T	0.141	0.579	0.125	0.535	0.178
24   	A	0.170	0.506	0.169	0.457	0.144
25   	V	0.730	0.141	0.706	0.144	0.137
26   	D	0.106	0.128	0.108	0.135	0.130
27   	Y	0.107	0.145	0.107	0.145	0.117
28   	T	0.129	0.110	0.114	0.116	0.108
29   	V	0.109	0.117	0.107	0.106	0.107
30   	T	0.101	0.142	0.102	0.122	0.102
31   	N	0.159	0.120	0.132	0.104	0.102
32   	E	0.100	0.112	0.100	0.100	0.108
33   	V	0.107	0.106	0.104	0.099	0.107
34   	P	0.103	0.094	0.104	0.100	0.099
35   	T	0.104	0.089	0.103	0.097	0.102
36   	T	0.105	0.091	0.104	0.092	0.102
37   	P	0.108	0.088	0.106	0.097	0.105
38   	G	0.107	0.090	0.106	0.107	0.104
39   	G	0.098	0.093	0.100	0.100	0.100
40   	T	0.099	0.090	0.100	0.097	0.099
41   	V	0.106	0.096	0.105	0.099	0.102
42   	F	0.103	0.097	0.103	0.097	0.110
43   	D	0.100	0.100	0.100	0.098	0.110
44   	K	0.100	0.107	0.101	0.104	0.108
45   	E	0.107	0.100	0.105	0.102	0.106
46   	L	0.107	0.097	0.105	0.103	0.121
47   	G	0.101	0.099	0.103	0.103	0.124
48   	V	0.100	0.092	0.101	0.099	0.133
49   	E	0.105	0.100	0.105	0.101	0.110
50   	Y	0.102	0.094	0.103	0.098	0.104
51   	T	0.098	0.100	0.101	0.099	0.100
52   	R	0.102	0.097	0.103	0.098	0.103
53   	Q	0.105	0.093	0.104	0.095	0.104
54   	Q	0.100	0.091	0.101	0.096	0.100
55   	M	0.098	0.095	0.101	0.099	0.098
56   	E	0.099	0.099	0.101	0.099	0.095
57   	S	0.103	0.102	0.104	0.098	0.098
58   	A	0.098	0.101	0.100	0.100	0.097
59   	S	0.098	0.110	0.100	0.101	0.101
60   	Q	0.098	0.109	0.101	0.103	0.098
61   	F	0.094	0.104	0.099	0.104	0.102
62   	I	0.100	0.103	0.102	0.101	0.108
63   	W	0.100	0.099	0.102	0.099	0.110
64   	N	0.105	0.102	0.105	0.101	0.102
65   	L	0.101	0.098	0.102	0.100	0.105
66   	F	0.107	0.100	0.105	0.102	0.102
67   	R	0.103	0.100	0.103	0.100	0.105
68   	Q	0.104	0.100	0.103	0.102	0.101
69   	P	0.102	0.098	0.103	0.102	0.101
70   	D	0.106	0.096	0.105	0.100	0.102
# Measure  Position  Value    Cutoff   signal peptide?
  max. C    25       0.730
  max. Y    25       0.806
  max. S    14       0.973
  mean S     1-24    0.888
       D     1-24    0.850   0.450   YES
Name=Ga01g00088.F1_CDS	SP='YES' Cleavage site between pos. 24 and 25: STA-VD D=0.850 D-cutoff=0.450 Networks=SignalP-noTM
