# SignalP-4.1 euk predictions
>Ga01g00011.F1_CDS 
# Name=Ga01g00011.F1_CDS	Length=70
#		SignalP-noTM	SignalP-TM
# pos	aa	CS	SP	CS	SP	TM
1    	M	0.103	0.093	0.103	0.085	0.109
2    	A	0.104	0.102	0.103	0.087	0.116
3    	D	0.098	0.110	0.100	0.089	0.111
4    	E	0.101	0.109	0.101	0.085	0.116
5    	D	0.102	0.099	0.101	0.078	0.112
6    	I	0.103	0.089	0.103	0.075	0.119
7    	Q	0.101	0.100	0.101	0.083	0.120
8    	P	0.102	0.093	0.102	0.080	0.124
9    	L	0.103	0.092	0.102	0.072	0.130
10   	V	0.102	0.083	0.103	0.078	0.114
11   	C	0.101	0.080	0.102	0.077	0.111
12   	D	0.105	0.082	0.104	0.063	0.132
13   	N	0.095	0.078	0.098	0.076	0.123
14   	G	0.103	0.085	0.104	0.076	0.119
15   	T	0.100	0.091	0.101	0.066	0.115
16   	G	0.101	0.090	0.103	0.077	0.118
17   	M	0.096	0.092	0.099	0.090	0.108
18   	V	0.097	0.091	0.099	0.083	0.113
19   	K	0.098	0.092	0.099	0.092	0.102
20   	A	0.100	0.105	0.102	0.102	0.103
21   	G	0.111	0.100	0.125	0.100	0.103
22   	F	0.103	0.103	0.103	0.101	0.101
23   	A	0.106	0.099	0.105	0.098	0.102
24   	G	0.115	0.094	0.110	0.103	0.096
25   	D	0.101	0.103	0.101	0.100	0.104
26   	D	0.101	0.096	0.103	0.103	0.097
27   	A	0.109	0.089	0.106	0.099	0.099
28   	P	0.099	0.092	0.098	0.100	0.100
29   	R	0.104	0.099	0.103	0.104	0.099
30   	A	0.104	0.088	0.104	0.101	0.098
31   	V	0.096	0.083	0.100	0.098	0.097
32   	F	0.102	0.093	0.102	0.102	0.107
33   	P	0.098	0.094	0.102	0.108	0.100
34   	S	0.108	0.084	0.107	0.104	0.105
35   	I	0.108	0.082	0.105	0.106	0.108
36   	V	0.102	0.088	0.103	0.108	0.108
37   	G	0.101	0.086	0.102	0.099	0.108
38   	R	0.101	0.094	0.102	0.103	0.106
39   	P	0.106	0.097	0.103	0.106	0.106
40   	R	0.110	0.096	0.106	0.097	0.106
41   	H	0.105	0.088	0.104	0.097	0.102
42   	T	0.100	0.093	0.101	0.103	0.109
43   	G	0.103	0.085	0.103	0.090	0.108
44   	V	0.099	0.088	0.101	0.095	0.108
45   	M	0.105	0.090	0.103	0.094	0.109
46   	V	0.103	0.094	0.103	0.093	0.112
47   	G	0.099	0.097	0.101	0.096	0.110
48   	M	0.099	0.096	0.101	0.097	0.110
49   	G	0.109	0.102	0.105	0.097	0.122
50   	Q	0.101	0.101	0.101	0.103	0.110
51   	K	0.106	0.100	0.105	0.103	0.106
52   	D	0.100	0.099	0.101	0.106	0.100
53   	A	0.105	0.098	0.105	0.100	0.104
54   	Y	0.098	0.109	0.098	0.103	0.102
55   	V	0.107	0.107	0.105	0.103	0.108
56   	G	0.102	0.115	0.102	0.103	0.101
57   	D	0.100	0.105	0.100	0.105	0.101
58   	E	0.101	0.106	0.102	0.103	0.102
59   	A	0.101	0.099	0.102	0.106	0.104
60   	Q	0.096	0.106	0.099	0.104	0.097
61   	S	0.104	0.100	0.104	0.103	0.098
62   	K	0.099	0.103	0.100	0.103	0.096
63   	R	0.106	0.099	0.106	0.098	0.098
64   	G	0.107	0.101	0.105	0.101	0.100
65   	I	0.099	0.098	0.101	0.098	0.100
66   	L	0.106	0.097	0.105	0.099	0.101
67   	T	0.104	0.096	0.104	0.099	0.097
68   	L	0.101	0.098	0.102	0.099	0.101
69   	K	0.100	0.101	0.102	0.102	0.100
70   	Y	0.103	0.098	0.102	0.102	0.100
# Measure  Position  Value    Cutoff   signal peptide?
  max. C    24       0.115
  max. Y    24       0.104
  max. S    56       0.115
  mean S     1-23    0.094
       D     1-23    0.099   0.450   NO
Name=Ga01g00011.F1_CDS	SP='NO' D=0.099 D-cutoff=0.450 Networks=SignalP-noTM
