# SignalP-4.1 euk predictions
>Ga01g00094.F2_CDS 
# Name=Ga01g00094.F2_CDS	Length=70
#		SignalP-noTM	SignalP-TM
# pos	aa	CS	SP	CS	SP	TM
1    	M	0.102	0.646	0.102	0.551	0.104
2    	E	0.103	0.568	0.102	0.472	0.113
3    	L	0.101	0.627	0.102	0.503	0.122
4    	R	0.101	0.547	0.102	0.428	0.131
5    	T	0.107	0.588	0.105	0.473	0.153
6    	L	0.104	0.519	0.104	0.484	0.176
7    	Q	0.103	0.535	0.103	0.461	0.173
8    	H	0.104	0.650	0.103	0.489	0.201
9    	H	0.101	0.694	0.101	0.540	0.206
10   	L	0.098	0.663	0.100	0.559	0.248
11   	L	0.102	0.618	0.103	0.605	0.290
12   	Q	0.103	0.674	0.101	0.590	0.237
13   	G	0.100	0.701	0.101	0.557	0.349
14   	F	0.094	0.649	0.098	0.466	0.385
15   	M	0.102	0.660	0.103	0.456	0.366
16   	L	0.099	0.673	0.101	0.488	0.341
17   	L	0.096	0.601	0.100	0.518	0.335
18   	S	0.094	0.590	0.099	0.534	0.373
19   	L	0.100	0.567	0.099	0.551	0.338
20   	I	0.097	0.666	0.100	0.634	0.265
21   	S	0.101	0.626	0.102	0.605	0.253
22   	N	0.102	0.436	0.103	0.450	0.264
23   	C	0.105	0.581	0.107	0.577	0.230
24   	Y	0.121	0.612	0.121	0.556	0.220
25   	A	0.101	0.694	0.102	0.572	0.207
26   	R	0.872	0.116	0.826	0.159	0.174
27   	F	0.109	0.135	0.105	0.138	0.207
28   	V	0.113	0.129	0.108	0.139	0.184
29   	V	0.099	0.172	0.101	0.158	0.133
30   	E	0.104	0.144	0.104	0.137	0.112
31   	K	0.160	0.112	0.153	0.107	0.103
32   	N	0.105	0.107	0.103	0.094	0.100
33   	S	0.104	0.109	0.103	0.100	0.107
34   	L	0.102	0.108	0.102	0.102	0.106
35   	T	0.105	0.105	0.105	0.097	0.107
36   	V	0.102	0.108	0.102	0.098	0.107
37   	T	0.103	0.105	0.103	0.104	0.102
38   	S	0.108	0.097	0.105	0.098	0.099
39   	P	0.098	0.102	0.100	0.102	0.099
40   	E	0.110	0.095	0.107	0.099	0.098
41   	K	0.099	0.097	0.101	0.100	0.101
42   	I	0.094	0.096	0.097	0.100	0.101
43   	K	0.100	0.102	0.101	0.099	0.100
44   	G	0.104	0.102	0.102	0.096	0.104
45   	T	0.107	0.097	0.106	0.097	0.101
46   	H	0.103	0.100	0.103	0.099	0.108
47   	D	0.105	0.102	0.103	0.092	0.109
48   	S	0.101	0.090	0.102	0.091	0.118
49   	A	0.097	0.093	0.098	0.094	0.130
50   	I	0.098	0.099	0.099	0.091	0.133
51   	G	0.105	0.101	0.104	0.091	0.133
52   	N	0.095	0.096	0.098	0.094	0.133
53   	F	0.105	0.088	0.105	0.080	0.151
54   	G	0.104	0.087	0.104	0.069	0.165
55   	I	0.101	0.093	0.101	0.072	0.157
56   	P	0.105	0.103	0.105	0.078	0.129
57   	Q	0.101	0.097	0.102	0.078	0.129
58   	Y	0.106	0.097	0.105	0.076	0.131
59   	G	0.101	0.093	0.102	0.084	0.131
60   	G	0.098	0.095	0.100	0.085	0.140
61   	S	0.097	0.098	0.099	0.081	0.161
62   	M	0.104	0.099	0.103	0.081	0.152
63   	A	0.103	0.099	0.103	0.076	0.188
64   	G	0.096	0.100	0.099	0.079	0.181
65   	V	0.098	0.099	0.101	0.074	0.198
66   	V	0.105	0.100	0.105	0.068	0.224
67   	V	0.105	0.096	0.105	0.081	0.169
68   	Y	0.102	0.098	0.102	0.091	0.140
69   	P	0.098	0.100	0.100	0.098	0.118
70   	K	0.108	0.101	0.106	0.097	0.103
# Measure  Position  Value    Cutoff   signal peptide?
  max. C    26       0.872
  max. Y    26       0.733
  max. S    13       0.701
  mean S     1-25    0.615
       D     1-25    0.669   0.450   YES
Name=Ga01g00094.F2_CDS	SP='YES' Cleavage site between pos. 25 and 26: CYA-RF D=0.669 D-cutoff=0.450 Networks=SignalP-noTM
