# SignalP-4.1 euk predictions
>Ga01g00045.F1_CDS 
# Name=Ga01g00045.F1_CDS	Length=70
#		SignalP-noTM	SignalP-TM
# pos	aa	CS	SP	CS	SP	TM
1    	M	0.103	0.118	0.103	0.108	0.104
2    	A	0.104	0.104	0.102	0.093	0.114
3    	P	0.096	0.107	0.098	0.094	0.116
4    	K	0.103	0.101	0.103	0.086	0.120
5    	K	0.100	0.100	0.101	0.081	0.122
6    	D	0.103	0.096	0.103	0.084	0.119
7    	K	0.103	0.099	0.102	0.087	0.118
8    	A	0.103	0.105	0.103	0.083	0.126
9    	P	0.096	0.110	0.098	0.080	0.127
10   	P	0.106	0.102	0.104	0.084	0.125
11   	P	0.102	0.096	0.103	0.078	0.123
12   	S	0.108	0.085	0.105	0.061	0.133
13   	S	0.100	0.088	0.101	0.064	0.127
14   	K	0.097	0.094	0.099	0.079	0.127
15   	P	0.101	0.102	0.102	0.086	0.120
16   	A	0.101	0.110	0.102	0.091	0.114
17   	K	0.099	0.109	0.100	0.105	0.111
18   	S	0.108	0.107	0.106	0.103	0.109
19   	G	0.101	0.113	0.102	0.107	0.106
20   	G	0.101	0.113	0.101	0.106	0.103
21   	G	0.098	0.110	0.099	0.104	0.106
22   	K	0.101	0.114	0.101	0.114	0.105
23   	Q	0.103	0.109	0.102	0.108	0.105
24   	K	0.100	0.112	0.101	0.108	0.104
25   	K	0.103	0.110	0.102	0.109	0.106
26   	K	0.102	0.112	0.103	0.108	0.104
27   	K	0.107	0.105	0.105	0.110	0.104
28   	W	0.102	0.110	0.102	0.109	0.106
29   	S	0.103	0.102	0.103	0.108	0.100
30   	K	0.099	0.100	0.101	0.106	0.103
31   	G	0.099	0.103	0.101	0.107	0.103
32   	K	0.099	0.103	0.100	0.107	0.102
33   	Q	0.102	0.100	0.102	0.105	0.101
34   	K	0.103	0.100	0.103	0.106	0.102
35   	E	0.104	0.101	0.102	0.111	0.107
36   	K	0.101	0.101	0.102	0.109	0.105
37   	V	0.101	0.100	0.102	0.108	0.105
38   	N	0.106	0.100	0.104	0.099	0.106
39   	N	0.104	0.098	0.104	0.092	0.107
40   	M	0.099	0.097	0.100	0.095	0.108
41   	V	0.100	0.099	0.102	0.093	0.102
42   	L	0.106	0.094	0.105	0.088	0.107
43   	F	0.098	0.088	0.101	0.085	0.110
44   	D	0.103	0.094	0.102	0.090	0.106
45   	Q	0.106	0.096	0.104	0.095	0.105
46   	A	0.108	0.090	0.105	0.093	0.107
47   	T	0.093	0.092	0.096	0.092	0.102
48   	Y	0.105	0.091	0.104	0.090	0.106
49   	D	0.097	0.090	0.099	0.090	0.104
50   	K	0.099	0.090	0.100	0.088	0.099
51   	L	0.096	0.096	0.099	0.095	0.108
52   	L	0.098	0.100	0.100	0.098	0.108
53   	S	0.101	0.090	0.103	0.098	0.107
54   	E	0.102	0.096	0.102	0.100	0.103
55   	A	0.103	0.099	0.102	0.102	0.104
56   	P	0.096	0.102	0.098	0.103	0.101
57   	K	0.102	0.100	0.104	0.100	0.104
58   	Y	0.097	0.097	0.099	0.102	0.104
59   	K	0.098	0.096	0.101	0.105	0.102
60   	L	0.104	0.102	0.103	0.101	0.105
61   	I	0.097	0.099	0.100	0.101	0.107
62   	T	0.098	0.101	0.100	0.098	0.105
63   	P	0.105	0.099	0.105	0.096	0.106
64   	S	0.104	0.100	0.103	0.091	0.117
65   	I	0.105	0.095	0.103	0.096	0.119
66   	L	0.100	0.096	0.102	0.102	0.111
67   	I	0.098	0.097	0.099	0.103	0.111
68   	D	0.097	0.095	0.099	0.100	0.103
69   	R	0.102	0.099	0.103	0.097	0.098
70   	M	0.108	0.097	0.106	0.092	0.097
# Measure  Position  Value    Cutoff   signal peptide?
  max. C    70       0.108
  max. Y    12       0.109
  max. S     1       0.118
  mean S     1-11    0.104
       D     1-11    0.106   0.450   NO
Name=Ga01g00045.F1_CDS	SP='NO' D=0.106 D-cutoff=0.450 Networks=SignalP-noTM
