# SignalP-4.1 euk predictions
>Ga01g00022.F1_CDS 
# Name=Ga01g00022.F1_CDS	Length=70
#		SignalP-noTM	SignalP-TM
# pos	aa	CS	SP	CS	SP	TM
1    	M	0.104	0.100	0.103	0.095	0.108
2    	A	0.103	0.096	0.103	0.089	0.111
3    	G	0.097	0.097	0.099	0.089	0.117
4    	D	0.101	0.091	0.102	0.088	0.113
5    	S	0.102	0.097	0.102	0.086	0.113
6    	E	0.099	0.109	0.100	0.101	0.117
7    	M	0.101	0.111	0.101	0.097	0.115
8    	N	0.099	0.107	0.100	0.091	0.119
9    	P	0.103	0.113	0.103	0.110	0.114
10   	E	0.102	0.112	0.102	0.105	0.118
11   	Q	0.106	0.114	0.104	0.108	0.112
12   	V	0.103	0.102	0.103	0.092	0.121
13   	E	0.098	0.092	0.100	0.102	0.123
14   	E	0.098	0.094	0.101	0.112	0.115
15   	E	0.096	0.107	0.100	0.127	0.119
16   	F	0.103	0.101	0.104	0.110	0.118
17   	S	0.105	0.105	0.104	0.106	0.112
18   	V	0.098	0.096	0.100	0.106	0.116
19   	W	0.103	0.100	0.103	0.104	0.105
20   	K	0.101	0.095	0.102	0.104	0.100
21   	K	0.097	0.092	0.099	0.102	0.097
22   	N	0.102	0.091	0.102	0.103	0.105
23   	T	0.103	0.092	0.103	0.101	0.108
24   	P	0.102	0.092	0.102	0.108	0.125
25   	F	0.104	0.089	0.103	0.108	0.131
26   	L	0.099	0.091	0.101	0.106	0.134
27   	Y	0.100	0.096	0.102	0.099	0.167
28   	D	0.098	0.095	0.099	0.102	0.141
29   	L	0.102	0.096	0.103	0.104	0.161
30   	V	0.103	0.098	0.103	0.101	0.151
31   	I	0.104	0.106	0.104	0.101	0.153
32   	S	0.105	0.108	0.105	0.126	0.166
33   	H	0.103	0.101	0.101	0.104	0.128
34   	P	0.101	0.120	0.103	0.121	0.137
35   	L	0.107	0.101	0.106	0.110	0.132
36   	E	0.095	0.124	0.098	0.121	0.125
37   	W	0.099	0.129	0.098	0.142	0.137
38   	P	0.098	0.125	0.099	0.126	0.135
39   	S	0.102	0.122	0.102	0.120	0.146
40   	L	0.096	0.125	0.099	0.120	0.144
41   	T	0.102	0.119	0.102	0.115	0.126
42   	V	0.114	0.105	0.106	0.104	0.118
43   	H	0.100	0.113	0.101	0.104	0.105
44   	W	0.101	0.110	0.101	0.111	0.113
45   	V	0.099	0.110	0.100	0.107	0.111
46   	P	0.101	0.109	0.102	0.114	0.105
47   	S	0.105	0.112	0.104	0.104	0.102
48   	S	0.104	0.098	0.102	0.098	0.103
49   	P	0.104	0.105	0.103	0.107	0.102
50   	T	0.104	0.109	0.102	0.100	0.102
51   	P	0.099	0.101	0.100	0.107	0.099
52   	Y	0.101	0.099	0.102	0.102	0.098
53   	G	0.104	0.098	0.102	0.103	0.102
54   	P	0.098	0.096	0.100	0.105	0.099
55   	D	0.104	0.104	0.101	0.105	0.099
56   	P	0.100	0.095	0.101	0.105	0.099
57   	T	0.103	0.106	0.104	0.104	0.102
58   	F	0.106	0.101	0.104	0.104	0.107
59   	N	0.108	0.104	0.107	0.101	0.099
60   	V	0.106	0.101	0.104	0.102	0.102
61   	H	0.100	0.101	0.102	0.101	0.099
62   	K	0.105	0.098	0.106	0.099	0.102
63   	L	0.108	0.095	0.105	0.096	0.103
64   	V	0.105	0.094	0.106	0.096	0.104
65   	L	0.107	0.095	0.105	0.096	0.104
66   	G	0.106	0.092	0.105	0.094	0.100
67   	T	0.098	0.094	0.098	0.095	0.104
68   	H	0.108	0.092	0.107	0.093	0.098
69   	T	0.101	0.091	0.103	0.094	0.099
70   	S	0.100	0.094	0.101	0.094	0.097
# Measure  Position  Value    Cutoff   signal peptide?
  max. C    42       0.114
  max. Y    42       0.109
  max. S    37       0.129
  mean S     1-41    0.104
       D     1-41    0.106   0.450   NO
Name=Ga01g00022.F1_CDS	SP='NO' D=0.106 D-cutoff=0.450 Networks=SignalP-noTM
