# SignalP-4.1 euk predictions
>Ga01g00016.F2_CDS 
# Name=Ga01g00016.F2_CDS	Length=70
#		SignalP-noTM	SignalP-TM
# pos	aa	CS	SP	CS	SP	TM
1    	M	0.101	0.091	0.101	0.077	0.102
2    	V	0.101	0.088	0.102	0.075	0.106
3    	M	0.101	0.086	0.102	0.081	0.102
4    	E	0.103	0.095	0.102	0.079	0.105
5    	D	0.100	0.091	0.101	0.077	0.106
6    	T	0.100	0.094	0.101	0.089	0.101
7    	E	0.104	0.099	0.104	0.084	0.103
8    	S	0.101	0.096	0.101	0.091	0.102
9    	C	0.100	0.094	0.101	0.087	0.102
10   	G	0.098	0.093	0.100	0.088	0.105
11   	S	0.097	0.096	0.099	0.087	0.102
12   	K	0.100	0.095	0.102	0.080	0.115
13   	A	0.100	0.107	0.101	0.083	0.114
14   	N	0.098	0.104	0.102	0.104	0.116
15   	D	0.100	0.102	0.102	0.109	0.109
16   	T	0.097	0.102	0.100	0.112	0.106
17   	P	0.103	0.104	0.103	0.112	0.105
18   	P	0.106	0.104	0.105	0.110	0.101
19   	L	0.101	0.103	0.101	0.105	0.106
20   	Q	0.099	0.098	0.101	0.103	0.098
21   	S	0.103	0.103	0.102	0.103	0.099
22   	Q	0.096	0.108	0.103	0.111	0.098
23   	K	0.100	0.100	0.102	0.101	0.099
24   	Q	0.103	0.095	0.103	0.104	0.097
25   	R	0.104	0.093	0.104	0.098	0.099
26   	L	0.101	0.097	0.101	0.100	0.096
27   	K	0.100	0.094	0.102	0.099	0.097
28   	F	0.099	0.091	0.101	0.098	0.098
29   	D	0.102	0.095	0.102	0.100	0.095
30   	V	0.095	0.092	0.099	0.096	0.095
31   	Y	0.105	0.093	0.104	0.094	0.099
32   	N	0.100	0.085	0.101	0.092	0.098
33   	E	0.099	0.092	0.100	0.097	0.101
34   	V	0.097	0.088	0.100	0.094	0.101
35   	L	0.102	0.091	0.103	0.101	0.102
36   	R	0.099	0.096	0.101	0.102	0.095
37   	R	0.103	0.101	0.102	0.106	0.099
38   	L	0.104	0.102	0.103	0.103	0.100
39   	R	0.105	0.104	0.104	0.107	0.100
40   	R	0.105	0.102	0.103	0.107	0.100
41   	S	0.107	0.102	0.105	0.110	0.102
42   	D	0.098	0.099	0.099	0.111	0.100
43   	K	0.103	0.110	0.102	0.131	0.093
44   	E	0.101	0.106	0.100	0.121	0.095
45   	E	0.099	0.113	0.101	0.118	0.101
46   	A	0.100	0.106	0.101	0.113	0.103
47   	D	0.094	0.105	0.096	0.113	0.098
48   	W	0.100	0.103	0.101	0.117	0.102
49   	P	0.100	0.112	0.102	0.115	0.105
50   	G	0.102	0.103	0.103	0.116	0.105
51   	F	0.101	0.103	0.101	0.107	0.102
52   	D	0.109	0.098	0.107	0.099	0.103
53   	H	0.104	0.098	0.104	0.103	0.100
54   	Q	0.102	0.094	0.102	0.103	0.099
55   	L	0.103	0.092	0.103	0.102	0.103
56   	W	0.105	0.098	0.104	0.100	0.096
57   	T	0.104	0.101	0.104	0.098	0.100
58   	H	0.102	0.106	0.103	0.101	0.098
59   	F	0.097	0.096	0.100	0.099	0.100
60   	D	0.098	0.102	0.102	0.100	0.098
61   	R	0.101	0.098	0.103	0.101	0.099
62   	L	0.102	0.100	0.102	0.099	0.100
63   	P	0.106	0.096	0.106	0.098	0.097
64   	T	0.101	0.097	0.102	0.096	0.098
65   	R	0.099	0.097	0.102	0.095	0.100
66   	Y	0.105	0.096	0.103	0.102	0.103
67   	A	0.101	0.098	0.102	0.103	0.104
68   	L	0.104	0.099	0.100	0.103	0.100
69   	D	0.103	0.100	0.103	0.099	0.101
70   	V	0.098	0.100	0.101	0.098	0.099
# Measure  Position  Value    Cutoff   signal peptide?
  max. C    52       0.109
  max. Y    52       0.105
  max. S    45       0.113
  mean S     1-51    0.099
       D     1-51    0.101   0.450   NO
Name=Ga01g00016.F2_CDS	SP='NO' D=0.101 D-cutoff=0.450 Networks=SignalP-noTM
