# SignalP-4.1 euk predictions
>Ga01g00053.F1_CDS 
# Name=Ga01g00053.F1_CDS	Length=70
#		SignalP-noTM	SignalP-TM
# pos	aa	CS	SP	CS	SP	TM
1    	M	0.101	0.185	0.101	0.170	0.102
2    	P	0.104	0.145	0.103	0.164	0.104
3    	H	0.105	0.187	0.104	0.217	0.102
4    	A	0.106	0.164	0.104	0.175	0.106
5    	L	0.095	0.126	0.098	0.147	0.107
6    	R	0.102	0.119	0.102	0.139	0.099
7    	N	0.103	0.107	0.103	0.113	0.105
8    	A	0.105	0.103	0.104	0.104	0.104
9    	E	0.096	0.103	0.097	0.099	0.104
10   	S	0.105	0.099	0.104	0.106	0.095
11   	S	0.099	0.103	0.102	0.092	0.091
12   	D	0.100	0.087	0.101	0.069	0.107
13   	D	0.100	0.089	0.101	0.073	0.106
14   	L	0.099	0.097	0.100	0.087	0.106
15   	P	0.103	0.096	0.103	0.083	0.103
16   	L	0.103	0.097	0.103	0.090	0.101
17   	W	0.102	0.097	0.102	0.092	0.098
18   	G	0.100	0.099	0.101	0.095	0.098
19   	F	0.100	0.094	0.101	0.101	0.095
20   	V	0.100	0.099	0.102	0.098	0.102
21   	G	0.100	0.104	0.101	0.101	0.100
22   	E	0.101	0.098	0.101	0.105	0.099
23   	L	0.101	0.099	0.100	0.099	0.102
24   	H	0.107	0.104	0.104	0.100	0.100
25   	P	0.101	0.101	0.102	0.104	0.098
26   	D	0.101	0.104	0.104	0.105	0.098
27   	R	0.103	0.108	0.102	0.106	0.097
28   	N	0.106	0.111	0.105	0.115	0.093
29   	S	0.101	0.110	0.105	0.109	0.095
30   	E	0.099	0.110	0.108	0.107	0.093
31   	N	0.101	0.111	0.103	0.104	0.094
32   	G	0.101	0.102	0.101	0.097	0.099
33   	K	0.096	0.101	0.100	0.097	0.095
34   	H	0.102	0.104	0.103	0.108	0.103
35   	V	0.103	0.102	0.103	0.105	0.107
36   	L	0.104	0.108	0.103	0.109	0.111
37   	Y	0.102	0.099	0.103	0.104	0.099
38   	T	0.100	0.097	0.101	0.101	0.105
39   	H	0.107	0.099	0.105	0.100	0.098
40   	K	0.105	0.096	0.104	0.098	0.101
41   	N	0.102	0.092	0.102	0.098	0.098
42   	I	0.101	0.086	0.102	0.091	0.105
43   	V	0.099	0.087	0.102	0.090	0.104
44   	I	0.105	0.085	0.104	0.087	0.104
45   	K	0.099	0.077	0.101	0.089	0.097
46   	Y	0.096	0.090	0.099	0.091	0.104
47   	N	0.095	0.087	0.100	0.093	0.100
48   	K	0.102	0.094	0.103	0.096	0.100
49   	D	0.101	0.092	0.101	0.095	0.100
50   	Q	0.102	0.092	0.102	0.091	0.101
51   	I	0.101	0.090	0.102	0.094	0.106
52   	I	0.100	0.096	0.101	0.096	0.105
53   	H	0.100	0.096	0.102	0.096	0.104
54   	V	0.102	0.095	0.101	0.099	0.104
55   	N	0.098	0.102	0.101	0.100	0.104
56   	L	0.104	0.107	0.103	0.105	0.098
57   	T	0.098	0.104	0.100	0.101	0.101
58   	Q	0.103	0.102	0.103	0.101	0.100
59   	E	0.100	0.101	0.101	0.103	0.096
60   	S	0.097	0.107	0.099	0.102	0.096
61   	P	0.102	0.104	0.103	0.102	0.097
62   	K	0.101	0.103	0.102	0.101	0.102
63   	Q	0.098	0.100	0.100	0.101	0.100
64   	L	0.100	0.102	0.102	0.101	0.102
65   	E	0.101	0.105	0.101	0.105	0.099
66   	A	0.100	0.103	0.101	0.104	0.102
67   	G	0.096	0.104	0.098	0.104	0.101
68   	R	0.098	0.107	0.099	0.106	0.098
69   	T	0.106	0.102	0.105	0.104	0.102
70   	L	0.108	0.101	0.105	0.107	0.099
# Measure  Position  Value    Cutoff   signal peptide?
  max. C    70       0.108
  max. Y    11       0.127
  max. S     3       0.187
  mean S     1-10    0.134
       D     1-10    0.131   0.450   NO
Name=Ga01g00053.F1_CDS	SP='NO' D=0.131 D-cutoff=0.450 Networks=SignalP-noTM
