# SignalP-4.1 euk predictions
>Ga01g00030.F1_CDS 
# Name=Ga01g00030.F1_CDS	Length=70
#		SignalP-noTM	SignalP-TM
# pos	aa	CS	SP	CS	SP	TM
1    	M	0.102	0.107	0.102	0.085	0.111
2    	G	0.103	0.102	0.102	0.084	0.110
3    	E	0.099	0.099	0.100	0.082	0.112
4    	V	0.102	0.092	0.103	0.080	0.108
5    	D	0.104	0.096	0.103	0.083	0.114
6    	Q	0.103	0.095	0.103	0.083	0.110
7    	A	0.100	0.095	0.101	0.077	0.111
8    	F	0.098	0.108	0.099	0.083	0.115
9    	I	0.107	0.102	0.106	0.080	0.111
10   	Q	0.095	0.098	0.098	0.074	0.114
11   	S	0.105	0.106	0.104	0.073	0.120
12   	I	0.100	0.092	0.101	0.081	0.121
13   	E	0.101	0.113	0.102	0.110	0.112
14   	H	0.099	0.102	0.101	0.124	0.106
15   	R	0.098	0.099	0.099	0.113	0.106
16   	A	0.103	0.097	0.102	0.111	0.110
17   	N	0.094	0.101	0.097	0.114	0.108
18   	L	0.099	0.100	0.101	0.109	0.103
19   	D	0.104	0.097	0.104	0.103	0.104
20   	T	0.099	0.098	0.101	0.103	0.099
21   	I	0.106	0.096	0.106	0.104	0.103
22   	E	0.099	0.096	0.100	0.106	0.104
23   	I	0.104	0.089	0.102	0.103	0.105
24   	E	0.104	0.091	0.104	0.108	0.108
25   	G	0.102	0.095	0.102	0.102	0.107
26   	I	0.101	0.095	0.102	0.102	0.115
27   	P	0.104	0.097	0.103	0.106	0.109
28   	L	0.100	0.093	0.102	0.097	0.110
29   	I	0.102	0.097	0.103	0.103	0.111
30   	D	0.100	0.098	0.102	0.103	0.108
31   	L	0.105	0.103	0.105	0.106	0.110
32   	S	0.102	0.101	0.103	0.109	0.112
33   	L	0.098	0.098	0.100	0.106	0.116
34   	S	0.102	0.098	0.102	0.106	0.120
35   	H	0.106	0.094	0.104	0.098	0.111
36   	T	0.101	0.095	0.101	0.092	0.112
37   	T	0.116	0.091	0.107	0.089	0.110
38   	D	0.099	0.095	0.102	0.088	0.111
39   	I	0.101	0.088	0.101	0.083	0.121
40   	N	0.094	0.091	0.098	0.088	0.125
41   	L	0.099	0.093	0.100	0.085	0.139
42   	L	0.097	0.105	0.100	0.092	0.138
43   	V	0.098	0.096	0.100	0.098	0.132
44   	S	0.103	0.095	0.102	0.095	0.121
45   	E	0.102	0.098	0.102	0.096	0.113
46   	I	0.098	0.108	0.100	0.104	0.125
47   	G	0.102	0.100	0.103	0.103	0.122
48   	N	0.098	0.108	0.100	0.103	0.114
49   	A	0.102	0.111	0.102	0.102	0.115
50   	C	0.107	0.093	0.103	0.096	0.114
51   	Q	0.105	0.088	0.102	0.095	0.107
52   	N	0.099	0.088	0.099	0.098	0.118
53   	W	0.095	0.091	0.098	0.103	0.121
54   	G	0.101	0.094	0.102	0.098	0.122
55   	F	0.096	0.102	0.098	0.094	0.126
56   	F	0.101	0.096	0.103	0.094	0.121
57   	Q	0.095	0.101	0.097	0.100	0.115
58   	V	0.102	0.105	0.102	0.100	0.126
59   	I	0.103	0.103	0.103	0.105	0.112
60   	N	0.111	0.097	0.108	0.098	0.111
61   	H	0.098	0.096	0.100	0.097	0.111
62   	G	0.103	0.095	0.103	0.098	0.110
63   	V	0.095	0.099	0.099	0.097	0.115
64   	P	0.104	0.094	0.104	0.092	0.126
65   	L	0.106	0.096	0.104	0.097	0.120
66   	E	0.103	0.096	0.103	0.099	0.112
67   	L	0.101	0.097	0.103	0.101	0.110
68   	L	0.103	0.099	0.103	0.101	0.112
69   	E	0.101	0.097	0.100	0.099	0.104
70   	K	0.101	0.097	0.102	0.097	0.098
# Measure  Position  Value    Cutoff   signal peptide?
  max. C    37       0.116
  max. Y    37       0.106
  max. S    13       0.113
  mean S     1-36    0.098
       D     1-36    0.102   0.450   NO
Name=Ga01g00030.F1_CDS	SP='NO' D=0.102 D-cutoff=0.450 Networks=SignalP-noTM
