# SignalP-4.1 euk predictions
>Ga01g00079.F2_CDS 
# Name=Ga01g00079.F2_CDS	Length=70
#		SignalP-noTM	SignalP-TM
# pos	aa	CS	SP	CS	SP	TM
1    	M	0.101	0.138	0.102	0.130	0.103
2    	T	0.103	0.134	0.103	0.123	0.105
3    	I	0.103	0.132	0.103	0.109	0.112
4    	L	0.101	0.126	0.102	0.110	0.109
5    	S	0.105	0.149	0.104	0.129	0.107
6    	A	0.099	0.134	0.101	0.123	0.111
7    	V	0.096	0.126	0.098	0.117	0.117
8    	E	0.102	0.118	0.102	0.113	0.118
9    	S	0.100	0.125	0.101	0.124	0.129
10   	K	0.104	0.121	0.107	0.103	0.115
11   	K	0.100	0.133	0.102	0.115	0.133
12   	T	0.101	0.118	0.101	0.108	0.185
13   	P	0.097	0.122	0.100	0.129	0.219
14   	L	0.100	0.126	0.101	0.140	0.229
15   	I	0.103	0.111	0.103	0.136	0.231
16   	R	0.099	0.113	0.100	0.128	0.230
17   	L	0.102	0.112	0.101	0.150	0.238
18   	C	0.104	0.102	0.104	0.136	0.262
19   	A	0.101	0.106	0.102	0.131	0.238
20   	F	0.096	0.102	0.099	0.104	0.250
21   	E	0.101	0.101	0.102	0.090	0.158
22   	K	0.101	0.094	0.101	0.091	0.183
23   	I	0.103	0.090	0.104	0.096	0.272
24   	C	0.099	0.113	0.101	0.141	0.276
25   	S	0.104	0.128	0.102	0.165	0.292
26   	Y	0.107	0.106	0.105	0.164	0.299
27   	W	0.098	0.092	0.099	0.116	0.355
28   	F	0.097	0.091	0.099	0.088	0.426
29   	F	0.094	0.099	0.097	0.121	0.444
30   	Y	0.102	0.103	0.101	0.148	0.351
31   	S	0.098	0.106	0.100	0.177	0.244
32   	N	0.099	0.115	0.100	0.155	0.191
33   	V	0.098	0.135	0.100	0.160	0.177
34   	R	0.100	0.115	0.101	0.120	0.144
35   	F	0.103	0.111	0.102	0.153	0.174
36   	S	0.102	0.109	0.101	0.140	0.173
37   	C	0.102	0.105	0.100	0.121	0.129
38   	R	0.102	0.112	0.102	0.113	0.122
39   	I	0.108	0.108	0.108	0.117	0.140
40   	Q	0.100	0.105	0.103	0.099	0.116
41   	L	0.103	0.095	0.103	0.095	0.116
42   	Q	0.099	0.102	0.101	0.101	0.117
43   	K	0.099	0.102	0.102	0.093	0.112
44   	V	0.094	0.100	0.098	0.093	0.116
45   	L	0.100	0.111	0.100	0.096	0.114
46   	S	0.108	0.135	0.106	0.098	0.109
47   	Q	0.114	0.105	0.107	0.088	0.107
48   	G	0.102	0.106	0.103	0.087	0.113
49   	F	0.100	0.094	0.100	0.087	0.111
50   	D	0.097	0.093	0.100	0.084	0.100
51   	D	0.104	0.094	0.102	0.092	0.102
52   	T	0.104	0.094	0.102	0.094	0.105
53   	A	0.100	0.106	0.101	0.100	0.104
54   	W	0.090	0.115	0.094	0.106	0.100
55   	S	0.100	0.105	0.102	0.101	0.099
56   	L	0.104	0.107	0.102	0.099	0.101
57   	Q	0.096	0.100	0.099	0.102	0.098
58   	T	0.099	0.103	0.100	0.104	0.106
59   	K	0.103	0.102	0.103	0.101	0.100
60   	T	0.104	0.104	0.104	0.102	0.101
61   	G	0.105	0.103	0.105	0.104	0.101
62   	R	0.103	0.099	0.101	0.104	0.101
63   	Y	0.107	0.100	0.105	0.101	0.103
64   	A	0.099	0.099	0.102	0.101	0.103
65   	G	0.097	0.102	0.098	0.099	0.101
66   	E	0.101	0.102	0.101	0.100	0.101
67   	V	0.102	0.102	0.103	0.101	0.105
68   	R	0.099	0.102	0.102	0.101	0.100
69   	L	0.107	0.102	0.105	0.103	0.105
70   	I	0.101	0.100	0.101	0.102	0.102
# Measure  Position  Value    Cutoff   signal peptide?
  max. C    47       0.114
  max. Y    15       0.117
  max. S     5       0.149
  mean S     1-14    0.129
       D     1-14    0.123   0.450   NO
Name=Ga01g00079.F2_CDS	SP='NO' D=0.123 D-cutoff=0.450 Networks=SignalP-noTM
