# SignalP-4.1 euk predictions
>Ga01g00038.F4_CDS 
# Name=Ga01g00038.F4_CDS	Length=70
#		SignalP-noTM	SignalP-TM
# pos	aa	CS	SP	CS	SP	TM
1    	M	0.101	0.119	0.102	0.104	0.104
2    	D	0.102	0.109	0.102	0.116	0.105
3    	C	0.101	0.107	0.102	0.112	0.104
4    	S	0.101	0.098	0.101	0.108	0.108
5    	Y	0.102	0.101	0.101	0.104	0.105
6    	P	0.101	0.097	0.102	0.095	0.107
7    	A	0.102	0.098	0.102	0.092	0.109
8    	R	0.093	0.094	0.097	0.089	0.107
9    	S	0.105	0.088	0.104	0.081	0.104
10   	S	0.094	0.090	0.099	0.083	0.108
11   	S	0.100	0.106	0.101	0.070	0.113
12   	P	0.100	0.112	0.100	0.067	0.123
13   	L	0.098	0.099	0.100	0.088	0.121
14   	S	0.103	0.094	0.103	0.082	0.114
15   	Y	0.101	0.081	0.101	0.081	0.115
16   	R	0.101	0.090	0.102	0.084	0.107
17   	K	0.102	0.086	0.102	0.084	0.107
18   	S	0.100	0.078	0.101	0.085	0.108
19   	S	0.099	0.084	0.102	0.083	0.104
20   	S	0.097	0.088	0.100	0.087	0.102
21   	F	0.099	0.088	0.103	0.088	0.103
22   	S	0.098	0.089	0.100	0.091	0.101
23   	S	0.099	0.089	0.100	0.094	0.103
24   	T	0.100	0.093	0.101	0.093	0.105
25   	S	0.104	0.092	0.104	0.093	0.103
26   	S	0.101	0.093	0.101	0.097	0.097
27   	T	0.099	0.093	0.100	0.092	0.105
28   	S	0.098	0.095	0.102	0.095	0.105
29   	S	0.101	0.095	0.102	0.093	0.107
30   	F	0.104	0.094	0.104	0.090	0.121
31   	F	0.097	0.092	0.099	0.089	0.120
32   	S	0.102	0.092	0.102	0.092	0.119
33   	N	0.102	0.097	0.101	0.099	0.112
34   	K	0.103	0.094	0.102	0.099	0.107
35   	P	0.101	0.094	0.102	0.097	0.102
36   	M	0.104	0.093	0.104	0.094	0.106
37   	H	0.104	0.099	0.102	0.093	0.108
38   	H	0.101	0.101	0.102	0.096	0.103
39   	M	0.099	0.107	0.101	0.099	0.098
40   	S	0.100	0.108	0.102	0.097	0.104
41   	S	0.097	0.099	0.100	0.097	0.103
42   	S	0.103	0.092	0.103	0.095	0.103
43   	S	0.101	0.097	0.102	0.097	0.103
44   	S	0.095	0.090	0.099	0.099	0.104
45   	S	0.096	0.092	0.099	0.089	0.102
46   	S	0.102	0.095	0.102	0.089	0.103
47   	F	0.101	0.096	0.101	0.094	0.107
48   	F	0.102	0.097	0.102	0.091	0.110
49   	N	0.102	0.091	0.102	0.088	0.103
50   	S	0.102	0.098	0.102	0.095	0.106
51   	G	0.099	0.091	0.100	0.091	0.110
52   	S	0.105	0.085	0.104	0.095	0.107
53   	E	0.100	0.089	0.101	0.093	0.111
54   	Y	0.100	0.095	0.101	0.095	0.108
55   	G	0.098	0.094	0.099	0.097	0.109
56   	S	0.097	0.094	0.099	0.097	0.105
57   	R	0.104	0.100	0.103	0.099	0.101
58   	S	0.104	0.102	0.104	0.100	0.102
59   	M	0.097	0.100	0.100	0.103	0.100
60   	S	0.102	0.104	0.103	0.104	0.101
61   	D	0.102	0.103	0.102	0.103	0.100
62   	S	0.100	0.103	0.103	0.103	0.099
63   	M	0.104	0.104	0.103	0.102	0.101
64   	H	0.102	0.106	0.103	0.105	0.101
65   	Y	0.104	0.100	0.103	0.102	0.102
66   	G	0.104	0.105	0.105	0.103	0.102
67   	S	0.102	0.104	0.102	0.103	0.103
68   	Q	0.103	0.103	0.103	0.103	0.102
69   	G	0.103	0.100	0.104	0.100	0.103
70   	Y	0.099	0.100	0.100	0.103	0.101
# Measure  Position  Value    Cutoff   signal peptide?
  max. C     9       0.105
  max. Y    14       0.106
  max. S     1       0.119
  mean S     1-13    0.101
       D     1-13    0.103   0.450   NO
Name=Ga01g00038.F4_CDS	SP='NO' D=0.103 D-cutoff=0.450 Networks=SignalP-noTM
