# SignalP-4.1 euk predictions
>Ga01g00006.F1_CDS 
# Name=Ga01g00006.F1_CDS	Length=70
#		SignalP-noTM	SignalP-TM
# pos	aa	CS	SP	CS	SP	TM
1    	M	0.102	0.124	0.102	0.153	0.084
2    	E	0.104	0.127	0.104	0.142	0.085
3    	A	0.103	0.143	0.103	0.152	0.074
4    	L	0.097	0.166	0.099	0.141	0.075
5    	L	0.105	0.159	0.104	0.130	0.079
6    	S	0.099	0.151	0.100	0.115	0.081
7    	E	0.102	0.143	0.102	0.114	0.078
8    	F	0.102	0.148	0.102	0.126	0.074
9    	T	0.102	0.115	0.102	0.128	0.076
10   	F	0.102	0.115	0.103	0.144	0.064
11   	L	0.100	0.125	0.101	0.135	0.064
12   	S	0.101	0.120	0.101	0.140	0.074
13   	D	0.099	0.171	0.100	0.192	0.081
14   	Q	0.097	0.139	0.100	0.162	0.087
15   	A	0.100	0.115	0.102	0.172	0.085
16   	L	0.100	0.102	0.104	0.124	0.093
17   	Q	0.099	0.104	0.101	0.127	0.093
18   	D	0.114	0.094	0.122	0.100	0.093
19   	K	0.099	0.090	0.101	0.106	0.091
20   	N	0.092	0.100	0.098	0.112	0.091
21   	F	0.092	0.095	0.098	0.109	0.095
22   	D	0.105	0.098	0.105	0.107	0.101
23   	P	0.100	0.107	0.100	0.109	0.102
24   	S	0.102	0.102	0.101	0.103	0.099
25   	T	0.097	0.103	0.099	0.105	0.102
26   	I	0.099	0.105	0.101	0.111	0.102
27   	E	0.098	0.107	0.099	0.109	0.109
28   	D	0.098	0.107	0.100	0.116	0.110
29   	L	0.098	0.106	0.100	0.115	0.110
30   	M	0.102	0.102	0.102	0.108	0.107
31   	K	0.101	0.100	0.102	0.107	0.105
32   	L	0.103	0.097	0.102	0.104	0.106
33   	F	0.100	0.094	0.102	0.103	0.111
34   	E	0.111	0.097	0.107	0.101	0.104
35   	I	0.103	0.091	0.103	0.095	0.109
36   	E	0.095	0.090	0.099	0.092	0.101
37   	S	0.102	0.085	0.103	0.085	0.114
38   	Y	0.098	0.089	0.099	0.089	0.108
39   	K	0.097	0.099	0.099	0.086	0.109
40   	A	0.101	0.107	0.101	0.091	0.110
41   	W	0.098	0.095	0.099	0.101	0.106
42   	A	0.099	0.107	0.101	0.099	0.108
43   	A	0.104	0.107	0.102	0.105	0.108
44   	M	0.099	0.103	0.101	0.107	0.105
45   	E	0.096	0.113	0.098	0.106	0.104
46   	L	0.098	0.113	0.099	0.109	0.104
47   	E	0.105	0.101	0.103	0.108	0.103
48   	Q	0.102	0.121	0.101	0.107	0.109
49   	E	0.102	0.109	0.102	0.104	0.108
50   	E	0.100	0.109	0.100	0.104	0.109
51   	E	0.105	0.111	0.104	0.105	0.107
52   	V	0.101	0.111	0.102	0.113	0.107
53   	K	0.102	0.109	0.102	0.112	0.107
54   	E	0.105	0.102	0.105	0.106	0.105
55   	A	0.102	0.107	0.102	0.109	0.105
56   	E	0.097	0.103	0.098	0.108	0.103
57   	T	0.106	0.102	0.106	0.105	0.102
58   	S	0.096	0.103	0.099	0.107	0.100
59   	M	0.105	0.108	0.104	0.106	0.099
60   	Q	0.105	0.104	0.104	0.107	0.102
61   	Q	0.104	0.106	0.104	0.105	0.100
62   	A	0.101	0.104	0.102	0.104	0.099
63   	E	0.098	0.103	0.099	0.102	0.100
64   	G	0.107	0.104	0.106	0.099	0.102
65   	Y	0.095	0.106	0.099	0.104	0.101
66   	L	0.105	0.106	0.104	0.101	0.103
67   	D	0.102	0.104	0.103	0.102	0.105
68   	S	0.102	0.103	0.102	0.103	0.099
69   	V	0.098	0.104	0.101	0.102	0.102
70   	M	0.107	0.102	0.106	0.102	0.103
# Measure  Position  Value    Cutoff   signal peptide?
  max. C    18       0.114
  max. Y    18       0.122
  max. S    13       0.171
  mean S     1-17    0.133
       D     1-17    0.128   0.450   NO
Name=Ga01g00006.F1_CDS	SP='NO' D=0.128 D-cutoff=0.450 Networks=SignalP-noTM
