# SignalP-4.1 euk predictions
>Ga01g00019.F1_CDS 
# Name=Ga01g00019.F1_CDS	Length=70
#		SignalP-noTM	SignalP-TM
# pos	aa	CS	SP	CS	SP	TM
1    	M	0.103	0.126	0.103	0.108	0.108
2    	A	0.104	0.134	0.103	0.110	0.105
3    	I	0.098	0.137	0.099	0.099	0.102
4    	F	0.102	0.104	0.102	0.091	0.106
5    	S	0.102	0.109	0.102	0.091	0.111
6    	G	0.101	0.103	0.102	0.094	0.112
7    	N	0.098	0.112	0.099	0.095	0.107
8    	R	0.102	0.101	0.102	0.095	0.108
9    	F	0.102	0.107	0.101	0.099	0.115
10   	K	0.100	0.101	0.100	0.090	0.105
11   	E	0.100	0.101	0.101	0.080	0.118
12   	F	0.104	0.105	0.104	0.092	0.128
13   	V	0.098	0.107	0.100	0.097	0.137
14   	K	0.100	0.112	0.102	0.086	0.128
15   	K	0.101	0.140	0.102	0.098	0.150
16   	Y	0.097	0.129	0.099	0.106	0.194
17   	G	0.102	0.139	0.103	0.125	0.203
18   	K	0.098	0.139	0.100	0.127	0.226
19   	V	0.102	0.149	0.102	0.134	0.398
20   	A	0.100	0.148	0.101	0.128	0.473
21   	L	0.097	0.141	0.098	0.157	0.541
22   	G	0.104	0.154	0.104	0.136	0.494
23   	V	0.099	0.139	0.100	0.131	0.568
24   	H	0.105	0.151	0.105	0.145	0.472
25   	F	0.101	0.145	0.101	0.150	0.555
26   	S	0.098	0.170	0.099	0.118	0.581
27   	V	0.095	0.185	0.100	0.132	0.611
28   	S	0.107	0.255	0.106	0.186	0.579
29   	A	0.103	0.202	0.104	0.155	0.550
30   	A	0.104	0.118	0.102	0.145	0.511
31   	S	0.111	0.126	0.107	0.121	0.467
32   	I	0.108	0.118	0.105	0.108	0.437
33   	T	0.099	0.112	0.100	0.103	0.450
34   	G	0.105	0.139	0.104	0.081	0.599
35   	L	0.108	0.115	0.107	0.066	0.571
36   	Y	0.106	0.132	0.104	0.063	0.460
37   	V	0.101	0.160	0.100	0.078	0.510
38   	A	0.110	0.173	0.106	0.100	0.486
39   	I	0.108	0.118	0.105	0.102	0.284
40   	K	0.106	0.108	0.105	0.103	0.160
41   	N	0.109	0.102	0.105	0.103	0.123
42   	N	0.103	0.113	0.103	0.106	0.126
43   	V	0.099	0.097	0.101	0.102	0.134
44   	D	0.102	0.096	0.103	0.090	0.122
45   	V	0.103	0.116	0.102	0.095	0.122
46   	E	0.105	0.093	0.101	0.089	0.107
47   	S	0.104	0.102	0.104	0.099	0.106
48   	L	0.102	0.101	0.101	0.096	0.112
49   	F	0.102	0.093	0.102	0.100	0.114
50   	D	0.100	0.095	0.101	0.096	0.107
51   	K	0.098	0.093	0.100	0.100	0.101
52   	F	0.105	0.091	0.104	0.097	0.105
53   	H	0.109	0.101	0.107	0.098	0.102
54   	L	0.105	0.101	0.103	0.095	0.101
55   	P	0.101	0.105	0.102	0.099	0.102
56   	G	0.103	0.108	0.102	0.099	0.105
57   	F	0.097	0.102	0.099	0.101	0.099
58   	S	0.101	0.100	0.102	0.101	0.103
59   	K	0.100	0.104	0.101	0.102	0.101
60   	G	0.100	0.102	0.102	0.102	0.101
61   	Q	0.124	0.104	0.106	0.105	0.099
62   	N	0.106	0.104	0.104	0.103	0.102
63   	P	0.100	0.103	0.102	0.104	0.100
64   	P	0.101	0.105	0.101	0.101	0.102
65   	P	0.102	0.106	0.103	0.105	0.104
66   	E	0.104	0.104	0.103	0.106	0.104
67   	L	0.100	0.105	0.102	0.106	0.105
68   	T	0.099	0.106	0.101	0.110	0.103
69   	N	0.100	0.107	0.101	0.109	0.102
70   	P	0.103	0.105	0.104	0.106	0.104
# Measure  Position  Value    Cutoff   signal peptide?
  max. C    31       0.107
  max. Y    31       0.122
  max. S    28       0.186
  mean S     1-30    0.117
       D     1-30    0.120   0.500   NO
Name=Ga01g00019.F1_CDS	SP='NO' D=0.120 D-cutoff=0.500 Networks=SignalP-TM
