# SignalP-4.1 euk predictions
>Ga01g00053.F2_CDS 
# Name=Ga01g00053.F2_CDS	Length=70
#		SignalP-noTM	SignalP-TM
# pos	aa	CS	SP	CS	SP	TM
1    	M	0.102	0.919	0.102	0.632	0.142
2    	Q	0.102	0.935	0.102	0.621	0.146
3    	I	0.104	0.932	0.103	0.655	0.201
4    	H	0.098	0.928	0.100	0.615	0.207
5    	W	0.101	0.928	0.102	0.598	0.258
6    	F	0.095	0.952	0.099	0.587	0.296
7    	S	0.101	0.963	0.101	0.524	0.322
8    	V	0.098	0.957	0.100	0.453	0.562
9    	F	0.098	0.970	0.099	0.479	0.513
10   	N	0.099	0.971	0.100	0.410	0.454
11   	S	0.098	0.961	0.100	0.329	0.642
12   	F	0.098	0.963	0.100	0.281	0.696
13   	M	0.100	0.953	0.102	0.348	0.683
14   	M	0.098	0.960	0.100	0.372	0.680
15   	V	0.098	0.968	0.100	0.414	0.712
16   	I	0.100	0.965	0.101	0.428	0.758
17   	F	0.102	0.984	0.104	0.419	0.797
18   	L	0.105	0.985	0.103	0.447	0.789
19   	T	0.132	0.967	0.119	0.316	0.823
20   	G	0.104	0.964	0.105	0.269	0.858
21   	L	0.146	0.949	0.125	0.272	0.890
22   	V	0.112	0.912	0.106	0.246	0.906
23   	S	0.107	0.916	0.105	0.290	0.818
24   	M	0.167	0.793	0.136	0.223	0.863
25   	I	0.176	0.614	0.136	0.178	0.775
26   	L	0.103	0.695	0.103	0.231	0.639
27   	M	0.106	0.649	0.105	0.171	0.644
28   	R	0.122	0.484	0.115	0.183	0.306
29   	T	0.112	0.672	0.107	0.303	0.257
30   	L	0.132	0.513	0.116	0.226	0.231
31   	R	0.103	0.460	0.103	0.255	0.110
32   	N	0.135	0.326	0.122	0.185	0.108
33   	D	0.118	0.183	0.119	0.140	0.100
34   	Y	0.101	0.171	0.100	0.164	0.107
35   	A	0.106	0.159	0.104	0.134	0.102
36   	K	0.116	0.128	0.117	0.112	0.102
37   	Y	0.104	0.135	0.104	0.120	0.102
38   	A	0.102	0.110	0.102	0.111	0.100
39   	R	0.102	0.100	0.100	0.111	0.102
40   	E	0.106	0.105	0.105	0.107	0.107
41   	D	0.096	0.105	0.099	0.113	0.109
42   	D	0.099	0.106	0.100	0.122	0.111
43   	D	0.103	0.100	0.102	0.121	0.112
44   	L	0.102	0.093	0.102	0.116	0.109
45   	E	0.105	0.105	0.104	0.125	0.114
46   	T	0.102	0.107	0.103	0.113	0.115
47   	L	0.104	0.106	0.103	0.110	0.107
48   	E	0.104	0.104	0.104	0.109	0.104
49   	R	0.102	0.100	0.103	0.105	0.105
50   	D	0.104	0.100	0.103	0.108	0.106
51   	V	0.099	0.101	0.101	0.106	0.102
52   	S	0.107	0.096	0.106	0.102	0.100
53   	E	0.102	0.093	0.102	0.101	0.103
54   	E	0.096	0.089	0.099	0.103	0.108
55   	C	0.103	0.093	0.103	0.101	0.096
56   	G	0.100	0.097	0.102	0.100	0.098
57   	W	0.095	0.099	0.098	0.103	0.099
58   	K	0.101	0.103	0.103	0.101	0.098
59   	L	0.099	0.097	0.101	0.103	0.095
60   	V	0.101	0.100	0.101	0.102	0.097
61   	H	0.100	0.102	0.102	0.104	0.098
62   	G	0.109	0.098	0.106	0.102	0.101
63   	D	0.101	0.106	0.100	0.104	0.102
64   	V	0.110	0.106	0.108	0.105	0.103
65   	F	0.104	0.098	0.104	0.102	0.101
66   	R	0.099	0.100	0.101	0.104	0.100
67   	P	0.102	0.101	0.101	0.104	0.100
68   	P	0.101	0.103	0.103	0.102	0.099
69   	S	0.106	0.100	0.105	0.101	0.102
70   	N	0.103	0.102	0.103	0.100	0.101
# Measure  Position  Value    Cutoff   signal peptide?
  max. C    25       0.136
  max. Y    11       0.240
  max. S     3       0.655
  mean S     1-10    0.557
       D     1-10    0.367   0.500   NO
Name=Ga01g00053.F2_CDS	SP='NO' D=0.367 D-cutoff=0.500 Networks=SignalP-TM
