# SignalP-4.1 euk predictions
>Ga01g00040.F1_CDS 
# Name=Ga01g00040.F1_CDS	Length=70
#		SignalP-noTM	SignalP-TM
# pos	aa	CS	SP	CS	SP	TM
1    	M	0.101	0.165	0.102	0.180	0.095
2    	G	0.103	0.221	0.102	0.261	0.092
3    	D	0.100	0.203	0.101	0.217	0.097
4    	T	0.104	0.182	0.103	0.206	0.093
5    	R	0.104	0.251	0.103	0.296	0.090
6    	G	0.106	0.228	0.104	0.209	0.097
7    	G	0.100	0.234	0.102	0.153	0.100
8    	C	0.100	0.167	0.101	0.160	0.100
9    	C	0.103	0.153	0.102	0.119	0.102
10   	P	0.101	0.114	0.101	0.091	0.103
11   	P	0.097	0.110	0.100	0.087	0.101
12   	M	0.101	0.111	0.102	0.142	0.091
13   	D	0.106	0.101	0.105	0.124	0.108
14   	L	0.102	0.126	0.103	0.128	0.109
15   	F	0.097	0.137	0.100	0.143	0.110
16   	R	0.098	0.149	0.100	0.150	0.120
17   	S	0.107	0.139	0.105	0.151	0.133
18   	E	0.101	0.140	0.102	0.141	0.126
19   	T	0.102	0.123	0.103	0.131	0.141
20   	M	0.103	0.118	0.104	0.149	0.139
21   	Q	0.096	0.113	0.100	0.144	0.151
22   	L	0.103	0.095	0.103	0.147	0.159
23   	V	0.103	0.100	0.103	0.155	0.167
24   	Q	0.098	0.101	0.101	0.156	0.170
25   	L	0.105	0.094	0.105	0.152	0.200
26   	I	0.100	0.089	0.101	0.116	0.258
27   	I	0.100	0.094	0.101	0.143	0.283
28   	P	0.101	0.099	0.103	0.149	0.347
29   	M	0.096	0.095	0.099	0.143	0.306
30   	E	0.098	0.147	0.101	0.200	0.296
31   	S	0.101	0.282	0.102	0.245	0.298
32   	A	0.106	0.172	0.104	0.196	0.296
33   	R	0.101	0.121	0.102	0.187	0.236
34   	L	0.106	0.118	0.104	0.180	0.268
35   	T	0.113	0.107	0.107	0.182	0.273
36   	V	0.099	0.110	0.102	0.186	0.274
37   	Y	0.104	0.106	0.103	0.146	0.245
38   	Y	0.106	0.096	0.104	0.115	0.255
39   	L	0.099	0.105	0.101	0.095	0.255
40   	G	0.105	0.102	0.103	0.112	0.194
41   	K	0.104	0.102	0.102	0.077	0.228
42   	L	0.104	0.100	0.104	0.085	0.192
43   	G	0.104	0.122	0.104	0.068	0.206
44   	L	0.101	0.134	0.101	0.076	0.253
45   	L	0.105	0.117	0.104	0.087	0.169
46   	Q	0.100	0.101	0.101	0.084	0.142
47   	F	0.104	0.094	0.104	0.080	0.149
48   	K	0.100	0.097	0.100	0.092	0.111
49   	D	0.098	0.104	0.100	0.092	0.096
50   	L	0.099	0.107	0.101	0.100	0.103
51   	N	0.103	0.090	0.101	0.100	0.096
52   	S	0.097	0.105	0.099	0.100	0.099
53   	D	0.102	0.107	0.102	0.097	0.096
54   	K	0.094	0.099	0.097	0.093	0.096
55   	S	0.098	0.107	0.098	0.101	0.095
56   	P	0.097	0.108	0.100	0.101	0.097
57   	F	0.098	0.101	0.100	0.105	0.100
58   	R	0.100	0.102	0.101	0.102	0.103
59   	R	0.101	0.105	0.102	0.104	0.099
60   	T	0.098	0.104	0.100	0.105	0.100
61   	Y	0.104	0.107	0.104	0.107	0.098
62   	A	0.108	0.108	0.106	0.105	0.099
63   	G	0.101	0.106	0.099	0.106	0.099
64   	Q	0.101	0.111	0.102	0.107	0.101
65   	I	0.102	0.105	0.102	0.107	0.105
66   	K	0.100	0.098	0.102	0.107	0.100
67   	K	0.106	0.101	0.105	0.103	0.102
68   	C	0.103	0.100	0.104	0.105	0.101
69   	G	0.105	0.098	0.104	0.103	0.099
70   	E	0.102	0.101	0.102	0.103	0.099
# Measure  Position  Value    Cutoff   signal peptide?
  max. C    35       0.113
  max. Y    13       0.135
  max. S    31       0.282
  mean S     1-12    0.178
       D     1-12    0.158   0.450   NO
Name=Ga01g00040.F1_CDS	SP='NO' D=0.158 D-cutoff=0.450 Networks=SignalP-noTM
