# SignalP-4.1 euk predictions
>Ga01g00078.F4_CDS 
# Name=Ga01g00078.F4_CDS	Length=70
#		SignalP-noTM	SignalP-TM
# pos	aa	CS	SP	CS	SP	TM
1    	M	0.101	0.125	0.101	0.117	0.111
2    	D	0.103	0.125	0.102	0.126	0.111
3    	D	0.101	0.112	0.101	0.123	0.111
4    	G	0.103	0.116	0.102	0.131	0.111
5    	P	0.101	0.116	0.102	0.116	0.116
6    	A	0.105	0.101	0.104	0.100	0.116
7    	D	0.095	0.116	0.098	0.123	0.118
8    	S	0.101	0.105	0.103	0.111	0.113
9    	S	0.094	0.099	0.098	0.111	0.113
10   	S	0.099	0.092	0.101	0.098	0.111
11   	S	0.099	0.091	0.101	0.090	0.111
12   	P	0.102	0.093	0.102	0.084	0.126
13   	A	0.103	0.075	0.103	0.090	0.122
14   	A	0.098	0.093	0.099	0.091	0.117
15   	E	0.100	0.084	0.101	0.082	0.122
16   	A	0.101	0.085	0.102	0.090	0.113
17   	S	0.110	0.092	0.115	0.100	0.107
18   	D	0.103	0.091	0.103	0.091	0.101
19   	V	0.099	0.086	0.101	0.090	0.102
20   	Q	0.098	0.089	0.101	0.094	0.095
21   	L	0.106	0.084	0.104	0.096	0.097
22   	P	0.106	0.081	0.104	0.096	0.098
23   	A	0.110	0.080	0.107	0.094	0.102
24   	A	0.100	0.106	0.101	0.110	0.097
25   	T	0.102	0.103	0.102	0.104	0.102
26   	D	0.105	0.105	0.105	0.105	0.093
27   	L	0.102	0.101	0.103	0.108	0.097
28   	G	0.106	0.100	0.105	0.109	0.097
29   	Q	0.101	0.101	0.102	0.107	0.099
30   	Q	0.103	0.105	0.103	0.107	0.097
31   	N	0.104	0.102	0.103	0.104	0.097
32   	L	0.103	0.108	0.102	0.111	0.096
33   	T	0.104	0.110	0.103	0.109	0.098
34   	H	0.102	0.104	0.103	0.105	0.101
35   	D	0.101	0.104	0.102	0.102	0.098
36   	S	0.097	0.101	0.100	0.105	0.098
37   	P	0.096	0.101	0.099	0.105	0.096
38   	S	0.102	0.102	0.103	0.104	0.103
39   	K	0.099	0.103	0.101	0.105	0.099
40   	L	0.096	0.101	0.100	0.103	0.102
41   	S	0.098	0.100	0.101	0.102	0.098
42   	S	0.096	0.098	0.098	0.107	0.102
43   	W	0.101	0.105	0.102	0.106	0.108
44   	A	0.102	0.098	0.102	0.103	0.103
45   	K	0.096	0.095	0.097	0.105	0.104
46   	N	0.106	0.095	0.105	0.097	0.106
47   	L	0.095	0.097	0.097	0.096	0.110
48   	K	0.104	0.093	0.104	0.090	0.102
49   	I	0.103	0.094	0.101	0.088	0.105
50   	P	0.103	0.096	0.103	0.094	0.107
51   	Q	0.103	0.093	0.103	0.098	0.102
52   	P	0.106	0.095	0.105	0.098	0.104
53   	F	0.107	0.103	0.104	0.095	0.112
54   	A	0.107	0.117	0.105	0.109	0.105
55   	A	0.094	0.123	0.098	0.106	0.103
56   	S	0.102	0.117	0.101	0.106	0.099
57   	Q	0.099	0.111	0.100	0.106	0.100
58   	E	0.102	0.109	0.103	0.102	0.100
59   	D	0.103	0.108	0.102	0.106	0.099
60   	S	0.098	0.112	0.100	0.105	0.101
61   	Q	0.101	0.106	0.101	0.107	0.097
62   	T	0.099	0.108	0.101	0.105	0.102
63   	E	0.103	0.107	0.102	0.108	0.101
64   	T	0.105	0.107	0.104	0.107	0.098
65   	A	0.101	0.105	0.103	0.107	0.100
66   	G	0.097	0.102	0.100	0.104	0.104
67   	K	0.095	0.104	0.098	0.108	0.102
68   	S	0.099	0.104	0.101	0.107	0.103
69   	P	0.101	0.105	0.102	0.107	0.100
70   	L	0.108	0.104	0.106	0.106	0.101
# Measure  Position  Value    Cutoff   signal peptide?
  max. C    23       0.110
  max. Y    13       0.109
  max. S     1       0.125
  mean S     1-12    0.108
       D     1-12    0.108   0.450   NO
Name=Ga01g00078.F4_CDS	SP='NO' D=0.108 D-cutoff=0.450 Networks=SignalP-noTM
