# SignalP-4.1 euk predictions
>Ga01g00017.F6_CDS 
# Name=Ga01g00017.F6_CDS	Length=70
#		SignalP-noTM	SignalP-TM
# pos	aa	CS	SP	CS	SP	TM
1    	M	0.101	0.081	0.101	0.070	0.104
2    	V	0.101	0.082	0.102	0.069	0.106
3    	Y	0.103	0.078	0.103	0.074	0.107
4    	A	0.103	0.083	0.103	0.079	0.105
5    	D	0.109	0.092	0.113	0.079	0.110
6    	D	0.103	0.090	0.103	0.084	0.108
7    	D	0.100	0.089	0.101	0.083	0.110
8    	E	0.100	0.093	0.100	0.083	0.109
9    	S	0.104	0.092	0.103	0.085	0.107
10   	L	0.097	0.097	0.099	0.083	0.112
11   	V	0.101	0.088	0.102	0.089	0.108
12   	D	0.103	0.087	0.102	0.080	0.117
13   	A	0.104	0.082	0.103	0.079	0.114
14   	E	0.101	0.096	0.105	0.083	0.119
15   	E	0.106	0.102	0.105	0.095	0.117
16   	D	0.101	0.105	0.103	0.100	0.114
17   	E	0.096	0.112	0.098	0.105	0.113
18   	S	0.101	0.109	0.102	0.099	0.109
19   	L	0.096	0.109	0.099	0.113	0.105
20   	P	0.101	0.118	0.102	0.110	0.107
21   	D	0.103	0.122	0.103	0.113	0.108
22   	R	0.100	0.128	0.101	0.120	0.108
23   	D	0.106	0.122	0.105	0.114	0.106
24   	Q	0.103	0.114	0.102	0.113	0.102
25   	D	0.104	0.110	0.103	0.110	0.107
26   	L	0.095	0.112	0.097	0.117	0.106
27   	K	0.103	0.114	0.103	0.114	0.108
28   	P	0.105	0.114	0.104	0.118	0.108
29   	R	0.103	0.112	0.103	0.115	0.112
30   	F	0.107	0.106	0.105	0.111	0.111
31   	H	0.104	0.097	0.104	0.106	0.106
32   	T	0.103	0.099	0.102	0.104	0.113
33   	P	0.100	0.095	0.101	0.108	0.111
34   	R	0.101	0.099	0.103	0.101	0.109
35   	F	0.106	0.094	0.104	0.096	0.110
36   	H	0.101	0.099	0.102	0.102	0.115
37   	G	0.103	0.105	0.102	0.114	0.113
38   	S	0.094	0.111	0.099	0.112	0.110
39   	D	0.099	0.118	0.100	0.115	0.108
40   	D	0.107	0.118	0.104	0.116	0.105
41   	A	0.097	0.112	0.100	0.112	0.102
42   	D	0.092	0.115	0.094	0.125	0.105
43   	D	0.104	0.118	0.104	0.119	0.107
44   	D	0.097	0.112	0.099	0.120	0.104
45   	D	0.102	0.117	0.103	0.115	0.107
46   	D	0.100	0.120	0.101	0.116	0.104
47   	D	0.101	0.117	0.101	0.122	0.106
48   	S	0.102	0.115	0.103	0.124	0.114
49   	Y	0.097	0.114	0.099	0.124	0.117
50   	G	0.103	0.118	0.104	0.116	0.113
51   	I	0.099	0.112	0.100	0.111	0.118
52   	W	0.104	0.112	0.104	0.106	0.123
53   	N	0.104	0.106	0.104	0.102	0.116
54   	L	0.100	0.093	0.102	0.103	0.114
55   	R	0.103	0.085	0.105	0.094	0.118
56   	K	0.106	0.082	0.105	0.097	0.111
57   	C	0.102	0.093	0.103	0.090	0.120
58   	S	0.108	0.095	0.106	0.092	0.115
59   	A	0.109	0.092	0.107	0.087	0.115
60   	A	0.099	0.096	0.101	0.089	0.118
61   	A	0.096	0.098	0.099	0.091	0.117
62   	L	0.092	0.097	0.096	0.086	0.121
63   	D	0.103	0.094	0.104	0.082	0.124
64   	V	0.099	0.093	0.101	0.087	0.131
65   	L	0.102	0.093	0.103	0.088	0.132
66   	S	0.106	0.094	0.104	0.091	0.133
67   	N	0.099	0.096	0.099	0.096	0.126
68   	V	0.106	0.095	0.105	0.101	0.124
69   	F	0.100	0.094	0.101	0.099	0.129
70   	G	0.103	0.094	0.103	0.102	0.120
# Measure  Position  Value    Cutoff   signal peptide?
  max. C     5       0.109
  max. Y    59       0.109
  max. S    22       0.128
  mean S     1-58    0.104
       D     1-58    0.106   0.450   NO
Name=Ga01g00017.F6_CDS	SP='NO' D=0.106 D-cutoff=0.450 Networks=SignalP-noTM
