# SignalP-4.1 euk predictions
>Ga01g00046.F2_CDS 
# Name=Ga01g00046.F2_CDS	Length=70
#		SignalP-noTM	SignalP-TM
# pos	aa	CS	SP	CS	SP	TM
1    	M	0.102	0.107	0.102	0.114	0.110
2    	E	0.102	0.112	0.102	0.116	0.111
3    	G	0.104	0.117	0.103	0.111	0.115
4    	I	0.100	0.106	0.101	0.111	0.119
5    	R	0.104	0.109	0.104	0.098	0.115
6    	G	0.104	0.104	0.103	0.094	0.117
7    	D	0.099	0.107	0.102	0.099	0.118
8    	G	0.105	0.106	0.105	0.086	0.116
9    	A	0.101	0.106	0.101	0.086	0.119
10   	S	0.097	0.122	0.099	0.103	0.113
11   	S	0.102	0.130	0.102	0.121	0.110
12   	A	0.100	0.126	0.102	0.089	0.131
13   	S	0.094	0.121	0.097	0.109	0.124
14   	P	0.101	0.112	0.102	0.100	0.125
15   	L	0.096	0.103	0.100	0.099	0.114
16   	S	0.107	0.092	0.105	0.096	0.107
17   	Q	0.098	0.093	0.100	0.097	0.110
18   	W	0.099	0.093	0.100	0.099	0.110
19   	G	0.103	0.096	0.103	0.093	0.103
20   	H	0.094	0.099	0.098	0.095	0.097
21   	D	0.105	0.096	0.104	0.093	0.102
22   	G	0.101	0.098	0.101	0.092	0.107
23   	W	0.099	0.103	0.099	0.098	0.106
24   	R	0.099	0.108	0.100	0.098	0.100
25   	I	0.107	0.100	0.105	0.097	0.110
26   	Y	0.102	0.099	0.103	0.100	0.110
27   	Q	0.097	0.106	0.099	0.100	0.111
28   	Y	0.105	0.107	0.103	0.104	0.127
29   	Y	0.102	0.116	0.102	0.104	0.121
30   	L	0.104	0.132	0.104	0.104	0.125
31   	D	0.102	0.122	0.102	0.096	0.109
32   	K	0.102	0.143	0.103	0.095	0.125
33   	T	0.104	0.140	0.103	0.090	0.134
34   	T	0.102	0.112	0.103	0.085	0.152
35   	P	0.106	0.129	0.106	0.082	0.161
36   	H	0.105	0.139	0.104	0.076	0.211
37   	T	0.104	0.142	0.103	0.047	0.347
38   	A	0.100	0.136	0.102	0.053	0.463
39   	Y	0.099	0.115	0.098	0.044	0.504
40   	R	0.102	0.142	0.101	0.045	0.392
41   	W	0.101	0.144	0.102	0.029	0.708
42   	I	0.101	0.158	0.102	0.024	0.807
43   	G	0.100	0.129	0.102	0.029	0.769
44   	T	0.098	0.119	0.100	0.028	0.702
45   	L	0.101	0.140	0.104	0.021	0.807
46   	V	0.106	0.153	0.105	0.018	0.906
47   	I	0.102	0.186	0.101	0.021	0.892
48   	T	0.105	0.170	0.105	0.013	0.913
49   	A	0.102	0.171	0.102	0.021	0.908
50   	I	0.100	0.212	0.102	0.018	0.885
51   	Y	0.104	0.169	0.103	0.024	0.923
52   	C	0.098	0.165	0.100	0.021	0.942
53   	L	0.113	0.129	0.104	0.023	0.924
54   	R	0.101	0.135	0.102	0.053	0.833
55   	V	0.102	0.107	0.100	0.041	0.904
56   	Y	0.099	0.104	0.101	0.037	0.915
57   	Y	0.105	0.108	0.103	0.034	0.904
58   	V	0.116	0.096	0.102	0.054	0.846
59   	Q	0.102	0.096	0.102	0.051	0.802
60   	G	0.101	0.102	0.102	0.058	0.835
61   	F	0.318	0.094	0.128	0.065	0.786
62   	Y	0.106	0.096	0.105	0.080	0.670
63   	V	0.101	0.096	0.103	0.082	0.675
64   	V	0.102	0.094	0.103	0.071	0.634
65   	A	0.101	0.097	0.101	0.103	0.525
66   	Y	0.101	0.099	0.100	0.094	0.451
67   	G	0.102	0.096	0.104	0.088	0.357
68   	L	0.106	0.099	0.100	0.074	0.383
69   	G	0.104	0.098	0.104	0.095	0.238
70   	I	0.104	0.097	0.100	0.085	0.180
# Measure  Position  Value    Cutoff   signal peptide?
  max. C    61       0.128
  max. Y    11       0.104
  max. S    11       0.121
  mean S     1-10    0.102
       D     1-10    0.103   0.500   NO
Name=Ga01g00046.F2_CDS	SP='NO' D=0.103 D-cutoff=0.500 Networks=SignalP-TM
