# SignalP-4.1 euk predictions
>Ga01g00059.F1_CDS 
# Name=Ga01g00059.F1_CDS	Length=70
#		SignalP-noTM	SignalP-TM
# pos	aa	CS	SP	CS	SP	TM
1    	M	0.102	0.108	0.102	0.114	0.106
2    	D	0.101	0.100	0.101	0.113	0.105
3    	R	0.102	0.104	0.101	0.138	0.106
4    	P	0.107	0.095	0.105	0.108	0.108
5    	A	0.105	0.089	0.104	0.095	0.109
6    	M	0.098	0.089	0.099	0.087	0.108
7    	G	0.108	0.097	0.106	0.088	0.109
8    	A	0.102	0.090	0.102	0.086	0.107
9    	G	0.098	0.089	0.100	0.082	0.106
10   	M	0.100	0.097	0.101	0.074	0.104
11   	D	0.103	0.081	0.103	0.053	0.118
12   	L	0.103	0.081	0.103	0.062	0.122
13   	P	0.105	0.081	0.103	0.076	0.110
14   	I	0.103	0.091	0.103	0.082	0.115
15   	M	0.108	0.094	0.106	0.079	0.106
16   	H	0.104	0.090	0.103	0.073	0.106
17   	D	0.100	0.104	0.102	0.093	0.101
18   	S	0.099	0.102	0.103	0.102	0.101
19   	D	0.097	0.096	0.101	0.097	0.102
20   	R	0.098	0.100	0.101	0.104	0.098
21   	Y	0.115	0.090	0.112	0.105	0.098
22   	E	0.097	0.097	0.099	0.108	0.104
23   	L	0.100	0.093	0.102	0.103	0.110
24   	V	0.100	0.096	0.101	0.101	0.106
25   	K	0.100	0.096	0.101	0.103	0.099
26   	D	0.103	0.095	0.104	0.098	0.100
27   	I	0.098	0.089	0.100	0.101	0.103
28   	G	0.106	0.091	0.105	0.103	0.102
29   	S	0.098	0.083	0.100	0.096	0.095
30   	G	0.100	0.083	0.102	0.092	0.096
31   	N	0.097	0.087	0.099	0.095	0.097
32   	F	0.102	0.089	0.103	0.094	0.099
33   	G	0.101	0.092	0.101	0.096	0.100
34   	V	0.099	0.093	0.101	0.094	0.104
35   	A	0.103	0.086	0.103	0.093	0.104
36   	R	0.097	0.099	0.099	0.098	0.099
37   	L	0.102	0.093	0.102	0.098	0.104
38   	M	0.099	0.098	0.101	0.102	0.103
39   	R	0.103	0.097	0.103	0.095	0.105
40   	D	0.104	0.095	0.103	0.098	0.102
41   	K	0.105	0.094	0.104	0.101	0.100
42   	H	0.103	0.090	0.103	0.095	0.101
43   	T	0.105	0.083	0.104	0.091	0.100
44   	D	0.101	0.090	0.102	0.095	0.102
45   	E	0.102	0.088	0.103	0.095	0.100
46   	L	0.100	0.093	0.101	0.097	0.105
47   	V	0.101	0.095	0.102	0.093	0.108
48   	A	0.102	0.098	0.103	0.093	0.108
49   	V	0.100	0.100	0.100	0.095	0.103
50   	K	0.100	0.096	0.100	0.099	0.109
51   	Y	0.107	0.099	0.106	0.104	0.103
52   	I	0.104	0.098	0.105	0.109	0.099
53   	E	0.100	0.100	0.101	0.107	0.096
54   	R	0.105	0.099	0.104	0.103	0.099
55   	G	0.103	0.103	0.101	0.104	0.098
56   	E	0.098	0.105	0.099	0.105	0.100
57   	K	0.101	0.105	0.102	0.109	0.096
58   	I	0.100	0.099	0.100	0.106	0.096
59   	D	0.098	0.113	0.100	0.107	0.100
60   	E	0.099	0.107	0.101	0.106	0.103
61   	N	0.099	0.110	0.101	0.111	0.101
62   	V	0.106	0.108	0.105	0.108	0.103
63   	Q	0.103	0.109	0.104	0.108	0.099
64   	R	0.104	0.107	0.104	0.106	0.103
65   	E	0.104	0.106	0.101	0.110	0.103
66   	I	0.107	0.112	0.105	0.109	0.104
67   	I	0.104	0.109	0.105	0.107	0.103
68   	N	0.104	0.106	0.104	0.105	0.104
69   	H	0.099	0.103	0.102	0.107	0.103
70   	R	0.105	0.103	0.105	0.103	0.102
# Measure  Position  Value    Cutoff   signal peptide?
  max. C    21       0.115
  max. Y    21       0.105
  max. S    59       0.113
  mean S     1-20    0.094
       D     1-20    0.099   0.450   NO
Name=Ga01g00059.F1_CDS	SP='NO' D=0.099 D-cutoff=0.450 Networks=SignalP-noTM
