# SignalP-4.1 euk predictions
>Ga01g00026.F1_CDS 
# Name=Ga01g00026.F1_CDS	Length=70
#		SignalP-noTM	SignalP-TM
# pos	aa	CS	SP	CS	SP	TM
1    	M	0.100	0.092	0.101	0.079	0.109
2    	K	0.102	0.093	0.102	0.077	0.108
3    	I	0.101	0.095	0.102	0.079	0.111
4    	Y	0.101	0.094	0.102	0.079	0.111
5    	V	0.104	0.091	0.103	0.079	0.114
6    	T	0.101	0.094	0.102	0.084	0.117
7    	E	0.104	0.109	0.103	0.083	0.115
8    	E	0.098	0.104	0.099	0.084	0.119
9    	K	0.099	0.103	0.100	0.083	0.122
10   	E	0.100	0.100	0.101	0.072	0.127
11   	L	0.100	0.101	0.101	0.062	0.131
12   	I	0.104	0.092	0.104	0.060	0.143
13   	M	0.099	0.104	0.101	0.074	0.128
14   	E	0.103	0.102	0.103	0.084	0.120
15   	P	0.100	0.100	0.102	0.073	0.123
16   	S	0.103	0.097	0.104	0.081	0.133
17   	I	0.101	0.104	0.101	0.073	0.137
18   	K	0.096	0.103	0.099	0.086	0.125
19   	W	0.097	0.114	0.098	0.098	0.138
20   	A	0.094	0.112	0.098	0.114	0.131
21   	A	0.100	0.107	0.101	0.107	0.138
22   	N	0.101	0.107	0.101	0.098	0.131
23   	A	0.101	0.112	0.102	0.097	0.154
24   	N	0.116	0.111	0.106	0.098	0.161
25   	V	0.103	0.099	0.104	0.109	0.178
26   	T	0.100	0.101	0.101	0.114	0.182
27   	I	0.106	0.093	0.105	0.117	0.196
28   	A	0.098	0.102	0.100	0.132	0.187
29   	V	0.105	0.106	0.111	0.148	0.180
30   	K	0.106	0.113	0.106	0.133	0.170
31   	A	0.103	0.122	0.102	0.159	0.210
32   	Y	0.117	0.116	0.117	0.149	0.204
33   	G	0.105	0.130	0.104	0.146	0.210
34   	L	0.106	0.117	0.107	0.142	0.231
35   	K	0.105	0.166	0.104	0.168	0.216
36   	A	0.103	0.166	0.102	0.159	0.232
37   	T	0.106	0.128	0.104	0.155	0.203
38   	A	0.108	0.123	0.106	0.162	0.230
39   	Q	0.115	0.106	0.107	0.122	0.189
40   	V	0.109	0.101	0.106	0.127	0.192
41   	V	0.098	0.101	0.100	0.121	0.202
42   	D	0.103	0.104	0.104	0.113	0.167
43   	L	0.104	0.104	0.103	0.102	0.166
44   	Q	0.109	0.099	0.103	0.105	0.154
45   	V	0.106	0.107	0.106	0.120	0.196
46   	F	0.103	0.115	0.103	0.094	0.232
47   	A	0.106	0.115	0.104	0.105	0.246
48   	L	0.100	0.095	0.099	0.103	0.221
49   	P	0.102	0.097	0.103	0.112	0.239
50   	R	0.102	0.114	0.101	0.116	0.211
51   	I	0.106	0.105	0.103	0.162	0.243
52   	T	0.103	0.100	0.103	0.178	0.237
53   	L	0.099	0.103	0.100	0.176	0.248
54   	K	0.103	0.100	0.102	0.162	0.230
55   	P	0.099	0.106	0.099	0.159	0.273
56   	L	0.105	0.106	0.103	0.158	0.310
57   	V	0.104	0.104	0.103	0.198	0.278
58   	P	0.103	0.092	0.103	0.189	0.275
59   	S	0.107	0.093	0.104	0.194	0.251
60   	F	0.097	0.093	0.098	0.180	0.244
61   	P	0.104	0.096	0.104	0.198	0.266
62   	C	0.106	0.092	0.103	0.200	0.276
63   	F	0.097	0.093	0.099	0.202	0.285
64   	A	0.103	0.095	0.102	0.191	0.281
65   	N	0.096	0.098	0.096	0.156	0.204
66   	I	0.105	0.094	0.105	0.145	0.240
67   	F	0.096	0.094	0.099	0.131	0.254
68   	V	0.100	0.095	0.102	0.129	0.204
69   	S	0.098	0.095	0.101	0.119	0.183
70   	L	0.099	0.096	0.100	0.107	0.134
# Measure  Position  Value    Cutoff   signal peptide?
  max. C    32       0.117
  max. Y    39       0.116
  max. S    36       0.166
  mean S     1-38    0.108
       D     1-38    0.112   0.450   NO
Name=Ga01g00026.F1_CDS	SP='NO' D=0.112 D-cutoff=0.450 Networks=SignalP-noTM
