# SignalP-4.1 euk predictions
>Ga01g00062.F3_CDS 
# Name=Ga01g00062.F3_CDS	Length=70
#		SignalP-noTM	SignalP-TM
# pos	aa	CS	SP	CS	SP	TM
1    	M	0.101	0.100	0.101	0.100	0.107
2    	E	0.102	0.097	0.101	0.094	0.111
3    	T	0.101	0.100	0.101	0.104	0.111
4    	D	0.102	0.097	0.102	0.108	0.110
5    	D	0.104	0.104	0.103	0.103	0.109
6    	T	0.101	0.097	0.101	0.100	0.107
7    	G	0.103	0.098	0.102	0.100	0.111
8    	R	0.097	0.097	0.098	0.086	0.115
9    	K	0.105	0.098	0.103	0.090	0.114
10   	M	0.098	0.097	0.100	0.091	0.112
11   	E	0.101	0.089	0.101	0.075	0.117
12   	D	0.104	0.079	0.104	0.077	0.123
13   	E	0.101	0.097	0.102	0.103	0.124
14   	L	0.105	0.113	0.105	0.115	0.121
15   	G	0.103	0.105	0.103	0.112	0.113
16   	G	0.100	0.101	0.101	0.103	0.112
17   	N	0.099	0.103	0.101	0.106	0.110
18   	K	0.100	0.105	0.102	0.110	0.109
19   	R	0.101	0.102	0.102	0.103	0.105
20   	L	0.100	0.104	0.102	0.103	0.102
21   	S	0.102	0.097	0.102	0.107	0.100
22   	E	0.100	0.100	0.100	0.105	0.102
23   	T	0.103	0.104	0.102	0.107	0.098
24   	P	0.099	0.103	0.100	0.111	0.100
25   	P	0.105	0.101	0.104	0.109	0.102
26   	D	0.101	0.102	0.101	0.110	0.097
27   	D	0.098	0.098	0.100	0.105	0.098
28   	D	0.100	0.094	0.101	0.103	0.100
29   	C	0.091	0.089	0.096	0.104	0.101
30   	C	0.097	0.094	0.098	0.106	0.112
31   	P	0.105	0.094	0.104	0.103	0.111
32   	I	0.105	0.094	0.104	0.098	0.116
33   	C	0.103	0.091	0.103	0.098	0.111
34   	F	0.102	0.088	0.103	0.098	0.107
35   	G	0.098	0.090	0.101	0.107	0.103
36   	P	0.094	0.090	0.098	0.099	0.109
37   	F	0.101	0.091	0.102	0.098	0.108
38   	T	0.105	0.092	0.104	0.103	0.109
39   	V	0.106	0.094	0.106	0.101	0.106
40   	P	0.098	0.093	0.101	0.103	0.109
41   	C	0.104	0.097	0.104	0.109	0.109
42   	R	0.098	0.095	0.100	0.106	0.111
43   	S	0.102	0.095	0.103	0.114	0.113
44   	N	0.099	0.100	0.103	0.110	0.116
45   	C	0.098	0.097	0.101	0.103	0.119
46   	G	0.105	0.096	0.105	0.101	0.126
47   	H	0.099	0.102	0.100	0.109	0.113
48   	W	0.100	0.109	0.102	0.110	0.129
49   	Y	0.093	0.121	0.098	0.125	0.105
50   	C	0.099	0.126	0.101	0.114	0.111
51   	G	0.099	0.111	0.101	0.120	0.120
52   	S	0.094	0.110	0.097	0.123	0.122
53   	C	0.100	0.116	0.101	0.114	0.126
54   	I	0.101	0.112	0.102	0.112	0.137
55   	L	0.100	0.111	0.102	0.108	0.144
56   	Q	0.098	0.100	0.100	0.107	0.127
57   	F	0.102	0.100	0.104	0.104	0.130
58   	W	0.100	0.097	0.101	0.101	0.134
59   	N	0.103	0.099	0.104	0.113	0.128
60   	Y	0.097	0.099	0.101	0.114	0.128
61   	S	0.095	0.101	0.099	0.113	0.127
62   	S	0.103	0.102	0.103	0.123	0.129
63   	A	0.099	0.106	0.100	0.119	0.118
64   	S	0.292	0.104	0.149	0.107	0.111
65   	K	0.110	0.099	0.103	0.106	0.104
66   	P	0.093	0.104	0.097	0.104	0.104
67   	C	0.106	0.103	0.104	0.104	0.108
68   	G	0.102	0.100	0.102	0.106	0.103
69   	C	0.100	0.101	0.100	0.104	0.102
70   	P	0.099	0.105	0.101	0.105	0.101
# Measure  Position  Value    Cutoff   signal peptide?
  max. C    64       0.292
  max. Y    64       0.175
  max. S    50       0.126
  mean S     1-63    0.100
       D     1-63    0.134   0.450   NO
Name=Ga01g00062.F3_CDS	SP='NO' D=0.134 D-cutoff=0.450 Networks=SignalP-noTM
