# SignalP-4.1 euk predictions
>Ga01g00058.F2_CDS 
# Name=Ga01g00058.F2_CDS	Length=70
#		SignalP-noTM	SignalP-TM
# pos	aa	CS	SP	CS	SP	TM
1    	M	0.102	0.086	0.102	0.072	0.105
2    	G	0.103	0.084	0.103	0.072	0.108
3    	G	0.099	0.078	0.100	0.072	0.111
4    	V	0.099	0.084	0.100	0.070	0.109
5    	D	0.106	0.095	0.105	0.072	0.112
6    	Q	0.103	0.097	0.102	0.079	0.113
7    	A	0.100	0.098	0.101	0.074	0.113
8    	F	0.097	0.104	0.098	0.082	0.115
9    	V	0.108	0.097	0.106	0.080	0.111
10   	Q	0.096	0.101	0.099	0.085	0.111
11   	E	0.104	0.104	0.103	0.086	0.114
12   	P	0.099	0.080	0.100	0.070	0.118
13   	E	0.103	0.089	0.103	0.082	0.119
14   	Q	0.100	0.095	0.102	0.107	0.109
15   	R	0.099	0.101	0.100	0.107	0.112
16   	P	0.100	0.098	0.101	0.103	0.110
17   	K	0.098	0.101	0.101	0.109	0.112
18   	P	0.099	0.100	0.101	0.106	0.106
19   	S	0.105	0.098	0.104	0.091	0.112
20   	T	0.098	0.107	0.100	0.106	0.107
21   	I	0.105	0.100	0.105	0.102	0.118
22   	E	0.098	0.108	0.100	0.113	0.116
23   	V	0.101	0.103	0.100	0.114	0.119
24   	D	0.101	0.104	0.102	0.116	0.128
25   	G	0.107	0.102	0.105	0.105	0.123
26   	I	0.101	0.103	0.100	0.108	0.130
27   	P	0.108	0.099	0.105	0.108	0.119
28   	V	0.104	0.091	0.104	0.096	0.115
29   	I	0.103	0.094	0.104	0.094	0.108
30   	D	0.105	0.092	0.104	0.093	0.108
31   	M	0.097	0.088	0.100	0.094	0.107
32   	S	0.103	0.092	0.103	0.095	0.107
33   	V	0.101	0.097	0.102	0.098	0.108
34   	S	0.098	0.102	0.100	0.107	0.108
35   	G	0.103	0.109	0.103	0.108	0.111
36   	T	0.100	0.100	0.100	0.106	0.108
37   	G	0.103	0.099	0.104	0.098	0.112
38   	G	0.099	0.100	0.101	0.101	0.113
39   	I	0.113	0.095	0.107	0.097	0.120
40   	E	0.097	0.102	0.100	0.100	0.114
41   	K	0.106	0.104	0.104	0.100	0.112
42   	L	0.102	0.106	0.102	0.100	0.116
43   	A	0.103	0.106	0.103	0.109	0.114
44   	S	0.104	0.095	0.103	0.105	0.104
45   	E	0.103	0.102	0.103	0.102	0.103
46   	I	0.100	0.102	0.101	0.106	0.106
47   	G	0.102	0.098	0.102	0.102	0.109
48   	N	0.102	0.095	0.103	0.099	0.110
49   	A	0.105	0.096	0.104	0.100	0.108
50   	C	0.095	0.092	0.098	0.094	0.105
51   	R	0.104	0.088	0.103	0.094	0.099
52   	K	0.099	0.091	0.098	0.098	0.100
53   	W	0.098	0.090	0.101	0.097	0.108
54   	G	0.106	0.091	0.105	0.093	0.106
55   	F	0.097	0.104	0.099	0.096	0.105
56   	F	0.105	0.094	0.105	0.096	0.109
57   	Q	0.098	0.098	0.100	0.099	0.106
58   	V	0.101	0.103	0.102	0.099	0.113
59   	I	0.102	0.102	0.102	0.102	0.109
60   	N	0.110	0.098	0.107	0.096	0.111
61   	H	0.098	0.096	0.101	0.098	0.114
62   	G	0.103	0.094	0.102	0.099	0.109
63   	V	0.096	0.099	0.099	0.095	0.118
64   	P	0.104	0.095	0.105	0.093	0.133
65   	L	0.107	0.098	0.105	0.098	0.122
66   	E	0.101	0.097	0.101	0.101	0.116
67   	L	0.100	0.101	0.102	0.102	0.107
68   	R	0.105	0.103	0.104	0.102	0.104
69   	Q	0.102	0.100	0.101	0.101	0.099
70   	R	0.100	0.099	0.102	0.099	0.098
# Measure  Position  Value    Cutoff   signal peptide?
  max. C    39       0.113
  max. Y    39       0.106
  max. S    35       0.109
  mean S     1-38    0.097
       D     1-38    0.101   0.450   NO
Name=Ga01g00058.F2_CDS	SP='NO' D=0.101 D-cutoff=0.450 Networks=SignalP-noTM
