# SignalP-4.1 euk predictions
>Ga01g00075.F1_CDS 
# Name=Ga01g00075.F1_CDS	Length=70
#		SignalP-noTM	SignalP-TM
# pos	aa	CS	SP	CS	SP	TM
1    	M	0.102	0.199	0.102	0.259	0.085
2    	G	0.103	0.162	0.103	0.200	0.091
3    	H	0.099	0.208	0.100	0.312	0.083
4    	N	0.105	0.164	0.104	0.228	0.087
5    	L	0.102	0.120	0.102	0.203	0.090
6    	R	0.098	0.113	0.100	0.169	0.096
7    	R	0.103	0.111	0.102	0.154	0.097
8    	N	0.107	0.100	0.105	0.145	0.101
9    	F	0.100	0.092	0.101	0.114	0.102
10   	P	0.103	0.084	0.103	0.098	0.096
11   	V	0.104	0.078	0.103	0.086	0.099
12   	P	0.104	0.071	0.104	0.083	0.105
13   	V	0.101	0.066	0.102	0.071	0.109
14   	P	0.098	0.064	0.100	0.084	0.096
15   	S	0.103	0.076	0.104	0.089	0.091
16   	S	0.096	0.092	0.099	0.089	0.093
17   	D	0.099	0.095	0.101	0.097	0.091
18   	P	0.101	0.096	0.101	0.099	0.089
19   	L	0.102	0.099	0.102	0.102	0.090
20   	L	0.102	0.099	0.102	0.097	0.093
21   	D	0.104	0.093	0.103	0.090	0.099
22   	R	0.102	0.092	0.102	0.094	0.101
23   	L	0.107	0.097	0.104	0.101	0.110
24   	N	0.102	0.095	0.103	0.098	0.102
25   	E	0.102	0.094	0.102	0.094	0.103
26   	F	0.101	0.091	0.102	0.091	0.101
27   	T	0.101	0.091	0.101	0.093	0.100
28   	Q	0.100	0.090	0.102	0.092	0.100
29   	M	0.102	0.095	0.102	0.097	0.099
30   	N	0.096	0.093	0.099	0.098	0.097
31   	S	0.100	0.094	0.102	0.096	0.094
32   	D	0.097	0.095	0.100	0.093	0.094
33   	S	0.098	0.093	0.100	0.094	0.093
34   	S	0.093	0.096	0.098	0.098	0.093
35   	S	0.093	0.098	0.098	0.101	0.092
36   	S	0.098	0.099	0.101	0.101	0.100
37   	G	0.099	0.103	0.100	0.093	0.104
38   	V	0.096	0.101	0.099	0.100	0.107
39   	T	0.100	0.101	0.102	0.096	0.107
40   	I	0.103	0.099	0.103	0.102	0.106
41   	E	0.098	0.101	0.099	0.100	0.108
42   	S	0.101	0.097	0.102	0.096	0.108
43   	F	0.098	0.098	0.101	0.104	0.107
44   	R	0.099	0.098	0.101	0.097	0.106
45   	D	0.106	0.097	0.104	0.099	0.105
46   	P	0.103	0.096	0.103	0.102	0.107
47   	T	0.108	0.093	0.106	0.096	0.104
48   	A	0.109	0.093	0.107	0.093	0.099
49   	N	0.097	0.101	0.100	0.096	0.105
50   	A	0.102	0.106	0.103	0.104	0.102
51   	T	0.123	0.103	0.113	0.108	0.103
52   	P	0.108	0.102	0.106	0.105	0.099
53   	G	0.106	0.096	0.104	0.103	0.101
54   	Q	0.098	0.092	0.100	0.105	0.099
55   	T	0.108	0.099	0.106	0.103	0.100
56   	M	0.103	0.091	0.103	0.103	0.099
57   	V	0.103	0.097	0.103	0.103	0.100
58   	W	0.095	0.107	0.100	0.105	0.098
59   	T	0.106	0.101	0.105	0.102	0.102
60   	N	0.102	0.107	0.103	0.100	0.102
61   	E	0.103	0.099	0.102	0.104	0.103
62   	K	0.099	0.102	0.102	0.104	0.098
63   	H	0.099	0.102	0.101	0.103	0.103
64   	N	0.100	0.101	0.102	0.103	0.100
65   	S	0.101	0.100	0.102	0.101	0.100
66   	Y	0.100	0.101	0.102	0.101	0.100
67   	I	0.103	0.104	0.103	0.103	0.107
68   	E	0.102	0.101	0.102	0.103	0.108
69   	F	0.100	0.100	0.102	0.098	0.106
70   	L	0.102	0.100	0.103	0.103	0.104
# Measure  Position  Value    Cutoff   signal peptide?
  max. C    51       0.123
  max. Y    11       0.133
  max. S     3       0.208
  mean S     1-10    0.135
       D     1-10    0.134   0.450   NO
Name=Ga01g00075.F1_CDS	SP='NO' D=0.134 D-cutoff=0.450 Networks=SignalP-noTM
