# SignalP-4.1 euk predictions
>Ga01g00047.F1_CDS 
# Name=Ga01g00047.F1_CDS	Length=70
#		SignalP-noTM	SignalP-TM
# pos	aa	CS	SP	CS	SP	TM
1    	M	0.102	0.154	0.102	0.164	0.093
2    	N	0.103	0.139	0.102	0.152	0.094
3    	G	0.103	0.118	0.103	0.124	0.097
4    	E	0.098	0.117	0.100	0.106	0.101
5    	K	0.105	0.147	0.104	0.125	0.097
6    	N	0.099	0.131	0.100	0.114	0.098
7    	S	0.099	0.129	0.101	0.099	0.106
8    	S	0.098	0.113	0.100	0.087	0.106
9    	N	0.102	0.110	0.102	0.084	0.110
10   	N	0.100	0.120	0.101	0.071	0.116
11   	R	0.098	0.099	0.100	0.066	0.133
12   	V	0.102	0.091	0.103	0.093	0.167
13   	L	0.103	0.121	0.103	0.105	0.180
14   	K	0.107	0.117	0.106	0.101	0.157
15   	L	0.096	0.116	0.098	0.108	0.172
16   	K	0.102	0.109	0.103	0.112	0.178
17   	Y	0.105	0.107	0.104	0.091	0.243
18   	V	0.103	0.110	0.103	0.111	0.286
19   	K	0.104	0.113	0.103	0.104	0.277
20   	L	0.103	0.127	0.103	0.093	0.398
21   	G	0.100	0.132	0.100	0.094	0.376
22   	Y	0.097	0.107	0.099	0.105	0.348
23   	H	0.103	0.120	0.103	0.099	0.350
24   	Y	0.101	0.116	0.100	0.130	0.434
25   	L	0.098	0.178	0.099	0.111	0.553
26   	I	0.098	0.184	0.100	0.139	0.587
27   	T	0.103	0.193	0.102	0.113	0.652
28   	H	0.106	0.205	0.104	0.084	0.631
29   	L	0.101	0.233	0.101	0.111	0.717
30   	L	0.098	0.187	0.100	0.077	0.690
31   	K	0.101	0.245	0.101	0.086	0.620
32   	L	0.100	0.267	0.100	0.099	0.693
33   	C	0.104	0.317	0.103	0.074	0.707
34   	L	0.105	0.390	0.104	0.087	0.808
35   	V	0.104	0.507	0.104	0.095	0.791
36   	P	0.096	0.592	0.098	0.109	0.775
37   	L	0.103	0.640	0.103	0.114	0.761
38   	M	0.100	0.695	0.100	0.124	0.739
39   	A	0.103	0.767	0.102	0.185	0.739
40   	V	0.123	0.532	0.109	0.144	0.655
41   	I	0.105	0.362	0.100	0.147	0.730
42   	I	0.104	0.330	0.103	0.106	0.786
43   	V	0.105	0.460	0.104	0.172	0.609
44   	Q	0.102	0.521	0.102	0.231	0.417
45   	A	0.103	0.611	0.103	0.320	0.276
46   	S	0.626	0.167	0.385	0.119	0.194
47   	R	0.103	0.198	0.101	0.104	0.175
48   	L	0.121	0.157	0.110	0.101	0.160
49   	S	0.119	0.114	0.108	0.109	0.134
50   	L	0.104	0.109	0.102	0.099	0.135
51   	N	0.107	0.106	0.105	0.100	0.121
52   	D	0.108	0.095	0.105	0.090	0.112
53   	I	0.104	0.099	0.103	0.110	0.132
54   	H	0.104	0.096	0.102	0.115	0.130
55   	Q	0.102	0.098	0.102	0.128	0.138
56   	T	0.107	0.100	0.104	0.125	0.143
57   	W	0.094	0.098	0.097	0.110	0.148
58   	L	0.098	0.094	0.100	0.123	0.161
59   	H	0.102	0.096	0.101	0.133	0.144
60   	L	0.098	0.099	0.099	0.115	0.144
61   	E	0.104	0.099	0.103	0.127	0.143
62   	H	0.103	0.098	0.102	0.127	0.154
63   	N	0.102	0.097	0.103	0.118	0.154
64   	L	0.103	0.095	0.104	0.116	0.179
65   	V	0.098	0.094	0.101	0.129	0.201
66   	Y	0.101	0.096	0.102	0.134	0.190
67   	V	0.099	0.093	0.101	0.129	0.205
68   	V	0.098	0.096	0.100	0.098	0.162
69   	V	0.104	0.095	0.105	0.103	0.149
70   	L	0.101	0.096	0.101	0.101	0.123
# Measure  Position  Value    Cutoff   signal peptide?
  max. C    46       0.385
  max. Y    46       0.235
  max. S    45       0.320
  mean S     1-45    0.117
       D     1-45    0.188   0.500   NO
Name=Ga01g00047.F1_CDS	SP='NO' D=0.188 D-cutoff=0.500 Networks=SignalP-TM
