<?xml version="1.0"?>
<!DOCTYPE BlastOutput PUBLIC "-//NCBI//NCBI BlastOutput/EN" "http://www.ncbi.nlm.nih.gov/dtd/NCBI_BlastOutput.dtd">
<BlastOutput>
  <BlastOutput_program>blastp</BlastOutput_program>
  <BlastOutput_version>BLASTP 2.2.31+</BlastOutput_version>
  <BlastOutput_reference>Stephen F. Altschul, Thomas L. Madden, Alejandro A. Sch&amp;auml;ffer, Jinghui Zhang, Zheng Zhang, Webb Miller, and David J. Lipman (1997), &quot;Gapped BLAST and PSI-BLAST: a new generation of protein database search programs&quot;, Nucleic Acids Res. 25:3389-3402.</BlastOutput_reference>
  <BlastOutput_db>/home/wangdehe/common/PlantTFDB/tf_protein_sequence/All/PlantTFDB</BlastOutput_db>
  <BlastOutput_query-ID>Query_1</BlastOutput_query-ID>
  <BlastOutput_query-def>Ga01g00001.N4_CDS</BlastOutput_query-def>
  <BlastOutput_query-len>47</BlastOutput_query-len>
  <BlastOutput_param>
    <Parameters>
      <Parameters_matrix>BLOSUM62</Parameters_matrix>
      <Parameters_expect>1e-06</Parameters_expect>
      <Parameters_gap-open>11</Parameters_gap-open>
      <Parameters_gap-extend>1</Parameters_gap-extend>
      <Parameters_filter>F</Parameters_filter>
    </Parameters>
  </BlastOutput_param>
<BlastOutput_iterations>
<Iteration>
  <Iteration_iter-num>1</Iteration_iter-num>
  <Iteration_query-ID>Query_1</Iteration_query-ID>
  <Iteration_query-def>Ga01g00001.N4_CDS</Iteration_query-def>
  <Iteration_query-len>47</Iteration_query-len>
<Iteration_hits>
<Hit>
  <Hit_num>1</Hit_num>
  <Hit_id>Gh_A11G2949_Gossypium_hirsutum|CPP|CPP_family_protein</Hit_id>
  <Hit_def>No definition line</Hit_def>
  <Hit_accession>Gh_A11G2949_Gossypium_hirsutum|CPP|CPP_family_protein</Hit_accession>
  <Hit_len>483</Hit_len>
  <Hit_hsps>
    <Hsp>
      <Hsp_num>1</Hsp_num>
      <Hsp_bit-score>53.5286</Hsp_bit-score>
      <Hsp_score>127</Hsp_score>
      <Hsp_evalue>1.34045e-09</Hsp_evalue>
      <Hsp_query-from>12</Hsp_query-from>
      <Hsp_query-to>38</Hsp_query-to>
      <Hsp_hit-from>415</Hsp_hit-from>
      <Hsp_hit-to>441</Hsp_hit-to>
      <Hsp_query-frame>0</Hsp_query-frame>
      <Hsp_hit-frame>0</Hsp_hit-frame>
      <Hsp_identity>22</Hsp_identity>
      <Hsp_positive>25</Hsp_positive>
      <Hsp_gaps>0</Hsp_gaps>
      <Hsp_align-len>27</Hsp_align-len>
      <Hsp_qseq>LSFRDIAPQAPMHILIIPKSKDGLTGL</Hsp_qseq>
      <Hsp_hseq>LAFRDIAPQAPTHVLIIPKSKDGLSAL</Hsp_hseq>
      <Hsp_midline>L+FRDIAPQAP H+LIIPKSKDGL+ L</Hsp_midline>
    </Hsp>
  </Hit_hsps>
</Hit>
<Hit>
  <Hit_num>2</Hit_num>
  <Hit_id>BGIOSGA000613-PA_Oryza_sativa_subsp._indica|bZIP|bZIP_family_protein</Hit_id>
  <Hit_def>No definition line</Hit_def>
  <Hit_accession>BGIOSGA000613-PA_Oryza_sativa_subsp._indica|bZIP|bZIP_family_protein</Hit_accession>
  <Hit_len>443</Hit_len>
  <Hit_hsps>
    <Hsp>
      <Hsp_num>1</Hsp_num>
      <Hsp_bit-score>52.7582</Hsp_bit-score>
      <Hsp_score>125</Hsp_score>
      <Hsp_evalue>2.58151e-09</Hsp_evalue>
      <Hsp_query-from>12</Hsp_query-from>
      <Hsp_query-to>40</Hsp_query-to>
      <Hsp_hit-from>365</Hsp_hit-from>
      <Hsp_hit-to>393</Hsp_hit-to>
      <Hsp_query-frame>0</Hsp_query-frame>
      <Hsp_hit-frame>0</Hsp_hit-frame>
      <Hsp_identity>22</Hsp_identity>
      <Hsp_positive>27</Hsp_positive>
      <Hsp_gaps>0</Hsp_gaps>
      <Hsp_align-len>29</Hsp_align-len>
      <Hsp_qseq>LSFRDIAPQAPMHILIIPKSKDGLTGLSK</Hsp_qseq>
      <Hsp_hseq>LAFRDISPQAPVHIIIIPKVKDGLSRLSK</Hsp_hseq>
      <Hsp_midline>L+FRDI+PQAP+HI+IIPK KDGL+ LSK</Hsp_midline>
    </Hsp>
  </Hit_hsps>
</Hit>
<Hit>
  <Hit_num>3</Hit_num>
  <Hit_id>KN538701.1_FGP001_Oryza_longistaminata|bZIP|bZIP_family_protein</Hit_id>
  <Hit_def>No definition line</Hit_def>
  <Hit_accession>KN538701.1_FGP001_Oryza_longistaminata|bZIP|bZIP_family_protein</Hit_accession>
  <Hit_len>448</Hit_len>
  <Hit_hsps>
    <Hsp>
      <Hsp_num>1</Hsp_num>
      <Hsp_bit-score>52.7582</Hsp_bit-score>
      <Hsp_score>125</Hsp_score>
      <Hsp_evalue>2.58171e-09</Hsp_evalue>
      <Hsp_query-from>12</Hsp_query-from>
      <Hsp_query-to>40</Hsp_query-to>
      <Hsp_hit-from>360</Hsp_hit-from>
      <Hsp_hit-to>388</Hsp_hit-to>
      <Hsp_query-frame>0</Hsp_query-frame>
      <Hsp_hit-frame>0</Hsp_hit-frame>
      <Hsp_identity>22</Hsp_identity>
      <Hsp_positive>27</Hsp_positive>
      <Hsp_gaps>0</Hsp_gaps>
      <Hsp_align-len>29</Hsp_align-len>
      <Hsp_qseq>LSFRDIAPQAPMHILIIPKSKDGLTGLSK</Hsp_qseq>
      <Hsp_hseq>LAFRDISPQAPVHIIIIPKVKDGLSRLSK</Hsp_hseq>
      <Hsp_midline>L+FRDI+PQAP+HI+IIPK KDGL+ LSK</Hsp_midline>
    </Hsp>
  </Hit_hsps>
</Hit>
</Iteration_hits>
  <Iteration_stat>
    <Statistics>
      <Statistics_db-num>320370</Statistics_db-num>
      <Statistics_db-len>120557712</Statistics_db-len>
      <Statistics_hsp-len>21</Statistics_hsp-len>
      <Statistics_eff-space>2959578492</Statistics_eff-space>
      <Statistics_kappa>0.041</Statistics_kappa>
      <Statistics_lambda>0.267</Statistics_lambda>
      <Statistics_entropy>0.14</Statistics_entropy>
    </Statistics>
  </Iteration_stat>
</Iteration>
<Iteration>
  <Iteration_iter-num>2</Iteration_iter-num>
  <Iteration_query-ID>Query_2</Iteration_query-ID>
  <Iteration_query-def>Ga01g00001.N6_CDS</Iteration_query-def>
  <Iteration_query-len>51</Iteration_query-len>
<Iteration_hits>
<Hit>
  <Hit_num>1</Hit_num>
  <Hit_id>BGIOSGA000613-PA_Oryza_sativa_subsp._indica|bZIP|bZIP_family_protein</Hit_id>
  <Hit_def>No definition line</Hit_def>
  <Hit_accession>BGIOSGA000613-PA_Oryza_sativa_subsp._indica|bZIP|bZIP_family_protein</Hit_accession>
  <Hit_len>443</Hit_len>
  <Hit_hsps>
    <Hsp>
      <Hsp_num>1</Hsp_num>
      <Hsp_bit-score>69.3218</Hsp_bit-score>
      <Hsp_score>168</Hsp_score>
      <Hsp_evalue>4.20807e-15</Hsp_evalue>
      <Hsp_query-from>12</Hsp_query-from>
      <Hsp_query-to>50</Hsp_query-to>
      <Hsp_hit-from>365</Hsp_hit-from>
      <Hsp_hit-to>403</Hsp_hit-to>
      <Hsp_query-frame>0</Hsp_query-frame>
      <Hsp_hit-frame>0</Hsp_hit-frame>
      <Hsp_identity>29</Hsp_identity>
      <Hsp_positive>36</Hsp_positive>
      <Hsp_gaps>0</Hsp_gaps>
      <Hsp_align-len>39</Hsp_align-len>
      <Hsp_qseq>LSFRDIAPQAPMHILIIPKSKDGLTGLSKAEERHSEILG</Hsp_qseq>
      <Hsp_hseq>LAFRDISPQAPVHIIIIPKVKDGLSRLSKAEERHVEVMG</Hsp_hseq>
      <Hsp_midline>L+FRDI+PQAP+HI+IIPK KDGL+ LSKAEERH E++G</Hsp_midline>
    </Hsp>
  </Hit_hsps>
</Hit>
<Hit>
  <Hit_num>2</Hit_num>
  <Hit_id>KN538701.1_FGP001_Oryza_longistaminata|bZIP|bZIP_family_protein</Hit_id>
  <Hit_def>No definition line</Hit_def>
  <Hit_accession>KN538701.1_FGP001_Oryza_longistaminata|bZIP|bZIP_family_protein</Hit_accession>
  <Hit_len>448</Hit_len>
  <Hit_hsps>
    <Hsp>
      <Hsp_num>1</Hsp_num>
      <Hsp_bit-score>67.0106</Hsp_bit-score>
      <Hsp_score>162</Hsp_score>
      <Hsp_evalue>2.79e-14</Hsp_evalue>
      <Hsp_query-from>12</Hsp_query-from>
      <Hsp_query-to>50</Hsp_query-to>
      <Hsp_hit-from>360</Hsp_hit-from>
      <Hsp_hit-to>398</Hsp_hit-to>
      <Hsp_query-frame>0</Hsp_query-frame>
      <Hsp_hit-frame>0</Hsp_hit-frame>
      <Hsp_identity>28</Hsp_identity>
      <Hsp_positive>35</Hsp_positive>
      <Hsp_gaps>0</Hsp_gaps>
      <Hsp_align-len>39</Hsp_align-len>
      <Hsp_qseq>LSFRDIAPQAPMHILIIPKSKDGLTGLSKAEERHSEILG</Hsp_qseq>
      <Hsp_hseq>LAFRDISPQAPVHIIIIPKVKDGLSRLSKVEERHVEVMG</Hsp_hseq>
      <Hsp_midline>L+FRDI+PQAP+HI+IIPK KDGL+ LSK EERH E++G</Hsp_midline>
    </Hsp>
  </Hit_hsps>
</Hit>
<Hit>
  <Hit_num>3</Hit_num>
  <Hit_id>Gh_A11G2949_Gossypium_hirsutum|CPP|CPP_family_protein</Hit_id>
  <Hit_def>No definition line</Hit_def>
  <Hit_accession>Gh_A11G2949_Gossypium_hirsutum|CPP|CPP_family_protein</Hit_accession>
  <Hit_len>483</Hit_len>
  <Hit_hsps>
    <Hsp>
      <Hsp_num>1</Hsp_num>
      <Hsp_bit-score>53.5286</Hsp_bit-score>
      <Hsp_score>127</Hsp_score>
      <Hsp_evalue>1.59794e-09</Hsp_evalue>
      <Hsp_query-from>12</Hsp_query-from>
      <Hsp_query-to>38</Hsp_query-to>
      <Hsp_hit-from>415</Hsp_hit-from>
      <Hsp_hit-to>441</Hsp_hit-to>
      <Hsp_query-frame>0</Hsp_query-frame>
      <Hsp_hit-frame>0</Hsp_hit-frame>
      <Hsp_identity>22</Hsp_identity>
      <Hsp_positive>25</Hsp_positive>
      <Hsp_gaps>0</Hsp_gaps>
      <Hsp_align-len>27</Hsp_align-len>
      <Hsp_qseq>LSFRDIAPQAPMHILIIPKSKDGLTGL</Hsp_qseq>
      <Hsp_hseq>LAFRDIAPQAPTHVLIIPKSKDGLSAL</Hsp_hseq>
      <Hsp_midline>L+FRDIAPQAP H+LIIPKSKDGL+ L</Hsp_midline>
    </Hsp>
  </Hit_hsps>
</Hit>
</Iteration_hits>
  <Iteration_stat>
    <Statistics>
      <Statistics_db-num>320370</Statistics_db-num>
      <Statistics_db-len>120557712</Statistics_db-len>
      <Statistics_hsp-len>24</Statistics_hsp-len>
      <Statistics_eff-space>3047458464</Statistics_eff-space>
      <Statistics_kappa>0.041</Statistics_kappa>
      <Statistics_lambda>0.267</Statistics_lambda>
      <Statistics_entropy>0.14</Statistics_entropy>
    </Statistics>
  </Iteration_stat>
</Iteration>
<Iteration>
  <Iteration_iter-num>3</Iteration_iter-num>
  <Iteration_query-ID>Query_3</Iteration_query-ID>
  <Iteration_query-def>Ga01g00001.N8_CDS</Iteration_query-def>
  <Iteration_query-len>51</Iteration_query-len>
<Iteration_hits>
<Hit>
  <Hit_num>1</Hit_num>
  <Hit_id>BGIOSGA000613-PA_Oryza_sativa_subsp._indica|bZIP|bZIP_family_protein</Hit_id>
  <Hit_def>No definition line</Hit_def>
  <Hit_accession>BGIOSGA000613-PA_Oryza_sativa_subsp._indica|bZIP|bZIP_family_protein</Hit_accession>
  <Hit_len>443</Hit_len>
  <Hit_hsps>
    <Hsp>
      <Hsp_num>1</Hsp_num>
      <Hsp_bit-score>69.3218</Hsp_bit-score>
      <Hsp_score>168</Hsp_score>
      <Hsp_evalue>4.20807e-15</Hsp_evalue>
      <Hsp_query-from>12</Hsp_query-from>
      <Hsp_query-to>50</Hsp_query-to>
      <Hsp_hit-from>365</Hsp_hit-from>
      <Hsp_hit-to>403</Hsp_hit-to>
      <Hsp_query-frame>0</Hsp_query-frame>
      <Hsp_hit-frame>0</Hsp_hit-frame>
      <Hsp_identity>29</Hsp_identity>
      <Hsp_positive>36</Hsp_positive>
      <Hsp_gaps>0</Hsp_gaps>
      <Hsp_align-len>39</Hsp_align-len>
      <Hsp_qseq>LSFRDIAPQAPMHILIIPKSKDGLTGLSKAEERHSEILG</Hsp_qseq>
      <Hsp_hseq>LAFRDISPQAPVHIIIIPKVKDGLSRLSKAEERHVEVMG</Hsp_hseq>
      <Hsp_midline>L+FRDI+PQAP+HI+IIPK KDGL+ LSKAEERH E++G</Hsp_midline>
    </Hsp>
  </Hit_hsps>
</Hit>
<Hit>
  <Hit_num>2</Hit_num>
  <Hit_id>KN538701.1_FGP001_Oryza_longistaminata|bZIP|bZIP_family_protein</Hit_id>
  <Hit_def>No definition line</Hit_def>
  <Hit_accession>KN538701.1_FGP001_Oryza_longistaminata|bZIP|bZIP_family_protein</Hit_accession>
  <Hit_len>448</Hit_len>
  <Hit_hsps>
    <Hsp>
      <Hsp_num>1</Hsp_num>
      <Hsp_bit-score>67.0106</Hsp_bit-score>
      <Hsp_score>162</Hsp_score>
      <Hsp_evalue>2.79e-14</Hsp_evalue>
      <Hsp_query-from>12</Hsp_query-from>
      <Hsp_query-to>50</Hsp_query-to>
      <Hsp_hit-from>360</Hsp_hit-from>
      <Hsp_hit-to>398</Hsp_hit-to>
      <Hsp_query-frame>0</Hsp_query-frame>
      <Hsp_hit-frame>0</Hsp_hit-frame>
      <Hsp_identity>28</Hsp_identity>
      <Hsp_positive>35</Hsp_positive>
      <Hsp_gaps>0</Hsp_gaps>
      <Hsp_align-len>39</Hsp_align-len>
      <Hsp_qseq>LSFRDIAPQAPMHILIIPKSKDGLTGLSKAEERHSEILG</Hsp_qseq>
      <Hsp_hseq>LAFRDISPQAPVHIIIIPKVKDGLSRLSKVEERHVEVMG</Hsp_hseq>
      <Hsp_midline>L+FRDI+PQAP+HI+IIPK KDGL+ LSK EERH E++G</Hsp_midline>
    </Hsp>
  </Hit_hsps>
</Hit>
<Hit>
  <Hit_num>3</Hit_num>
  <Hit_id>Gh_A11G2949_Gossypium_hirsutum|CPP|CPP_family_protein</Hit_id>
  <Hit_def>No definition line</Hit_def>
  <Hit_accession>Gh_A11G2949_Gossypium_hirsutum|CPP|CPP_family_protein</Hit_accession>
  <Hit_len>483</Hit_len>
  <Hit_hsps>
    <Hsp>
      <Hsp_num>1</Hsp_num>
      <Hsp_bit-score>53.5286</Hsp_bit-score>
      <Hsp_score>127</Hsp_score>
      <Hsp_evalue>1.59794e-09</Hsp_evalue>
      <Hsp_query-from>12</Hsp_query-from>
      <Hsp_query-to>38</Hsp_query-to>
      <Hsp_hit-from>415</Hsp_hit-from>
      <Hsp_hit-to>441</Hsp_hit-to>
      <Hsp_query-frame>0</Hsp_query-frame>
      <Hsp_hit-frame>0</Hsp_hit-frame>
      <Hsp_identity>22</Hsp_identity>
      <Hsp_positive>25</Hsp_positive>
      <Hsp_gaps>0</Hsp_gaps>
      <Hsp_align-len>27</Hsp_align-len>
      <Hsp_qseq>LSFRDIAPQAPMHILIIPKSKDGLTGL</Hsp_qseq>
      <Hsp_hseq>LAFRDIAPQAPTHVLIIPKSKDGLSAL</Hsp_hseq>
      <Hsp_midline>L+FRDIAPQAP H+LIIPKSKDGL+ L</Hsp_midline>
    </Hsp>
  </Hit_hsps>
</Hit>
</Iteration_hits>
  <Iteration_stat>
    <Statistics>
      <Statistics_db-num>320370</Statistics_db-num>
      <Statistics_db-len>120557712</Statistics_db-len>
      <Statistics_hsp-len>24</Statistics_hsp-len>
      <Statistics_eff-space>3047458464</Statistics_eff-space>
      <Statistics_kappa>0.041</Statistics_kappa>
      <Statistics_lambda>0.267</Statistics_lambda>
      <Statistics_entropy>0.14</Statistics_entropy>
    </Statistics>
  </Iteration_stat>
</Iteration>
</BlastOutput_iterations>
</BlastOutput>

